Component: ARM Compiler 5.05 update 1 (build 106) Tool: armlink [4d0efa]

==============================================================================

Section Cross References

    startup_stm32f10x_hd.o(STACK) refers (Special) to heapauxi.o(.text) for __use_two_region_memory
    startup_stm32f10x_hd.o(HEAP) refers (Special) to heapauxi.o(.text) for __use_two_region_memory
    startup_stm32f10x_hd.o(RESET) refers (Special) to heapauxi.o(.text) for __use_two_region_memory
    startup_stm32f10x_hd.o(RESET) refers to startup_stm32f10x_hd.o(STACK) for __initial_sp
    startup_stm32f10x_hd.o(RESET) refers to startup_stm32f10x_hd.o(.text) for Reset_Handler
    startup_stm32f10x_hd.o(RESET) refers to wdg.o(i.WWDG_IRQHandler) for WWDG_IRQHandler
    startup_stm32f10x_hd.o(RESET) refers to rtc.o(i.RTC_IRQHandler) for RTC_IRQHandler
    startup_stm32f10x_hd.o(RESET) refers to wkup.o(i.EXTI0_IRQHandler) for EXTI0_IRQHandler
    startup_stm32f10x_hd.o(RESET) refers to time.o(i.TIM3_IRQHandler) for TIM3_IRQHandler
    startup_stm32f10x_hd.o(RESET) refers to usmart.o(i.TIM4_IRQHandler) for TIM4_IRQHandler
    startup_stm32f10x_hd.o(RESET) refers to usart.o(i.USART1_IRQHandler) for USART1_IRQHandler
    startup_stm32f10x_hd.o(RESET) refers to time.o(i.TIM5_IRQHandler) for TIM5_IRQHandler
    startup_stm32f10x_hd.o(.text) refers (Special) to heapauxi.o(.text) for __use_two_region_memory
    startup_stm32f10x_hd.o(.text) refers to __main.o(!!!main) for __main
    startup_stm32f10x_hd.o(.text) refers to startup_stm32f10x_hd.o(HEAP) for Heap_Mem
    startup_stm32f10x_hd.o(.text) refers to startup_stm32f10x_hd.o(STACK) for Stack_Mem
    test.o(i.main) refers to sys.o(i.Stm32_Clock_Init) for Stm32_Clock_Init
    test.o(i.main) refers to usart.o(i.uart_init) for uart_init
    test.o(i.main) refers to delay.o(i.delay_init) for delay_init
    test.o(i.main) refers to led.o(i.LED_Init) for LED_Init
    test.o(i.main) refers to wkup.o(i.WKUP_Init) for WKUP_Init
    test.o(i.main) refers to ili93xx.o(i.LCD_Init) for LCD_Init
    test.o(i.main) refers to ili93xx.o(i.LCD_ShowString) for LCD_ShowString
    test.o(i.main) refers to delay.o(i.delay_ms) for delay_ms
    test.o(i.main) refers to ili93xx.o(.data) for POINT_COLOR
    delay.o(i.delay_init) refers to delay.o(.data) for fac_us
    delay.o(i.delay_ms) refers to delay.o(.data) for fac_ms
    delay.o(i.delay_us) refers to delay.o(.data) for fac_us
    sys.o(i.MYRCC_DeInit) refers to sys.o(i.MY_NVIC_SetVectorTable) for MY_NVIC_SetVectorTable
    sys.o(i.MY_NVIC_Init) refers to sys.o(i.MY_NVIC_PriorityGroupConfig) for MY_NVIC_PriorityGroupConfig
    sys.o(i.Stm32_Clock_Init) refers to sys.o(i.MYRCC_DeInit) for MYRCC_DeInit
    sys.o(i.Sys_Standby) refers to sys.o(i.WFI_SET) for WFI_SET
    usart.o(i.USART1_IRQHandler) refers (Special) to use_no_semi_2.o(.text) for __use_no_semihosting
    usart.o(i.USART1_IRQHandler) refers to usart.o(.data) for USART_RX_STA
    usart.o(i.USART1_IRQHandler) refers to usart.o(.bss) for USART_RX_BUF
    usart.o(i._sys_exit) refers (Special) to use_no_semi_2.o(.text) for __use_no_semihosting
    usart.o(i.fputc) refers (Special) to use_no_semi_2.o(.text) for __use_no_semihosting
    usart.o(i.uart_init) refers (Special) to use_no_semi_2.o(.text) for __use_no_semihosting
    usart.o(i.uart_init) refers to fflt_clz.o(x$fpl$ffltu) for __aeabi_ui2f
    usart.o(i.uart_init) refers to fdiv.o(x$fpl$fdiv) for __aeabi_fdiv
    usart.o(i.uart_init) refers to ffixu.o(x$fpl$ffixu) for __aeabi_f2uiz
    usart.o(i.uart_init) refers to faddsub_clz.o(x$fpl$frsb) for __aeabi_frsub
    usart.o(i.uart_init) refers to fmul.o(x$fpl$fmul) for __aeabi_fmul
    usart.o(i.uart_init) refers to sys.o(i.MY_NVIC_Init) for MY_NVIC_Init
    usart.o(.bss) refers (Special) to use_no_semi_2.o(.text) for __use_no_semihosting
    usart.o(.data) refers (Special) to use_no_semi_2.o(.text) for __use_no_semihosting
    key.o(i.KEY_Scan) refers to delay.o(i.delay_ms) for delay_ms
    key.o(i.KEY_Scan) refers to key.o(.data) for key_up
    wdg.o(i.WWDG_IRQHandler) refers to wdg.o(i.WWDG_Set_Counter) for WWDG_Set_Counter
    wdg.o(i.WWDG_IRQHandler) refers to wdg.o(.data) for WWDG_CNT
    wdg.o(i.WWDG_Init) refers to sys.o(i.MY_NVIC_Init) for MY_NVIC_Init
    wdg.o(i.WWDG_Init) refers to wdg.o(.data) for WWDG_CNT
    time.o(i.TIM3_Int_Init) refers to sys.o(i.MY_NVIC_Init) for MY_NVIC_Init
    time.o(i.TIM5_Cap_Init) refers to sys.o(i.MY_NVIC_Init) for MY_NVIC_Init
    time.o(i.TIM5_IRQHandler) refers to time.o(.data) for TIM5_CAPTURE_STA
    tpad.o(i.TPAD_Get_MaxVal) refers to tpad.o(i.TPAD_Get_Val) for TPAD_Get_Val
    tpad.o(i.TPAD_Get_Val) refers to tpad.o(i.TPAD_Reset) for TPAD_Reset
    tpad.o(i.TPAD_Init) refers to _printf_percent.o(.ARM.Collect$$_printf_percent$$00000000) for _printf_percent
    tpad.o(i.TPAD_Init) refers to _printf_d.o(.ARM.Collect$$_printf_percent$$00000009) for _printf_d
[...]
    defsig.o(CL$$defsig) refers to defsig_rtmem_inner.o(.text) for __rt_SIGRTMEM_inner
    defsig_abrt_inner.o(.text) refers to defsig_general.o(.text) for __default_signal_display
    defsig_fpe_inner.o(.text) refers to defsig_general.o(.text) for __default_signal_display
    defsig_rtred_inner.o(.text) refers to defsig_general.o(.text) for __default_signal_display
    defsig_stak_inner.o(.text) refers to defsig_general.o(.text) for __default_signal_display
    defsig_pvfn_inner.o(.text) refers to defsig_general.o(.text) for __default_signal_display
    defsig_cppl_inner.o(.text) refers to defsig_general.o(.text) for __default_signal_display
    defsig_segv_inner.o(.text) refers to defsig_general.o(.text) for __default_signal_display
    defsig_other.o(.text) refers to defsig_general.o(.text) for __default_signal_display


==============================================================================

Removing Unused input sections from the image.

    Removing sys.o(.emb_text), (6 bytes).
    Removing sys.o(i.INTX_DISABLE), (4 bytes).
    Removing sys.o(i.INTX_ENABLE), (4 bytes).
    Removing sys.o(i.JTAG_Set), (48 bytes).
    Removing sys.o(i.Sys_Soft_Reset), (16 bytes).
    Removing beep.o(i.BEEP_Init), (56 bytes).
    Removing key.o(i.KEY_Init), (108 bytes).
    Removing key.o(i.KEY_Scan), (164 bytes).
    Removing key.o(.data), (1 bytes).
    Removing wdg.o(i.IWDG_Feed), (16 bytes).
    Removing wdg.o(i.IWDG_Init), (32 bytes).
    Removing wdg.o(i.WWDG_Init), (136 bytes).
    Removing time.o(i.TIM1_PWM_Init), (152 bytes).
    Removing time.o(i.TIM3_Int_Init), (80 bytes).
    Removing time.o(i.TIM3_Pwm_Init), (164 bytes).
    Removing time.o(i.TIM5_Cap_Init), (188 bytes).
    Removing tpad.o(i.TIM5_CH2_Cap_Init), (132 bytes).
    Removing tpad.o(i.TPAD_Get_MaxVal), (36 bytes).
    Removing tpad.o(i.TPAD_Get_Val), (52 bytes).
    Removing tpad.o(i.TPAD_Init), (188 bytes).
    Removing tpad.o(i.TPAD_Reset), (92 bytes).
    Removing tpad.o(i.TPAD_Scan), (84 bytes).
    Removing tpad.o(.data), (3 bytes).
    Removing ili93xx.o(i.LCD_Color_Fill), (96 bytes).
    Removing ili93xx.o(i.LCD_DisplayOff), (96 bytes).
    Removing ili93xx.o(i.LCD_DisplayOn), (96 bytes).
    Removing ili93xx.o(i.LCD_Set_Window), (532 bytes).
    Removing ili93xx.o(i.LCD_WriteRAM), (12 bytes).
    Removing rtc.o(i.RTC_Alarm_Set), (268 bytes).
    Removing rtc.o(i.RTC_Init), (404 bytes).
    Removing rtc.o(i.RTC_Set), (276 bytes).
    Removing tsensor.o(i.Adc_Init), (308 bytes).
    Removing tsensor.o(i.Get_Adc), (68 bytes).
    Removing tsensor.o(i.Get_Adc_Average), (46 bytes).
    Removing tsensor.o(i.Get_Temprate), (136 bytes).
    Removing lsens.o(i.Get_Adc3), (68 bytes).
    Removing lsens.o(i.Lsens_Get_Val), (60 bytes).
    Removing lsens.o(i.Lsens_Init), (300 bytes).
    Removing dac.o(i.Dac1_Init), (116 bytes).
    Removing dac.o(i.Dac1_Set_Vol), (88 bytes).

40 unused section(s) (total 4732 bytes) removed from the image.

==============================================================================

Image Symbol Table

    Local Symbols

    Symbol Name                              Value     Ov Type        Size  Object(Section)

    ../clib/angel/boardlib.s                 0x00000000   Number         0  boardshut.o ABSOLUTE
    ../clib/angel/boardlib.s                 0x00000000   Number         0  boardinit3.o ABSOLUTE
    ../clib/angel/boardlib.s                 0x00000000   Number         0  boardinit2.o ABSOLUTE
    ../clib/angel/boardlib.s                 0x00000000   Number         0  boardinit1.o ABSOLUTE
    ../clib/angel/dczerorl2.s                0x00000000   Number         0  __dczerorl2.o ABSOLUTE
    ../clib/angel/handlers.s                 0x00000000   Number         0  __scatter_zi.o ABSOLUTE
    ../clib/angel/kernel.s                   0x00000000   Number         0  __rtentry4.o ABSOLUTE
    ../clib/angel/kernel.s                   0x00000000   Number         0  rtexit2.o ABSOLUTE
    ../clib/angel/kernel.s                   0x00000000   Number         0  rtexit.o ABSOLUTE
    ../clib/angel/kernel.s                   0x00000000   Number         0  __rtentry.o ABSOLUTE
    ../clib/angel/kernel.s                   0x00000000   Number         0  __rtentry2.o ABSOLUTE
    ../clib/angel/rt.s                       0x00000000   Number         0  rt_raise.o ABSOLUTE
    ../clib/angel/scatter.s                  0x00000000   Number         0  __scatter.o ABSOLUTE
    ../clib/angel/startup.s                  0x00000000   Number         0  __main.o ABSOLUTE
    ../clib/angel/sys.s                      0x00000000   Number         0  libspace.o ABSOLUTE
    ../clib/angel/sys.s                      0x00000000   Number         0  indicate_semi.o ABSOLUTE
    ../clib/angel/sys.s                      0x00000000   Number         0  use_no_semi.o ABSOLUTE
    ../clib/angel/sys.s                      0x00000000   Number         0  sys_stackheap_outer.o ABSOLUTE
    ../clib/angel/sys.s                      0x00000000   Number         0  use_no_semi_2.o ABSOLUTE
    ../clib/angel/sysapp.c                   0x00000000   Number         0  sys_command.o ABSOLUTE
    ../clib/angel/sysapp.c                   0x00000000   Number         0  sys_wrch.o ABSOLUTE
    ../clib/armsys.c                         0x00000000   Number         0  argv_veneer.o ABSOLUTE
    ../clib/armsys.c                         0x00000000   Number         0  no_argv.o ABSOLUTE
    ../clib/armsys.c                         0x00000000   Number         0  _get_argv_nomalloc.o ABSOLUTE
    ../clib/armsys.c                         0x00000000   Number         0  argv_veneer.o ABSOLUTE
    ../clib/heapalloc.c                      0x00000000   Number         0  hrguard.o ABSOLUTE
    ../clib/heapaux.c                        0x00000000   Number         0  heapauxi.o ABSOLUTE
    ../clib/libinit.s                        0x00000000   Number         0  libshutdown.o ABSOLUTE
    ../clib/libinit.s                        0x00000000   Number         0  libshutdown2.o ABSOLUTE
    ../clib/libinit.s                        0x00000000   Number         0  libinit2.o ABSOLUTE
    ../clib/libinit.s                        0x00000000   Number         0  libinit.o ABSOLUTE
    ../clib/misc.s                           0x00000000   Number         0  printf_stubs.o ABSOLUTE
    ../clib/printf.c                         0x00000000   Number         0  __printf.o ABSOLUTE
    ../clib/printf.c                         0x00000000   Number         0  noretval__2printf.o ABSOLUTE
    ../clib/printf.c                         0x00000000   Number         0  __printf_nopercent.o ABSOLUTE
    ../clib/printf.c                         0x00000000   Number         0  __2printf.o ABSOLUTE
    ../clib/printf.c                         0x00000000   Number         0  __printf_flags_ss_wp.o ABSOLUTE
    ../clib/printf.c                         0x00000000   Number         0  __printf_ss_wp.o ABSOLUTE
    ../clib/printf.c                         0x00000000   Number         0  __printf_flags_wp.o ABSOLUTE
    ../clib/printf.c                         0x00000000   Number         0  _printf_hex_int.o ABSOLUTE
    ../clib/printf.c                         0x00000000   Number         0  __printf_wp.o ABSOLUTE
    ../clib/printf.c                         0x00000000   Number         0  _printf_char_common.o ABSOLUTE
    ../clib/printf.c                         0x00000000   Number         0  _printf_char_file.o ABSOLUTE
    ../clib/printf.c                         0x00000000   Number         0  __printf_flags_ss.o ABSOLUTE
    ../clib/printf.c                         0x00000000   Number         0  __printf_ss.o ABSOLUTE
    ../clib/printf.c                         0x00000000   Number         0  __printf_flags.o ABSOLUTE
    ../clib/printf.c                         0x00000000   Number         0  _printf_hex_int_ll_ptr.o ABSOLUTE
    ../clib/printf.c                         0x00000000   Number         0  _printf_hex_ll_ptr.o ABSOLUTE
    ../clib/printf.c                         0x00000000   Number         0  _printf_char.o ABSOLUTE
    ../clib/printf.c                         0x00000000   Number         0  _printf_hex_int_ptr.o ABSOLUTE
    ../clib/printf.c                         0x00000000   Number         0  _printf_hex_ptr.o ABSOLUTE
    ../clib/printf.c                         0x00000000   Number         0  _printf_intcommon.o ABSOLUTE
    ../clib/printf.c                         0x00000000   Number         0  _printf_hex_int_ll.o ABSOLUTE
    ../clib/printf.c                         0x00000000   Number         0  _printf_hex_ll.o ABSOLUTE
    ../clib/printf.c                         0x00000000   Number         0  _printf_dec.o ABSOLUTE
    ../clib/printf.c                         0x00000000   Number         0  _printf_str.o ABSOLUTE
    ../clib/printf.c                         0x00000000   Number         0  _printf_pad.o ABSOLUTE
    ../clib/printf_percent.s                 0x00000000   Number         0  _printf_c.o ABSOLUTE
    ../clib/printf_percent.s                 0x00000000   Number         0  _printf_s.o ABSOLUTE
    ../clib/printf_percent.s                 0x00000000   Number         0  _printf_d.o ABSOLUTE
    ../clib/printf_percent.s                 0x00000000   Number         0  _printf_x.o ABSOLUTE
    ../clib/printf_percent.s                 0x00000000   Number         0  _printf_u.o ABSOLUTE
    ../clib/printf_percent.s                 0x00000000   Number         0  _printf_percent_end.o ABSOLUTE
    ../clib/printf_percent.s                 0x00000000   Number         0  _printf_percent.o ABSOLUTE
    ../clib/signal.c                         0x00000000   Number         0  defsig_rtmem_outer.o ABSOLUTE
    ../clib/signal.c                         0x00000000   Number         0  defsig_other.o ABSOLUTE
    ../clib/signal.c                         0x00000000   Number         0  defsig_rtred_inner.o ABSOLUTE
    ../clib/signal.c                         0x00000000   Number         0  defsig_segv_inner.o ABSOLUTE
    ../clib/signal.c                         0x00000000   Number         0  defsig_cppl_inner.o ABSOLUTE
    ../clib/signal.c                         0x00000000   Number         0  defsig_pvfn_inner.o ABSOLUTE
    ../clib/signal.c                         0x00000000   Number         0  defsig_stak_inner.o ABSOLUTE
    ../clib/signal.c                         0x00000000   Number         0  defsig_fpe_inner.o ABSOLUTE
    ../clib/signal.c                         0x00000000   Number         0  defsig_abrt_inner.o ABSOLUTE
    ../clib/signal.c                         0x00000000   Number         0  defsig_general.o ABSOLUTE
    ../clib/signal.c                         0x00000000   Number         0  __raise.o ABSOLUTE
    ../clib/signal.c                         0x00000000   Number         0  defsig_rtmem_inner.o ABSOLUTE
    ../clib/signal.c                         0x00000000   Number         0  defsig_exit.o ABSOLUTE
    ../clib/signal.c                         0x00000000   Number         0  defsig_rtmem_formal.o ABSOLUTE
    ../clib/signal.s                         0x00000000   Number         0  defsig.o ABSOLUTE
    ../clib/stdio.c                          0x00000000   Number         0  ferror.o ABSOLUTE
    ../clib/stdio.c                          0x00000000   Number         0  ferror_locked.o ABSOLUTE
    ../clib/stdlib.c                         0x00000000   Number         0  exit.o ABSOLUTE
    ../fplib/d2f.s                           0x00000000   Number         0  d2f.o ABSOLUTE
    ../fplib/daddsub.s                       0x00000000   Number         0  daddsub_clz.o ABSOLUTE
    ../fplib/ddiv.s                          0x00000000   Number         0  ddiv.o ABSOLUTE
    ../fplib/dfix.s                          0x00000000   Number         0  dfix.o ABSOLUTE
    ../fplib/dfixu.s                         0x00000000   Number         0  dfixu.o ABSOLUTE
    ../fplib/dflt.s                          0x00000000   Number         0  dflt_clz.o ABSOLUTE
    ../fplib/dmul.s                          0x00000000   Number         0  dmul.o ABSOLUTE
    ../fplib/dnaninf.s                       0x00000000   Number         0  dnaninf.o ABSOLUTE
    ../fplib/dretinf.s                       0x00000000   Number         0  dretinf.o ABSOLUTE
    ../fplib/f2d.s                           0x00000000   Number         0  f2d.o ABSOLUTE
    ../fplib/faddsub.s                       0x00000000   Number         0  faddsub_clz.o ABSOLUTE
    ../fplib/fdiv.s                          0x00000000   Number         0  fdiv.o ABSOLUTE
    ../fplib/ffixu.s                         0x00000000   Number         0  ffixu.o ABSOLUTE
    ../fplib/fflt.s                          0x00000000   Number         0  fflt_clz.o ABSOLUTE
    ../fplib/fmul.s                          0x00000000   Number         0  fmul.o ABSOLUTE
    ../fplib/fnaninf.s                       0x00000000   Number         0  fnaninf.o ABSOLUTE
    ../fplib/fpinit.s                        0x00000000   Number         0  fpinit.o ABSOLUTE
    ../fplib/fretinf.s                       0x00000000   Number         0  fretinf.o ABSOLUTE
    ../fplib/usenofp.s                       0x00000000   Number         0  usenofp.o ABSOLUTE
    ..\HARDWARE\BEEP\beep.c                  0x00000000   Number         0  beep.o ABSOLUTE
    ..\HARDWARE\DAC\dac.c                    0x00000000   Number         0  dac.o ABSOLUTE
    ..\HARDWARE\ITEMP\tsensor.c              0x00000000   Number         0  tsensor.o ABSOLUTE
    ..\HARDWARE\KEY\key.c                    0x00000000   Number         0  key.o ABSOLUTE
    ..\HARDWARE\LCD\ILI93xx.c                0x00000000   Number         0  ili93xx.o ABSOLUTE
    ..\HARDWARE\LED\led.c                    0x00000000   Number         0  led.o ABSOLUTE
    ..\HARDWARE\LSENS\lsens.c                0x00000000   Number         0  lsens.o ABSOLUTE
    ..\HARDWARE\RTC\rtc.c                    0x00000000   Number         0  rtc.o ABSOLUTE
    ..\HARDWARE\TIME\time.c                  0x00000000   Number         0  time.o ABSOLUTE
    ..\HARDWARE\TPAD\tpad.c                  0x00000000   Number         0  tpad.o ABSOLUTE
    ..\HARDWARE\WDG\wdg.c                    0x00000000   Number         0  wdg.o ABSOLUTE
    ..\HARDWARE\WKUP\wkup.c                  0x00000000   Number         0  wkup.o ABSOLUTE
    ..\SYSTEM\delay\delay.c                  0x00000000   Number         0  delay.o ABSOLUTE
    ..\SYSTEM\sys\sys.c                      0x00000000   Number         0  sys.o ABSOLUTE
    ..\SYSTEM\usart\usart.c                  0x00000000   Number         0  usart.o ABSOLUTE
    ..\USMART\usmart.c                       0x00000000   Number         0  usmart.o ABSOLUTE
    ..\USMART\usmart_config.c                0x00000000   Number         0  usmart_config.o ABSOLUTE
    ..\USMART\usmart_str.c                   0x00000000   Number         0  usmart_str.o ABSOLUTE
    ..\\SYSTEM\\sys\\sys.c                   0x00000000   Number         0  sys.o ABSOLUTE
    dc.s                                     0x00000000   Number         0  dc.o ABSOLUTE
    startup_stm32f10x_hd.s                   0x00000000   Number         0  startup_stm32f10x_hd.o ABSOLUTE
    test.c                                   0x00000000   Number         0  test.o ABSOLUTE
    RESET                                    0x08000000   Section      304  startup_stm32f10x_hd.o(RESET)
    !!!main                                  0x08000130   Section        8  __main.o(!!!main)
    !!!scatter                               0x08000138   Section       52  __scatter.o(!!!scatter)
    !!dczerorl2                              0x0800016c   Section       90  __dczerorl2.o(!!dczerorl2)
    !!handler_zi                             0x080001c8   Section       28  __scatter_zi.o(!!handler_zi)
    .ARM.Collect$$_printf_percent$$00000000  0x080001e4   Section        0  _printf_percent.o(.ARM.Collect$$_printf_percent$$00000000)
    .ARM.Collect$$_printf_percent$$00000009  0x080001e4   Section        6  _printf_d.o(.ARM.Collect$$_printf_percent$$00000009)
    .ARM.Collect$$_printf_percent$$0000000A  0x080001ea   Section        6  _printf_u.o(.ARM.Collect$$_printf_percent$$0000000A)
    .ARM.Collect$$_printf_percent$$0000000C  0x080001f0   Section        6  _printf_x.o(.ARM.Collect$$_printf_percent$$0000000C)
    .ARM.Collect$$_printf_percent$$00000013  0x080001f6   Section        6  _printf_c.o(.ARM.Collect$$_printf_percent$$00000013)
    .ARM.Collect$$_printf_percent$$00000014  0x080001fc   Section        6  _printf_s.o(.ARM.Collect$$_printf_percent$$00000014)
    .ARM.Collect$$_printf_percent$$00000017  0x08000202   Section        4  _printf_percent_end.o(.ARM.Collect$$_printf_percent$$00000017)
    .ARM.Collect$$libinit$$00000000          0x08000206   Section        2  libinit.o(.ARM.Collect$$libinit$$00000000)
    .ARM.Collect$$libinit$$00000002          0x08000208   Section        0  libinit2.o(.ARM.Collect$$libinit$$00000002)
    .ARM.Collect$$libinit$$00000004          0x08000208   Section        0  libinit2.o(.ARM.Collect$$libinit$$00000004)
    .ARM.Collect$$libinit$$0000000A          0x08000208   Section        0  libinit2.o(.ARM.Collect$$libinit$$0000000A)
    .ARM.Collect$$libinit$$0000000C          0x08000208   Section        0  libinit2.o(.ARM.Collect$$libinit$$0000000C)
    .ARM.Collect$$libinit$$0000000E          0x08000208   Section        0  libinit2.o(.ARM.Collect$$libinit$$0000000E)
    .ARM.Collect$$libinit$$00000011          0x08000208   Section        0  libinit2.o(.ARM.Collect$$libinit$$00000011)
    .ARM.Collect$$libinit$$00000013          0x08000208   Section        0  libinit2.o(.ARM.Collect$$libinit$$00000013)
    .ARM.Collect$$libinit$$00000015          0x08000208   Section        0  libinit2.o(.ARM.Collect$$libinit$$00000015)
    .ARM.Collect$$libinit$$00000017          0x08000208   Section        0  libinit2.o(.ARM.Collect$$libinit$$00000017)
    .ARM.Collect$$libinit$$00000019          0x08000208   Section        0  libinit2.o(.ARM.Collect$$libinit$$00000019)
    .ARM.Collect$$libinit$$0000001B          0x08000208   Section        0  libinit2.o(.ARM.Collect$$libinit$$0000001B)
    .ARM.Collect$$libinit$$0000001D          0x08000208   Section        0  libinit2.o(.ARM.Collect$$libinit$$0000001D)
    .ARM.Collect$$libinit$$0000001F          0x08000208   Section        0  libinit2.o(.ARM.Collect$$libinit$$0000001F)
    .ARM.Collect$$libinit$$00000021          0x08000208   Section        0  libinit2.o(.ARM.Collect$$libinit$$00000021)
    .ARM.Collect$$libinit$$00000023          0x08000208   Section        0  libinit2.o(.ARM.Collect$$libinit$$00000023)
    .ARM.Collect$$libinit$$00000025          0x08000208   Section        0  libinit2.o(.ARM.Collect$$libinit$$00000025)
    .ARM.Collect$$libinit$$0000002C          0x08000208   Section        0  libinit2.o(.ARM.Collect$$libinit$$0000002C)
    .ARM.Collect$$libinit$$0000002E          0x08000208   Section        0  libinit2.o(.ARM.Collect$$libinit$$0000002E)
    .ARM.Collect$$libinit$$00000030          0x08000208   Section        0  libinit2.o(.ARM.Collect$$libinit$$00000030)
    .ARM.Collect$$libinit$$00000032          0x08000208   Section        0  libinit2.o(.ARM.Collect$$libinit$$00000032)
    .ARM.Collect$$libinit$$00000033          0x08000208   Section        2  libinit2.o(.ARM.Collect$$libinit$$00000033)
    .ARM.Collect$$libshutdown$$00000000      0x0800020a   Section        2  libshutdown.o(.ARM.Collect$$libshutdown$$00000000)
    .ARM.Collect$$libshutdown$$00000003      0x0800020c   Section        0  libshutdown2.o(.ARM.Collect$$libshutdown$$00000003)
    .ARM.Collect$$libshutdown$$00000006      0x0800020c   Section        0  libshutdown2.o(.ARM.Collect$$libshutdown$$00000006)
    .ARM.Collect$$libshutdown$$00000009      0x0800020c   Section        0  libshutdown2.o(.ARM.Collect$$libshutdown$$00000009)
    .ARM.Collect$$libshutdown$$0000000B      0x0800020c   Section        0  libshutdown2.o(.ARM.Collect$$libshutdown$$0000000B)
    .ARM.Collect$$libshutdown$$0000000E      0x0800020c   Section        0  libshutdown2.o(.ARM.Collect$$libshutdown$$0000000E)
    .ARM.Collect$$libshutdown$$0000000F      0x0800020c   Section        2  libshutdown2.o(.ARM.Collect$$libshutdown$$0000000F)
    .ARM.Collect$$rtentry$$00000000          0x0800020e   Section        0  __rtentry.o(.ARM.Collect$$rtentry$$00000000)
    .ARM.Collect$$rtentry$$00000002          0x0800020e   Section        0  __rtentry2.o(.ARM.Collect$$rtentry$$00000002)
    .ARM.Collect$$rtentry$$00000004          0x0800020e   Section        6  __rtentry4.o(.ARM.Collect$$rtentry$$00000004)
    .ARM.Collect$$rtentry$$00000009          0x08000214   Section        0  __rtentry2.o(.ARM.Collect$$rtentry$$00000009)
    .ARM.Collect$$rtentry$$0000000A          0x08000214   Section        4  __rtentry2.o(.ARM.Collect$$rtentry$$0000000A)
    .ARM.Collect$$rtentry$$0000000C          0x08000218   Section        0  __rtentry2.o(.ARM.Collect$$rtentry$$0000000C)
    .ARM.Collect$$rtentry$$0000000D          0x08000218   Section        8  __rtentry2.o(.ARM.Collect$$rtentry$$0000000D)
    .ARM.Collect$$rtexit$$00000000           0x08000220   Section        2  rtexit.o(.ARM.Collect$$rtexit$$00000000)
    .ARM.Collect$$rtexit$$00000002           0x08000222   Section        0  rtexit2.o(.ARM.Collect$$rtexit$$00000002)
    .ARM.Collect$$rtexit$$00000003           0x08000222   Section        4  rtexit2.o(.ARM.Collect$$rtexit$$00000003)
    .ARM.Collect$$rtexit$$00000004           0x08000226   Section        6  rtexit2.o(.ARM.Collect$$rtexit$$00000004)
    .text                                    0x0800022c   Section       52  startup_stm32f10x_hd.o(.text)
    .text                                    0x08000260   Section        2  use_no_semi_2.o(.text)
    .text                                    0x08000264   Section        0  noretval__2printf.o(.text)
    .text                                    0x0800027c   Section        0  _printf_pad.o(.text)
    .text                                    0x080002ca   Section        0  _printf_str.o(.text)
    .text                                    0x0800031c   Section        0  _printf_dec.o(.text)
    .text                                    0x08000394   Section        0  _printf_hex_int.o(.text)
    .text                                    0x080003ec   Section        0  __printf_flags_ss_wp.o(.text)
    .text                                    0x08000574   Section        0  heapauxi.o(.text)
    .text                                    0x0800057a   Section        2  use_no_semi.o(.text)
    .text                                    0x0800057c   Section        0  _printf_intcommon.o(.text)
    .text                                    0x0800062e   Section        0  _printf_char.o(.text)
    .text                                    0x0800065c   Section        0  _printf_char_file.o(.text)
    .text                                    0x08000680   Section        0  _printf_char_common.o(.text)
    _printf_input_char                       0x08000681   Thumb Code    10  _printf_char_common.o(.text)
    .text                                    0x080006b0   Section        0  ferror.o(.text)
    .text                                    0x080006b8   Section       74  sys_stackheap_outer.o(.text)
    .text                                    0x08000702   Section        0  exit.o(.text)
    .text                                    0x08000710   Section        8  libspace.o(.text)
    i.Check_WKUP                             0x08000718   Section        0  wkup.o(i.Check_WKUP)
    i.EXTI0_IRQHandler                       0x08000758   Section        0  wkup.o(i.EXTI0_IRQHandler)
    i.Ex_NVIC_Config                         0x08000770   Section        0  sys.o(i.Ex_NVIC_Config)
    i.Is_Leap_Year                           0x08000810   Section        0  rtc.o(i.Is_Leap_Year)
    i.LCD_BGR2RGB                            0x0800084a   Section        0  ili93xx.o(i.LCD_BGR2RGB)
    i.LCD_Clear                              0x08000864   Section        0  ili93xx.o(i.LCD_Clear)
    i.LCD_Display_Dir                        0x080008d0   Section        0  ili93xx.o(i.LCD_Display_Dir)
    i.LCD_DrawLine                           0x08000a90   Section        0  ili93xx.o(i.LCD_DrawLine)
    i.LCD_DrawPoint                          0x08000b40   Section        0  ili93xx.o(i.LCD_DrawPoint)
    i.LCD_DrawRectangle                      0x08000b64   Section        0  ili93xx.o(i.LCD_DrawRectangle)
    i.LCD_Draw_Circle                        0x08000ba0   Section        0  ili93xx.o(i.LCD_Draw_Circle)
    i.LCD_Fast_DrawPoint                     0x08000c38   Section        0  ili93xx.o(i.LCD_Fast_DrawPoint)
    i.LCD_Fill                               0x08000db4   Section        0  ili93xx.o(i.LCD_Fill)
    i.LCD_Init                               0x08000e70   Section        0  ili93xx.o(i.LCD_Init)
    i.LCD_Pow                                0x08004640   Section        0  ili93xx.o(i.LCD_Pow)
    i.LCD_RD_DATA                            0x08004658   Section        0  ili93xx.o(i.LCD_RD_DATA)
    i.LCD_ReadPoint                          0x0800466c   Section        0  ili93xx.o(i.LCD_ReadPoint)
    i.LCD_ReadReg                            0x080047d8   Section        0  ili93xx.o(i.LCD_ReadReg)
    i.LCD_SSD_BackLightSet                   0x080047f0   Section        0  ili93xx.o(i.LCD_SSD_BackLightSet)
    i.LCD_Scan_Dir                           0x08004844   Section        0  ili93xx.o(i.LCD_Scan_Dir)
    i.LCD_SetCursor                          0x08004b30   Section        0  ili93xx.o(i.LCD_SetCursor)
    i.LCD_ShowChar                           0x08004cd8   Section        0  ili93xx.o(i.LCD_ShowChar)
    i.LCD_ShowNum                            0x08004e00   Section        0  ili93xx.o(i.LCD_ShowNum)
    i.LCD_ShowString                         0x08004e94   Section        0  ili93xx.o(i.LCD_ShowString)
    i.LCD_ShowxNum                           0x08004efa   Section        0  ili93xx.o(i.LCD_ShowxNum)
    i.LCD_WR_DATA                            0x08004fb8   Section        0  ili93xx.o(i.LCD_WR_DATA)
    i.LCD_WR_REG                             0x08004fc4   Section        0  ili93xx.o(i.LCD_WR_REG)
    i.LCD_WriteRAM_Prepare                   0x08004fd0   Section        0  ili93xx.o(i.LCD_WriteRAM_Prepare)
    i.LCD_WriteReg                           0x08004fe4   Section        0  ili93xx.o(i.LCD_WriteReg)
    i.LED_Init                               0x08004ff4   Section        0  led.o(i.LED_Init)
    i.MYRCC_DeInit                           0x08005064   Section        0  sys.o(i.MYRCC_DeInit)
    i.MY_NVIC_Init                           0x080050cc   Section        0  sys.o(i.MY_NVIC_Init)
    i.MY_NVIC_PriorityGroupConfig            0x08005144   Section        0  sys.o(i.MY_NVIC_PriorityGroupConfig)
    i.MY_NVIC_SetVectorTable                 0x0800516c   Section        0  sys.o(i.MY_NVIC_SetVectorTable)
    i.RTC_Get                                0x08005180   Section        0  rtc.o(i.RTC_Get)
    i.RTC_Get_Week                           0x08005288   Section        0  rtc.o(i.RTC_Get_Week)
    i.RTC_IRQHandler                         0x08005300   Section        0  rtc.o(i.RTC_IRQHandler)
    i.Stm32_Clock_Init                       0x08005390   Section        0  sys.o(i.Stm32_Clock_Init)
    i.Sys_Enter_Standby                      0x08005420   Section        0  wkup.o(i.Sys_Enter_Standby)
    i.Sys_Standby                            0x08005438   Section        0  sys.o(i.Sys_Standby)
    i.TIM3_IRQHandler                        0x08005484   Section        0  time.o(i.TIM3_IRQHandler)
    i.TIM4_IRQHandler                        0x080054b4   Section        0  usmart.o(i.TIM4_IRQHandler)
    i.TIM5_IRQHandler                        0x080054f0   Section        0  time.o(i.TIM5_IRQHandler)
    i.Timer4_Init                            0x080055b4   Section        0  usmart.o(i.Timer4_Init)
    i.USART1_IRQHandler                      0x08005604   Section        0  usart.o(i.USART1_IRQHandler)
    i.WFI_SET                                0x08005688   Section        0  sys.o(i.WFI_SET)
    i.WKUP_Init                              0x0800568c   Section        0  wkup.o(i.WKUP_Init)
    i.WWDG_IRQHandler                        0x080056dc   Section        0  wdg.o(i.WWDG_IRQHandler)
    i.WWDG_Set_Counter                       0x0800570c   Section        0  wdg.o(i.WWDG_Set_Counter)
    i._is_digit                              0x0800571c   Section        0  __printf_wp.o(i._is_digit)
    i._sys_exit                              0x0800572a   Section        0  usart.o(i._sys_exit)
    i.delay_init                             0x08005730   Section        0  delay.o(i.delay_init)
    i.delay_ms                               0x08005770   Section        0  delay.o(i.delay_ms)
    i.delay_us                               0x080057ac   Section        0  delay.o(i.delay_us)
    i.fputc                                  0x080057e8   Section        0  usart.o(i.fputc)
    i.main                                   0x08005804   Section        0  test.o(i.main)
    i.opt_delay                              0x080058dc   Section        0  ili93xx.o(i.opt_delay)
    i.read_addr                              0x080058ea   Section        0  usmart.o(i.read_addr)
    i.uart_init                              0x080058f0   Section        0  usart.o(i.uart_init)
    i.usmart_cmd_rec                         0x080059cc   Section        0  usmart.o(i.usmart_cmd_rec)
    i.usmart_exe                             0x08005a7c   Section        0  usmart.o(i.usmart_exe)
    i.usmart_get_aparm                       0x08005d50   Section        0  usmart_str.o(i.usmart_get_aparm)
    i.usmart_get_cmdname                     0x08005e24   Section        0  usmart_str.o(i.usmart_get_cmdname)
    i.usmart_get_fname                       0x08005e5c   Section        0  usmart_str.o(i.usmart_get_fname)
    i.usmart_get_fparam                      0x0800601c   Section        0  usmart_str.o(i.usmart_get_fparam)
    i.usmart_get_parmpos                     0x08006128   Section        0  usmart_str.o(i.usmart_get_parmpos)
    i.usmart_get_runtime                     0x08006148   Section        0  usmart.o(i.usmart_get_runtime)
    i.usmart_init                            0x08006188   Section        0  usmart.o(i.usmart_init)
    i.usmart_pow                             0x080061b0   Section        0  usmart_str.o(i.usmart_pow)
    i.usmart_reset_runtime                   0x080061c8   Section        0  usmart.o(i.usmart_reset_runtime)
    i.usmart_scan                            0x080061f8   Section        0  usmart.o(i.usmart_scan)
    i.usmart_search_nextc                    0x080062b4   Section        0  usmart_str.o(i.usmart_search_nextc)
    i.usmart_str2num                         0x080062ca   Section        0  usmart_str.o(i.usmart_str2num)
    i.usmart_strcmp                          0x080063d0   Section        0  usmart_str.o(i.usmart_strcmp)
    i.usmart_strcopy                         0x080063f2   Section        0  usmart_str.o(i.usmart_strcopy)
    i.usmart_strlen                          0x08006408   Section        0  usmart_str.o(i.usmart_strlen)
    i.usmart_sys_cmd_exe                     0x08006420   Section        0  usmart.o(i.usmart_sys_cmd_exe)
    i.write_addr                             0x08006b14   Section        0  usmart.o(i.write_addr)
    x$fpl$dfixu                              0x08006b18   Section       90  dfixu.o(x$fpl$dfixu)
    x$fpl$dfltu                              0x08006b72   Section       38  dflt_clz.o(x$fpl$dfltu)
    x$fpl$dmul                               0x08006b98   Section      340  dmul.o(x$fpl$dmul)
    x$fpl$dnaninf                            0x08006cec   Section      156  dnaninf.o(x$fpl$dnaninf)
    x$fpl$dretinf                            0x08006d88   Section       12  dretinf.o(x$fpl$dretinf)
    x$fpl$fadd                               0x08006d94   Section      196  faddsub_clz.o(x$fpl$fadd)
    _fadd1                                   0x08006da3   Thumb Code     0  faddsub_clz.o(x$fpl$fadd)
    x$fpl$fdiv                               0x08006e58   Section      388  fdiv.o(x$fpl$fdiv)
    _fdiv1                                   0x08006e59   Thumb Code     0  fdiv.o(x$fpl$fdiv)
    x$fpl$ffixu                              0x08006fdc   Section       62  ffixu.o(x$fpl$ffixu)
    x$fpl$ffltu                              0x0800701c   Section       38  fflt_clz.o(x$fpl$ffltu)
    x$fpl$fmul                               0x08007044   Section      258  fmul.o(x$fpl$fmul)
    x$fpl$fnaninf                            0x08007146   Section      140  fnaninf.o(x$fpl$fnaninf)
    x$fpl$fretinf                            0x080071d2   Section       10  fretinf.o(x$fpl$fretinf)
    x$fpl$frsb                               0x080071dc   Section       20  faddsub_clz.o(x$fpl$frsb)
    x$fpl$fsub                               0x080071f0   Section      234  faddsub_clz.o(x$fpl$fsub)
    _fsub1                                   0x080071ff   Thumb Code     0  faddsub_clz.o(x$fpl$fsub)
    .constdata                               0x080072da   Section     6080  ili93xx.o(.constdata)
    x$fpl$usenofp                            0x080072da   Section        0  usenofp.o(x$fpl$usenofp)
    .constdata                               0x08008a9a   Section       24  rtc.o(.constdata)
    .constdata                               0x08008ab2   Section       40  _printf_hex_int.o(.constdata)
    uc_hextab                                0x08008ab2   Data          20  _printf_hex_int.o(.constdata)
    lc_hextab                                0x08008ac6   Data          20  _printf_hex_int.o(.constdata)
    .constdata                               0x08008ada   Section       17  __printf_flags_ss_wp.o(.constdata)
    maptable                                 0x08008ada   Data          17  __printf_flags_ss_wp.o(.constdata)
    .conststring                             0x08008aec   Section       40  usmart.o(.conststring)
    .conststring                             0x08008b14   Section      647  usmart_config.o(.conststring)
    .data                                    0x20000000   Section        4  delay.o(.data)
    fac_us                                   0x20000000   Data           1  delay.o(.data)
    fac_ms                                   0x20000002   Data           2  delay.o(.data)
    .data                                    0x20000004   Section        6  usart.o(.data)
    .data                                    0x2000000a   Section        1  wdg.o(.data)
    .data                                    0x2000000c   Section        4  time.o(.data)
    .data                                    0x20000010   Section        4  ili93xx.o(.data)
    .data                                    0x20000014   Section        2  rtc.o(.data)
    daycnt                                   0x20000014   Data           2  rtc.o(.data)
    .data                                    0x20000018   Section       28  usmart.o(.data)
    .data                                    0x20000034   Section      364  usmart_config.o(.data)
    .bss                                     0x200001a0   Section      200  usart.o(.bss)
    .bss                                     0x20000268   Section       14  ili93xx.o(.bss)
    .bss                                     0x20000276   Section       10  rtc.o(.bss)
    .bss                                     0x20000280   Section       96  libspace.o(.bss)
    HEAP                                     0x200002e0   Section        0  startup_stm32f10x_hd.o(HEAP)
    STACK                                    0x200002e0   Section     1024  startup_stm32f10x_hd.o(STACK)
    Heap_Mem                                 0x200002e0   Data           0  startup_stm32f10x_hd.o(HEAP)
    Stack_Mem                                0x200002e0   Data        1024  startup_stm32f10x_hd.o(STACK)
    __initial_sp                             0x200006e0   Data           0  startup_stm32f10x_hd.o(STACK)

    Global Symbols

    Symbol Name                              Value     Ov Type        Size  Object(Section)

    BuildAttributes$$THM_ISAv4$P$D$K$B$S$PE$A:L22UL41UL21$X:L11$S22US41US21$IEEE1$IW$USESV6$~STKCKD$USESV7$~SHL$OSPACE$ROPI$EBA8$UX$STANDARDLIB$REQ8$PRES8$EABIv2 0x00000000   Number         0  anon$$obj.o ABSOLUTE
    __ARM_use_no_argv                        0x00000000   Number         0  test.o ABSOLUTE
    _printf_flags                            0x00000000   Number         0  printf_stubs.o ABSOLUTE
    _printf_return_value                     0x00000000   Number         0  printf_stubs.o ABSOLUTE
    _printf_sizespec                         0x00000000   Number         0  printf_stubs.o ABSOLUTE
    _printf_widthprec                        0x00000000   Number         0  printf_stubs.o ABSOLUTE
    __ARM_exceptions_init                     - Undefined Weak Reference
    __alloca_initialize                       - Undefined Weak Reference
    __arm_preinit_                            - Undefined Weak Reference
    __cpp_initialize__aeabi_                  - Undefined Weak Reference
    __cxa_finalize                            - Undefined Weak Reference
    __rt_locale                               - Undefined Weak Reference
    __sigvec_lookup                           - Undefined Weak Reference
    _atexit_init                              - Undefined Weak Reference
    _call_atexit_fns                          - Undefined Weak Reference
    _clock_init                               - Undefined Weak Reference
    _fp_trap_init                             - Undefined Weak Reference
    _fp_trap_shutdown                         - Undefined Weak Reference
    _get_lc_collate                           - Undefined Weak Reference
    _get_lc_ctype                             - Undefined Weak Reference
    _get_lc_monetary                          - Undefined Weak Reference
    _get_lc_numeric                           - Undefined Weak Reference
    _get_lc_time                              - Undefined Weak Reference
    _getenv_init                              - Undefined Weak Reference
    _handle_redirection                       - Undefined Weak Reference
    _init_alloc                               - Undefined Weak Reference
    _init_user_alloc                          - Undefined Weak Reference
    _initio                                   - Undefined Weak Reference
    _mutex_acquire                            - Undefined Weak Reference
    _mutex_release                            - Undefined Weak Reference
    _printf_mbtowc                            - Undefined Weak Reference
    _printf_truncate_signed                   - Undefined Weak Reference
    _printf_truncate_unsigned                 - Undefined Weak Reference
    _rand_init                                - Undefined Weak Reference
    _signal_finish                            - Undefined Weak Reference
    _signal_init                              - Undefined Weak Reference
    _terminate_alloc                          - Undefined Weak Reference
    _terminate_user_alloc                     - Undefined Weak Reference
    _terminateio                              - Undefined Weak Reference
    __Vectors_Size                           0x00000130   Number         0  startup_stm32f10x_hd.o ABSOLUTE
    __Vectors                                0x08000000   Data           4  startup_stm32f10x_hd.o(RESET)
    __Vectors_End                            0x08000130   Data           0  startup_stm32f10x_hd.o(RESET)
    __main                                   0x08000131   Thumb Code     8  __main.o(!!!main)
    __scatterload                            0x08000139   Thumb Code     0  __scatter.o(!!!scatter)
    __scatterload_rt2                        0x08000139   Thumb Code    44  __scatter.o(!!!scatter)
    __scatterload_rt2_thumb_only             0x08000139   Thumb Code     0  __scatter.o(!!!scatter)
    __scatterload_null                       0x08000147   Thumb Code     0  __scatter.o(!!!scatter)
    __decompress                             0x0800016d   Thumb Code    90  __dczerorl2.o(!!dczerorl2)
    __decompress1                            0x0800016d   Thumb Code     0  __dczerorl2.o(!!dczerorl2)
    __scatterload_zeroinit                   0x080001c9   Thumb Code    28  __scatter_zi.o(!!handler_zi)
    _printf_d                                0x080001e5   Thumb Code     0  _printf_d.o(.ARM.Collect$$_printf_percent$$00000009)
    _printf_percent                          0x080001e5   Thumb Code     0  _printf_percent.o(.ARM.Collect$$_printf_percent$$00000000)
    _printf_u                                0x080001eb   Thumb Code     0  _printf_u.o(.ARM.Collect$$_printf_percent$$0000000A)
    _printf_x                                0x080001f1   Thumb Code     0  _printf_x.o(.ARM.Collect$$_printf_percent$$0000000C)
    _printf_c                                0x080001f7   Thumb Code     0  _printf_c.o(.ARM.Collect$$_printf_percent$$00000013)
    _printf_s                                0x080001fd   Thumb Code     0  _printf_s.o(.ARM.Collect$$_printf_percent$$00000014)
    _printf_percent_end                      0x08000203   Thumb Code     0  _printf_percent_end.o(.ARM.Collect$$_printf_percent$$00000017)
    __rt_lib_init                            0x08000207   Thumb Code     0  libinit.o(.ARM.Collect$$libinit$$00000000)
    __rt_lib_init_alloca_1                   0x08000209   Thumb Code     0  libinit2.o(.ARM.Collect$$libinit$$0000002E)
    __rt_lib_init_argv_1                     0x08000209   Thumb Code     0  libinit2.o(.ARM.Collect$$libinit$$0000002C)
    __rt_lib_init_atexit_1                   0x08000209   Thumb Code     0  libinit2.o(.ARM.Collect$$libinit$$0000001B)
    __rt_lib_init_clock_1                    0x08000209   Thumb Code     0  libinit2.o(.ARM.Collect$$libinit$$00000021)
    __rt_lib_init_cpp_1                      0x08000209   Thumb Code     0  libinit2.o(.ARM.Collect$$libinit$$00000032)
    __rt_lib_init_exceptions_1               0x08000209   Thumb Code     0  libinit2.o(.ARM.Collect$$libinit$$00000030)
    __rt_lib_init_fp_1                       0x08000209   Thumb Code     0  libinit2.o(.ARM.Collect$$libinit$$00000002)
    __rt_lib_init_fp_trap_1                  0x08000209   Thumb Code     0  libinit2.o(.ARM.Collect$$libinit$$0000001F)
    __rt_lib_init_getenv_1                   0x08000209   Thumb Code     0  libinit2.o(.ARM.Collect$$libinit$$00000023)
    __rt_lib_init_heap_1                     0x08000209   Thumb Code     0  libinit2.o(.ARM.Collect$$libinit$$0000000A)
    __rt_lib_init_lc_collate_1               0x08000209   Thumb Code     0  libinit2.o(.ARM.Collect$$libinit$$00000011)
    __rt_lib_init_lc_ctype_1                 0x08000209   Thumb Code     0  libinit2.o(.ARM.Collect$$libinit$$00000013)
    __rt_lib_init_lc_monetary_1              0x08000209   Thumb Code     0  libinit2.o(.ARM.Collect$$libinit$$00000015)
    __rt_lib_init_lc_numeric_1               0x08000209   Thumb Code     0  libinit2.o(.ARM.Collect$$libinit$$00000017)
    __rt_lib_init_lc_time_1                  0x08000209   Thumb Code     0  libinit2.o(.ARM.Collect$$libinit$$00000019)
    __rt_lib_init_preinit_1                  0x08000209   Thumb Code     0  libinit2.o(.ARM.Collect$$libinit$$00000004)
    __rt_lib_init_rand_1                     0x08000209   Thumb Code     0  libinit2.o(.ARM.Collect$$libinit$$0000000E)
    __rt_lib_init_return                     0x08000209   Thumb Code     0  libinit2.o(.ARM.Collect$$libinit$$00000033)
    __rt_lib_init_signal_1                   0x08000209   Thumb Code     0  libinit2.o(.ARM.Collect$$libinit$$0000001D)
    __rt_lib_init_stdio_1                    0x08000209   Thumb Code     0  libinit2.o(.ARM.Collect$$libinit$$00000025)
    __rt_lib_init_user_alloc_1               0x08000209   Thumb Code     0  libinit2.o(.ARM.Collect$$libinit$$0000000C)
    __rt_lib_shutdown                        0x0800020b   Thumb Code     0  libshutdown.o(.ARM.Collect$$libshutdown$$00000000)
    __rt_lib_shutdown_fp_trap_1              0x0800020d   Thumb Code     0  libshutdown2.o(.ARM.Collect$$libshutdown$$00000006)
    __rt_lib_shutdown_heap_1                 0x0800020d   Thumb Code     0  libshutdown2.o(.ARM.Collect$$libshutdown$$0000000E)
    __rt_lib_shutdown_return                 0x0800020d   Thumb Code     0  libshutdown2.o(.ARM.Collect$$libshutdown$$0000000F)
    __rt_lib_shutdown_signal_1               0x0800020d   Thumb Code     0  libshutdown2.o(.ARM.Collect$$libshutdown$$00000009)
    __rt_lib_shutdown_stdio_1                0x0800020d   Thumb Code     0  libshutdown2.o(.ARM.Collect$$libshutdown$$00000003)
    __rt_lib_shutdown_user_alloc_1           0x0800020d   Thumb Code     0  libshutdown2.o(.ARM.Collect$$libshutdown$$0000000B)
    __rt_entry                               0x0800020f   Thumb Code     0  __rtentry.o(.ARM.Collect$$rtentry$$00000000)
    __rt_entry_presh_1                       0x0800020f   Thumb Code     0  __rtentry2.o(.ARM.Collect$$rtentry$$00000002)
    __rt_entry_sh                            0x0800020f   Thumb Code     0  __rtentry4.o(.ARM.Collect$$rtentry$$00000004)
    __rt_entry_li                            0x08000215   Thumb Code     0  __rtentry2.o(.ARM.Collect$$rtentry$$0000000A)
    __rt_entry_postsh_1                      0x08000215   Thumb Code     0  __rtentry2.o(.ARM.Collect$$rtentry$$00000009)
    __rt_entry_main                          0x08000219   Thumb Code     0  __rtentry2.o(.ARM.Collect$$rtentry$$0000000D)
    __rt_entry_postli_1                      0x08000219   Thumb Code     0  __rtentry2.o(.ARM.Collect$$rtentry$$0000000C)
    __rt_exit                                0x08000221   Thumb Code     0  rtexit.o(.ARM.Collect$$rtexit$$00000000)
    __rt_exit_ls                             0x08000223   Thumb Code     0  rtexit2.o(.ARM.Collect$$rtexit$$00000003)
    __rt_exit_prels_1                        0x08000223   Thumb Code     0  rtexit2.o(.ARM.Collect$$rtexit$$00000002)
    __rt_exit_exit                           0x08000227   Thumb Code     0  rtexit2.o(.ARM.Collect$$rtexit$$00000004)
    Reset_Handler                            0x0800022d   Thumb Code     4  startup_stm32f10x_hd.o(.text)
    NMI_Handler                              0x08000231   Thumb Code     2  startup_stm32f10x_hd.o(.text)
    HardFault_Handler                        0x08000233   Thumb Code     2  startup_stm32f10x_hd.o(.text)
    MemManage_Handler                        0x08000235   Thumb Code     2  startup_stm32f10x_hd.o(.text)
    BusFault_Handler                         0x08000237   Thumb Code     2  startup_stm32f10x_hd.o(.text)
    UsageFault_Handler                       0x08000239   Thumb Code     2  startup_stm32f10x_hd.o(.text)
    SVC_Handler                              0x0800023b   Thumb Code     2  startup_stm32f10x_hd.o(.text)
    DebugMon_Handler                         0x0800023d   Thumb Code     2  startup_stm32f10x_hd.o(.text)
    PendSV_Handler                           0x0800023f   Thumb Code     2  startup_stm32f10x_hd.o(.text)
    SysTick_Handler                          0x08000241   Thumb Code     2  startup_stm32f10x_hd.o(.text)
    ADC1_2_IRQHandler                        0x08000243   Thumb Code     0  startup_stm32f10x_hd.o(.text)
    ADC3_IRQHandler                          0x08000243   Thumb Code     0  startup_stm32f10x_hd.o(.text)
    CAN1_RX1_IRQHandler                      0x08000243   Thumb Code     0  startup_stm32f10x_hd.o(.text)
    CAN1_SCE_IRQHandler                      0x08000243   Thumb Code     0  startup_stm32f10x_hd.o(.text)
    DMA1_Channel1_IRQHandler                 0x08000243   Thumb Code     0  startup_stm32f10x_hd.o(.text)
    DMA1_Channel2_IRQHandler                 0x08000243   Thumb Code     0  startup_stm32f10x_hd.o(.text)
    DMA1_Channel3_IRQHandler                 0x08000243   Thumb Code     0  startup_stm32f10x_hd.o(.text)
    DMA1_Channel4_IRQHandler                 0x08000243   Thumb Code     0  startup_stm32f10x_hd.o(.text)
    DMA1_Channel5_IRQHandler                 0x08000243   Thumb Code     0  startup_stm32f10x_hd.o(.text)
    DMA1_Channel6_IRQHandler                 0x08000243   Thumb Code     0  startup_stm32f10x_hd.o(.text)
    DMA1_Channel7_IRQHandler                 0x08000243   Thumb Code     0  startup_stm32f10x_hd.o(.text)
    DMA2_Channel1_IRQHandler                 0x08000243   Thumb Code     0  startup_stm32f10x_hd.o(.text)
    DMA2_Channel2_IRQHandler                 0x08000243   Thumb Code     0  startup_stm32f10x_hd.o(.text)
    DMA2_Channel3_IRQHandler                 0x08000243   Thumb Code     0  startup_stm32f10x_hd.o(.text)
    DMA2_Channel4_5_IRQHandler               0x08000243   Thumb Code     0  startup_stm32f10x_hd.o(.text)
    EXTI15_10_IRQHandler                     0x08000243   Thumb Code     0  startup_stm32f10x_hd.o(.text)
    EXTI1_IRQHandler                         0x08000243   Thumb Code     0  startup_stm32f10x_hd.o(.text)
    EXTI2_IRQHandler                         0x08000243   Thumb Code     0  startup_stm32f10x_hd.o(.text)
    EXTI3_IRQHandler                         0x08000243   Thumb Code     0  startup_stm32f10x_hd.o(.text)
    EXTI4_IRQHandler                         0x08000243   Thumb Code     0  startup_stm32f10x_hd.o(.text)
    EXTI9_5_IRQHandler                       0x08000243   Thumb Code     0  startup_stm32f10x_hd.o(.text)
    FLASH_IRQHandler                         0x08000243   Thumb Code     0  startup_stm32f10x_hd.o(.text)
    FSMC_IRQHandler                          0x08000243   Thumb Code     0  startup_stm32f10x_hd.o(.text)
    I2C1_ER_IRQHandler                       0x08000243   Thumb Code     0  startup_stm32f10x_hd.o(.text)
    I2C1_EV_IRQHandler                       0x08000243   Thumb Code     0  startup_stm32f10x_hd.o(.text)
    I2C2_ER_IRQHandler                       0x08000243   Thumb Code     0  startup_stm32f10x_hd.o(.text)
    I2C2_EV_IRQHandler                       0x08000243   Thumb Code     0  startup_stm32f10x_hd.o(.text)
    PVD_IRQHandler                           0x08000243   Thumb Code     0  startup_stm32f10x_hd.o(.text)
    RCC_IRQHandler                           0x08000243   Thumb Code     0  startup_stm32f10x_hd.o(.text)
    RTCAlarm_IRQHandler                      0x08000243   Thumb Code     0  startup_stm32f10x_hd.o(.text)
    SDIO_IRQHandler                          0x08000243   Thumb Code     0  startup_stm32f10x_hd.o(.text)
    SPI1_IRQHandler                          0x08000243   Thumb Code     0  startup_stm32f10x_hd.o(.text)
    SPI2_IRQHandler                          0x08000243   Thumb Code     0  startup_stm32f10x_hd.o(.text)
    SPI3_IRQHandler                          0x08000243   Thumb Code     0  startup_stm32f10x_hd.o(.text)
    TAMPER_IRQHandler                        0x08000243   Thumb Code     0  startup_stm32f10x_hd.o(.text)
    TIM1_BRK_IRQHandler                      0x08000243   Thumb Code     0  startup_stm32f10x_hd.o(.text)
    TIM1_CC_IRQHandler                       0x08000243   Thumb Code     0  startup_stm32f10x_hd.o(.text)
    TIM1_TRG_COM_IRQHandler                  0x08000243   Thumb Code     0  startup_stm32f10x_hd.o(.text)
    TIM1_UP_IRQHandler                       0x08000243   Thumb Code     0  startup_stm32f10x_hd.o(.text)
    TIM2_IRQHandler                          0x08000243   Thumb Code     0  startup_stm32f10x_hd.o(.text)
    TIM6_IRQHandler                          0x08000243   Thumb Code     0  startup_stm32f10x_hd.o(.text)
    TIM7_IRQHandler                          0x08000243   Thumb Code     0  startup_stm32f10x_hd.o(.text)
    TIM8_BRK_IRQHandler                      0x08000243   Thumb Code     0  startup_stm32f10x_hd.o(.text)
    TIM8_CC_IRQHandler                       0x08000243   Thumb Code     0  startup_stm32f10x_hd.o(.text)
    TIM8_TRG_COM_IRQHandler                  0x08000243   Thumb Code     0  startup_stm32f10x_hd.o(.text)
    TIM8_UP_IRQHandler                       0x08000243   Thumb Code     0  startup_stm32f10x_hd.o(.text)
    UART4_IRQHandler                         0x08000243   Thumb Code     0  startup_stm32f10x_hd.o(.text)
    UART5_IRQHandler                         0x08000243   Thumb Code     0  startup_stm32f10x_hd.o(.text)
    USART2_IRQHandler                        0x08000243   Thumb Code     0  startup_stm32f10x_hd.o(.text)
    USART3_IRQHandler                        0x08000243   Thumb Code     0  startup_stm32f10x_hd.o(.text)
    USBWakeUp_IRQHandler                     0x08000243   Thumb Code     0  startup_stm32f10x_hd.o(.text)
    USB_HP_CAN1_TX_IRQHandler                0x08000243   Thumb Code     0  startup_stm32f10x_hd.o(.text)
    USB_LP_CAN1_RX0_IRQHandler               0x08000243   Thumb Code     0  startup_stm32f10x_hd.o(.text)
    __user_initial_stackheap                 0x08000245   Thumb Code     0  startup_stm32f10x_hd.o(.text)
    __use_no_semihosting                     0x08000261   Thumb Code     2  use_no_semi_2.o(.text)
    __2printf                                0x08000265   Thumb Code    20  noretval__2printf.o(.text)
    _printf_pre_padding                      0x0800027d   Thumb Code    44  _printf_pad.o(.text)
    _printf_post_padding                     0x080002a9   Thumb Code    34  _printf_pad.o(.text)
    _printf_str                              0x080002cb   Thumb Code    82  _printf_str.o(.text)
    _printf_int_dec                          0x0800031d   Thumb Code   104  _printf_dec.o(.text)
    _printf_int_hex                          0x08000395   Thumb Code    84  _printf_hex_int.o(.text)
    _printf_longlong_hex                     0x08000395   Thumb Code     0  _printf_hex_int.o(.text)
    __printf                                 0x080003ed   Thumb Code   388  __printf_flags_ss_wp.o(.text)
    __use_two_region_memory                  0x08000575   Thumb Code     2  heapauxi.o(.text)
    __rt_heap_escrow$2region                 0x08000577   Thumb Code     2  heapauxi.o(.text)
    __rt_heap_expand$2region                 0x08000579   Thumb Code     2  heapauxi.o(.text)
    __I$use$semihosting                      0x0800057b   Thumb Code     0  use_no_semi.o(.text)
    __use_no_semihosting_swi                 0x0800057b   Thumb Code     2  use_no_semi.o(.text)
    _printf_int_common                       0x0800057d   Thumb Code   178  _printf_intcommon.o(.text)
    _printf_cs_common                        0x0800062f   Thumb Code    20  _printf_char.o(.text)
    _printf_char                             0x08000643   Thumb Code    16  _printf_char.o(.text)
    _printf_string                           0x08000653   Thumb Code     8  _printf_char.o(.text)
    _printf_char_file                        0x0800065d   Thumb Code    32  _printf_char_file.o(.text)
    _printf_char_common                      0x0800068b   Thumb Code    32  _printf_char_common.o(.text)
    ferror                                   0x080006b1   Thumb Code     8  ferror.o(.text)
    __user_setup_stackheap                   0x080006b9   Thumb Code    74  sys_stackheap_outer.o(.text)
    exit                                     0x08000703   Thumb Code    12  exit.o(.text)
    __user_libspace                          0x08000711   Thumb Code     8  libspace.o(.text)
    __user_perproc_libspace                  0x08000711   Thumb Code     0  libspace.o(.text)
    __user_perthread_libspace                0x08000711   Thumb Code     0  libspace.o(.text)
    Check_WKUP                               0x08000719   Thumb Code    54  wkup.o(i.Check_WKUP)
    EXTI0_IRQHandler                         0x08000759   Thumb Code    20  wkup.o(i.EXTI0_IRQHandler)
    Ex_NVIC_Config                           0x08000771   Thumb Code   146  sys.o(i.Ex_NVIC_Config)
    Is_Leap_Year                             0x08000811   Thumb Code    58  rtc.o(i.Is_Leap_Year)
    LCD_BGR2RGB                              0x0800084b   Thumb Code    26  ili93xx.o(i.LCD_BGR2RGB)
    LCD_Clear                                0x08000865   Thumb Code   100  ili93xx.o(i.LCD_Clear)
    LCD_Display_Dir                          0x080008d1   Thumb Code   444  ili93xx.o(i.LCD_Display_Dir)
    LCD_DrawLine                             0x08000a91   Thumb Code   176  ili93xx.o(i.LCD_DrawLine)
    LCD_DrawPoint                            0x08000b41   Thumb Code    28  ili93xx.o(i.LCD_DrawPoint)
    LCD_DrawRectangle                        0x08000b65   Thumb Code    60  ili93xx.o(i.LCD_DrawRectangle)
    LCD_Draw_Circle                          0x08000ba1   Thumb Code   152  ili93xx.o(i.LCD_Draw_Circle)
    LCD_Fast_DrawPoint                       0x08000c39   Thumb Code   370  ili93xx.o(i.LCD_Fast_DrawPoint)
    LCD_Fill                                 0x08000db5   Thumb Code   178  ili93xx.o(i.LCD_Fill)
    LCD_Init                                 0x08000e71   Thumb Code 14280  ili93xx.o(i.LCD_Init)
    LCD_Pow                                  0x08004641   Thumb Code    22  ili93xx.o(i.LCD_Pow)
    LCD_RD_DATA                              0x08004659   Thumb Code    14  ili93xx.o(i.LCD_RD_DATA)
    LCD_ReadPoint                            0x0800466d   Thumb Code   360  ili93xx.o(i.LCD_ReadPoint)
    LCD_ReadReg                              0x080047d9   Thumb Code    22  ili93xx.o(i.LCD_ReadReg)
    LCD_SSD_BackLightSet                     0x080047f1   Thumb Code    80  ili93xx.o(i.LCD_SSD_BackLightSet)
    LCD_Scan_Dir                             0x08004845   Thumb Code   744  ili93xx.o(i.LCD_Scan_Dir)
    LCD_SetCursor                            0x08004b31   Thumb Code   418  ili93xx.o(i.LCD_SetCursor)
    LCD_ShowChar                             0x08004cd9   Thumb Code   272  ili93xx.o(i.LCD_ShowChar)
    LCD_ShowNum                              0x08004e01   Thumb Code   148  ili93xx.o(i.LCD_ShowNum)
    LCD_ShowString                           0x08004e95   Thumb Code   102  ili93xx.o(i.LCD_ShowString)
    LCD_ShowxNum                             0x08004efb   Thumb Code   190  ili93xx.o(i.LCD_ShowxNum)
    LCD_WR_DATA                              0x08004fb9   Thumb Code     6  ili93xx.o(i.LCD_WR_DATA)
    LCD_WR_REG                               0x08004fc5   Thumb Code     6  ili93xx.o(i.LCD_WR_REG)
    LCD_WriteRAM_Prepare                     0x08004fd1   Thumb Code    10  ili93xx.o(i.LCD_WriteRAM_Prepare)
    LCD_WriteReg                             0x08004fe5   Thumb Code    10  ili93xx.o(i.LCD_WriteReg)
    LED_Init                                 0x08004ff5   Thumb Code   100  led.o(i.LED_Init)
    MYRCC_DeInit                             0x08005065   Thumb Code    90  sys.o(i.MYRCC_DeInit)
    MY_NVIC_Init                             0x080050cd   Thumb Code   116  sys.o(i.MY_NVIC_Init)
    MY_NVIC_PriorityGroupConfig              0x08005145   Thumb Code    32  sys.o(i.MY_NVIC_PriorityGroupConfig)
    MY_NVIC_SetVectorTable                   0x0800516d   Thumb Code    12  sys.o(i.MY_NVIC_SetVectorTable)
    RTC_Get                                  0x08005181   Thumb Code   242  rtc.o(i.RTC_Get)
    RTC_Get_Week                             0x08005289   Thumb Code   116  rtc.o(i.RTC_Get_Week)
    RTC_IRQHandler                           0x08005301   Thumb Code   104  rtc.o(i.RTC_IRQHandler)
    Stm32_Clock_Init                         0x08005391   Thumb Code   134  sys.o(i.Stm32_Clock_Init)
    Sys_Enter_Standby                        0x08005421   Thumb Code    20  wkup.o(i.Sys_Enter_Standby)
    Sys_Standby                              0x08005439   Thumb Code    64  sys.o(i.Sys_Standby)
    TIM3_IRQHandler                          0x08005485   Thumb Code    40  time.o(i.TIM3_IRQHandler)
    TIM4_IRQHandler                          0x080054b5   Thumb Code    50  usmart.o(i.TIM4_IRQHandler)
    TIM5_IRQHandler                          0x080054f1   Thumb Code   182  time.o(i.TIM5_IRQHandler)
    Timer4_Init                              0x080055b5   Thumb Code    72  usmart.o(i.Timer4_Init)
    USART1_IRQHandler                        0x08005605   Thumb Code   118  usart.o(i.USART1_IRQHandler)
    WFI_SET                                  0x08005689   Thumb Code     4  sys.o(i.WFI_SET)
    WKUP_Init                                0x0800568d   Thumb Code    70  wkup.o(i.WKUP_Init)
    WWDG_IRQHandler                          0x080056dd   Thumb Code    34  wdg.o(i.WWDG_IRQHandler)
    WWDG_Set_Counter                         0x0800570d   Thumb Code    10  wdg.o(i.WWDG_Set_Counter)
    _is_digit                                0x0800571d   Thumb Code    14  __printf_wp.o(i._is_digit)
    _sys_exit                                0x0800572b   Thumb Code     6  usart.o(i._sys_exit)
    delay_init                               0x08005731   Thumb Code    56  delay.o(i.delay_init)
    delay_ms                                 0x08005771   Thumb Code    56  delay.o(i.delay_ms)
    delay_us                                 0x080057ad   Thumb Code    56  delay.o(i.delay_us)
    fputc                                    0x080057e9   Thumb Code    24  usart.o(i.fputc)
    main                                     0x08005805   Thumb Code   150  test.o(i.main)
    opt_delay                                0x080058dd   Thumb Code    14  ili93xx.o(i.opt_delay)
    read_addr                                0x080058eb   Thumb Code     6  usmart.o(i.read_addr)
    uart_init                                0x080058f1   Thumb Code   202  usart.o(i.uart_init)
    usmart_cmd_rec                           0x080059cd   Thumb Code   170  usmart.o(i.usmart_cmd_rec)
    usmart_exe                               0x08005a7d   Thumb Code   632  usmart.o(i.usmart_exe)
    usmart_get_aparm                         0x08005d51   Thumb Code   212  usmart_str.o(i.usmart_get_aparm)
    usmart_get_cmdname                       0x08005e25   Thumb Code    54  usmart_str.o(i.usmart_get_cmdname)
    usmart_get_fname                         0x08005e5d   Thumb Code   440  usmart_str.o(i.usmart_get_fname)
    usmart_get_fparam                        0x0800601d   Thumb Code   262  usmart_str.o(i.usmart_get_fparam)
    usmart_get_parmpos                       0x08006129   Thumb Code    26  usmart_str.o(i.usmart_get_parmpos)
    usmart_get_runtime                       0x08006149   Thumb Code    56  usmart.o(i.usmart_get_runtime)
    usmart_init                              0x08006189   Thumb Code    36  usmart.o(i.usmart_init)
    usmart_pow                               0x080061b1   Thumb Code    22  usmart_str.o(i.usmart_pow)
    usmart_reset_runtime                     0x080061c9   Thumb Code    38  usmart.o(i.usmart_reset_runtime)
    usmart_scan                              0x080061f9   Thumb Code   120  usmart.o(i.usmart_scan)
    usmart_search_nextc                      0x080062b5   Thumb Code    22  usmart_str.o(i.usmart_search_nextc)
    usmart_str2num                           0x080062cb   Thumb Code   262  usmart_str.o(i.usmart_str2num)
    usmart_strcmp                            0x080063d1   Thumb Code    34  usmart_str.o(i.usmart_strcmp)
    usmart_strcopy                           0x080063f3   Thumb Code    22  usmart_str.o(i.usmart_strcopy)
    usmart_strlen                            0x08006409   Thumb Code    24  usmart_str.o(i.usmart_strlen)
    usmart_sys_cmd_exe                       0x08006421   Thumb Code  1570  usmart.o(i.usmart_sys_cmd_exe)
    write_addr                               0x08006b15   Thumb Code     4  usmart.o(i.write_addr)
    __aeabi_d2uiz                            0x08006b19   Thumb Code     0  dfixu.o(x$fpl$dfixu)
    _dfixu                                   0x08006b19   Thumb Code    90  dfixu.o(x$fpl$dfixu)
    __aeabi_ui2d                             0x08006b73   Thumb Code     0  dflt_clz.o(x$fpl$dfltu)
    _dfltu                                   0x08006b73   Thumb Code    38  dflt_clz.o(x$fpl$dfltu)
    __aeabi_dmul                             0x08006b99   Thumb Code     0  dmul.o(x$fpl$dmul)
    _dmul                                    0x08006b99   Thumb Code   332  dmul.o(x$fpl$dmul)
    __fpl_dnaninf                            0x08006ced   Thumb Code   156  dnaninf.o(x$fpl$dnaninf)
    __fpl_dretinf                            0x08006d89   Thumb Code    12  dretinf.o(x$fpl$dretinf)
    __aeabi_fadd                             0x08006d95   Thumb Code     0  faddsub_clz.o(x$fpl$fadd)
    _fadd                                    0x08006d95   Thumb Code   196  faddsub_clz.o(x$fpl$fadd)
    __aeabi_fdiv                             0x08006e59   Thumb Code     0  fdiv.o(x$fpl$fdiv)
    _fdiv                                    0x08006e59   Thumb Code   384  fdiv.o(x$fpl$fdiv)
    __aeabi_f2uiz                            0x08006fdd   Thumb Code     0  ffixu.o(x$fpl$ffixu)
    _ffixu                                   0x08006fdd   Thumb Code    62  ffixu.o(x$fpl$ffixu)
    __aeabi_ui2f                             0x0800701d   Thumb Code     0  fflt_clz.o(x$fpl$ffltu)
    _ffltu                                   0x0800701d   Thumb Code    38  fflt_clz.o(x$fpl$ffltu)
    __aeabi_fmul                             0x08007045   Thumb Code     0  fmul.o(x$fpl$fmul)
    _fmul                                    0x08007045   Thumb Code   258  fmul.o(x$fpl$fmul)
    __fpl_fnaninf                            0x08007147   Thumb Code   140  fnaninf.o(x$fpl$fnaninf)
    __fpl_fretinf                            0x080071d3   Thumb Code    10  fretinf.o(x$fpl$fretinf)
    __aeabi_frsub                            0x080071dd   Thumb Code     0  faddsub_clz.o(x$fpl$frsb)
    _frsb                                    0x080071dd   Thumb Code    20  faddsub_clz.o(x$fpl$frsb)
    __aeabi_fsub                             0x080071f1   Thumb Code     0  faddsub_clz.o(x$fpl$fsub)
    _fsub                                    0x080071f1   Thumb Code   234  faddsub_clz.o(x$fpl$fsub)
    __I$use$fp                               0x080072da   Number         0  usenofp.o(x$fpl$usenofp)
    asc2_1206                                0x080072da   Data        1140  ili93xx.o(.constdata)
    asc2_1608                                0x0800774e   Data        1520  ili93xx.o(.constdata)
    asc2_2412                                0x08007d3e   Data        3420  ili93xx.o(.constdata)
    table_week                               0x08008a9a   Data          12  rtc.o(.constdata)
    mon_table                                0x08008aa6   Data          12  rtc.o(.constdata)
    Region$$Table$$Base                      0x08008d9c   Number         0  anon$$obj.o(Region$$Table)
    Region$$Table$$Limit                     0x08008dbc   Number         0  anon$$obj.o(Region$$Table)
    __stdout                                 0x20000004   Data           4  usart.o(.data)
    USART_RX_STA                             0x20000008   Data           2  usart.o(.data)
    WWDG_CNT                                 0x2000000a   Data           1  wdg.o(.data)
    TIM5_CAPTURE_STA                         0x2000000c   Data           1  time.o(.data)
    TIM5CH1_CAPTURE_VAL                      0x2000000e   Data           2  time.o(.data)
    POINT_COLOR                              0x20000010   Data           2  ili93xx.o(.data)
    BACK_COLOR                               0x20000012   Data           2  ili93xx.o(.data)
    sys_cmd_tab                              0x20000018   Data          28  usmart.o(.data)
    usmart_nametab                           0x20000034   Data         120  usmart_config.o(.data)
    usmart_dev                               0x200000ac   Data         244  usmart_config.o(.data)
    USART_RX_BUF                             0x200001a0   Data         200  usart.o(.bss)
    lcddev                                   0x20000268   Data          14  ili93xx.o(.bss)
    calendar                                 0x20000276   Data          10  rtc.o(.bss)
    __libspace_start                         0x20000280   Data          96  libspace.o(.bss)
    __temporary_stack_top$libspace           0x200002e0   Data           0  libspace.o(.bss)



==============================================================================

Memory Map of the image

  Image Entry point : 0x08000131

  Load Region LR_IROM1 (Base: 0x08000000, Size: 0x00008f5c, Max: 0x00080000, ABSOLUTE, COMPRESSED[0x00008e54])

    Execution Region ER_IROM1 (Base: 0x08000000, Size: 0x00008dbc, Max: 0x00080000, ABSOLUTE)

    Base Addr    Size         Type   Attr      Idx    E Section Name        Object

    0x08000000   0x00000130   Data   RO            3    RESET               startup_stm32f10x_hd.o
    0x08000130   0x00000008   Code   RO         1010  * !!!main             c_w.l(__main.o)
    0x08000138   0x00000034   Code   RO         1242    !!!scatter          c_w.l(__scatter.o)
    0x0800016c   0x0000005a   Code   RO         1240    !!dczerorl2         c_w.l(__dczerorl2.o)
    0x080001c6   0x00000002   PAD
    0x080001c8   0x0000001c   Code   RO         1244    !!handler_zi        c_w.l(__scatter_zi.o)
    0x080001e4   0x00000000   Code   RO         1007    .ARM.Collect$$_printf_percent$$00000000  c_w.l(_printf_percent.o)
    0x080001e4   0x00000006   Code   RO         1005    .ARM.Collect$$_printf_percent$$00000009  c_w.l(_printf_d.o)
    0x080001ea   0x00000006   Code   RO         1006    .ARM.Collect$$_printf_percent$$0000000A  c_w.l(_printf_u.o)
    0x080001f0   0x00000006   Code   RO         1004    .ARM.Collect$$_printf_percent$$0000000C  c_w.l(_printf_x.o)
    0x080001f6   0x00000006   Code   RO         1002    .ARM.Collect$$_printf_percent$$00000013  c_w.l(_printf_c.o)
    0x080001fc   0x00000006   Code   RO         1003    .ARM.Collect$$_printf_percent$$00000014  c_w.l(_printf_s.o)
    0x08000202   0x00000004   Code   RO         1073    .ARM.Collect$$_printf_percent$$00000017  c_w.l(_printf_percent_end.o)
    0x08000206   0x00000002   Code   RO         1115    .ARM.Collect$$libinit$$00000000  c_w.l(libinit.o)
    0x08000208   0x00000000   Code   RO         1122    .ARM.Collect$$libinit$$00000002  c_w.l(libinit2.o)
    0x08000208   0x00000000   Code   RO         1124    .ARM.Collect$$libinit$$00000004  c_w.l(libinit2.o)
    0x08000208   0x00000000   Code   RO         1127    .ARM.Collect$$libinit$$0000000A  c_w.l(libinit2.o)
    0x08000208   0x00000000   Code   RO         1129    .ARM.Collect$$libinit$$0000000C  c_w.l(libinit2.o)
    0x08000208   0x00000000   Code   RO         1131    .ARM.Collect$$libinit$$0000000E  c_w.l(libinit2.o)
    0x08000208   0x00000000   Code   RO         1134    .ARM.Collect$$libinit$$00000011  c_w.l(libinit2.o)
    0x08000208   0x00000000   Code   RO         1136    .ARM.Collect$$libinit$$00000013  c_w.l(libinit2.o)
    0x08000208   0x00000000   Code   RO         1138    .ARM.Collect$$libinit$$00000015  c_w.l(libinit2.o)
    0x08000208   0x00000000   Code   RO         1140    .ARM.Collect$$libinit$$00000017  c_w.l(libinit2.o)
    0x08000208   0x00000000   Code   RO         1142    .ARM.Collect$$libinit$$00000019  c_w.l(libinit2.o)
    0x08000208   0x00000000   Code   RO         1144    .ARM.Collect$$libinit$$0000001B  c_w.l(libinit2.o)
    0x08000208   0x00000000   Code   RO         1146    .ARM.Collect$$libinit$$0000001D  c_w.l(libinit2.o)
    0x08000208   0x00000000   Code   RO         1148    .ARM.Collect$$libinit$$0000001F  c_w.l(libinit2.o)
    0x08000208   0x00000000   Code   RO         1150    .ARM.Collect$$libinit$$00000021  c_w.l(libinit2.o)
    0x08000208   0x00000000   Code   RO         1152    .ARM.Collect$$libinit$$00000023  c_w.l(libinit2.o)
    0x08000208   0x00000000   Code   RO         1154    .ARM.Collect$$libinit$$00000025  c_w.l(libinit2.o)
    0x08000208   0x00000000   Code   RO         1158    .ARM.Collect$$libinit$$0000002C  c_w.l(libinit2.o)
    0x08000208   0x00000000   Code   RO         1160    .ARM.Collect$$libinit$$0000002E  c_w.l(libinit2.o)
    0x08000208   0x00000000   Code   RO         1162    .ARM.Collect$$libinit$$00000030  c_w.l(libinit2.o)
    0x08000208   0x00000000   Code   RO         1164    .ARM.Collect$$libinit$$00000032  c_w.l(libinit2.o)
    0x08000208   0x00000002   Code   RO         1165    .ARM.Collect$$libinit$$00000033  c_w.l(libinit2.o)
    0x0800020a   0x00000002   Code   RO         1183    .ARM.Collect$$libshutdown$$00000000  c_w.l(libshutdown.o)
    0x0800020c   0x00000000   Code   RO         1194    .ARM.Collect$$libshutdown$$00000003  c_w.l(libshutdown2.o)
    0x0800020c   0x00000000   Code   RO         1197    .ARM.Collect$$libshutdown$$00000006  c_w.l(libshutdown2.o)
    0x0800020c   0x00000000   Code   RO         1200    .ARM.Collect$$libshutdown$$00000009  c_w.l(libshutdown2.o)
    0x0800020c   0x00000000   Code   RO         1202    .ARM.Collect$$libshutdown$$0000000B  c_w.l(libshutdown2.o)
    0x0800020c   0x00000000   Code   RO         1205    .ARM.Collect$$libshutdown$$0000000E  c_w.l(libshutdown2.o)
    0x0800020c   0x00000002   Code   RO         1206    .ARM.Collect$$libshutdown$$0000000F  c_w.l(libshutdown2.o)
    0x0800020e   0x00000000   Code   RO         1066    .ARM.Collect$$rtentry$$00000000  c_w.l(__rtentry.o)
    0x0800020e   0x00000000   Code   RO         1084    .ARM.Collect$$rtentry$$00000002  c_w.l(__rtentry2.o)
    0x0800020e   0x00000006   Code   RO         1096    .ARM.Collect$$rtentry$$00000004  c_w.l(__rtentry4.o)
    0x08000214   0x00000000   Code   RO         1086    .ARM.Collect$$rtentry$$00000009  c_w.l(__rtentry2.o)
    0x08000214   0x00000004   Code   RO         1087    .ARM.Collect$$rtentry$$0000000A  c_w.l(__rtentry2.o)
    0x08000218   0x00000000   Code   RO         1089    .ARM.Collect$$rtentry$$0000000C  c_w.l(__rtentry2.o)
    0x08000218   0x00000008   Code   RO         1090    .ARM.Collect$$rtentry$$0000000D  c_w.l(__rtentry2.o)
    0x08000220   0x00000002   Code   RO         1119    .ARM.Collect$$rtexit$$00000000  c_w.l(rtexit.o)
    0x08000222   0x00000000   Code   RO         1167    .ARM.Collect$$rtexit$$00000002  c_w.l(rtexit2.o)
    0x08000222   0x00000004   Code   RO         1168    .ARM.Collect$$rtexit$$00000003  c_w.l(rtexit2.o)
    0x08000226   0x00000006   Code   RO         1169    .ARM.Collect$$rtexit$$00000004  c_w.l(rtexit2.o)
    0x0800022c   0x00000034   Code   RO            4    .text               startup_stm32f10x_hd.o
    0x08000260   0x00000002   Code   RO          947    .text               c_w.l(use_no_semi_2.o)
    0x08000262   0x00000002   PAD
    0x08000264   0x00000018   Code   RO          951    .text               c_w.l(noretval__2printf.o)
    0x0800027c   0x0000004e   Code   RO          955    .text               c_w.l(_printf_pad.o)
    0x080002ca   0x00000052   Code   RO          957    .text               c_w.l(_printf_str.o)
    0x0800031c   0x00000078   Code   RO          959    .text               c_w.l(_printf_dec.o)
    0x08000394   0x00000058   Code   RO          964    .text               c_w.l(_printf_hex_int.o)
    0x080003ec   0x00000188   Code   RO          999    .text               c_w.l(__printf_flags_ss_wp.o)
    0x08000574   0x00000006   Code   RO         1008    .text               c_w.l(heapauxi.o)
    0x0800057a   0x00000002   Code   RO         1064    .text               c_w.l(use_no_semi.o)
    0x0800057c   0x000000b2   Code   RO         1067    .text               c_w.l(_printf_intcommon.o)
    0x0800062e   0x0000002c   Code   RO         1069    .text               c_w.l(_printf_char.o)
    0x0800065a   0x00000002   PAD
    0x0800065c   0x00000024   Code   RO         1071    .text               c_w.l(_printf_char_file.o)
    0x08000680   0x00000030   Code   RO         1098    .text               c_w.l(_printf_char_common.o)
    0x080006b0   0x00000008   Code   RO         1100    .text               c_w.l(ferror.o)
    0x080006b8   0x0000004a   Code   RO         1104    .text               c_w.l(sys_stackheap_outer.o)
    0x08000702   0x0000000c   Code   RO         1108    .text               c_w.l(exit.o)
    0x0800070e   0x00000002   PAD
    0x08000710   0x00000008   Code   RO         1116    .text               c_w.l(libspace.o)
    0x08000718   0x00000040   Code   RO          666    i.Check_WKUP        wkup.o
    0x08000758   0x00000018   Code   RO          667    i.EXTI0_IRQHandler  wkup.o
    0x08000770   0x000000a0   Code   RO           91    i.Ex_NVIC_Config    sys.o
    0x08000810   0x0000003a   Code   RO          610    i.Is_Leap_Year      rtc.o
    0x0800084a   0x0000001a   Code   RO          400    i.LCD_BGR2RGB       ili93xx.o
    0x08000864   0x0000006c   Code   RO          401    i.LCD_Clear         ili93xx.o
    0x080008d0   0x000001c0   Code   RO          405    i.LCD_Display_Dir   ili93xx.o
    0x08000a90   0x000000b0   Code   RO          406    i.LCD_DrawLine      ili93xx.o
    0x08000b40   0x00000024   Code   RO          407    i.LCD_DrawPoint     ili93xx.o
    0x08000b64   0x0000003c   Code   RO          408    i.LCD_DrawRectangle  ili93xx.o
    0x08000ba0   0x00000098   Code   RO          409    i.LCD_Draw_Circle   ili93xx.o
    0x08000c38   0x0000017c   Code   RO          410    i.LCD_Fast_DrawPoint  ili93xx.o
    0x08000db4   0x000000bc   Code   RO          411    i.LCD_Fill          ili93xx.o
    0x08000e70   0x000037d0   Code   RO          412    i.LCD_Init          ili93xx.o
    0x08004640   0x00000016   Code   RO          413    i.LCD_Pow           ili93xx.o
    0x08004656   0x00000002   PAD
    0x08004658   0x00000014   Code   RO          414    i.LCD_RD_DATA       ili93xx.o
    0x0800466c   0x0000016c   Code   RO          415    i.LCD_ReadPoint     ili93xx.o
    0x080047d8   0x00000016   Code   RO          416    i.LCD_ReadReg       ili93xx.o
    0x080047ee   0x00000002   PAD
    0x080047f0   0x00000054   Code   RO          417    i.LCD_SSD_BackLightSet  ili93xx.o
    0x08004844   0x000002ec   Code   RO          418    i.LCD_Scan_Dir      ili93xx.o
    0x08004b30   0x000001a8   Code   RO          419    i.LCD_SetCursor     ili93xx.o
    0x08004cd8   0x00000128   Code   RO          421    i.LCD_ShowChar      ili93xx.o
    0x08004e00   0x00000094   Code   RO          422    i.LCD_ShowNum       ili93xx.o
    0x08004e94   0x00000066   Code   RO          423    i.LCD_ShowString    ili93xx.o
    0x08004efa   0x000000be   Code   RO          424    i.LCD_ShowxNum      ili93xx.o
    0x08004fb8   0x0000000c   Code   RO          425    i.LCD_WR_DATA       ili93xx.o
    0x08004fc4   0x0000000c   Code   RO          426    i.LCD_WR_REG        ili93xx.o
    0x08004fd0   0x00000014   Code   RO          428    i.LCD_WriteRAM_Prepare  ili93xx.o
    0x08004fe4   0x00000010   Code   RO          429    i.LCD_WriteReg      ili93xx.o
    0x08004ff4   0x00000070   Code   RO          213    i.LED_Init          led.o
    0x08005064   0x00000068   Code   RO           95    i.MYRCC_DeInit      sys.o
    0x080050cc   0x00000078   Code   RO           96    i.MY_NVIC_Init      sys.o
    0x08005144   0x00000028   Code   RO           97    i.MY_NVIC_PriorityGroupConfig  sys.o
    0x0800516c   0x00000014   Code   RO           98    i.MY_NVIC_SetVectorTable  sys.o
    0x08005180   0x00000108   Code   RO          612    i.RTC_Get           rtc.o
    0x08005288   0x00000078   Code   RO          613    i.RTC_Get_Week      rtc.o
    0x08005300   0x00000090   Code   RO          614    i.RTC_IRQHandler    rtc.o
    0x08005390   0x00000090   Code   RO           99    i.Stm32_Clock_Init  sys.o
    0x08005420   0x00000018   Code   RO          668    i.Sys_Enter_Standby  wkup.o
    0x08005438   0x0000004c   Code   RO          101    i.Sys_Standby       sys.o
    0x08005484   0x00000030   Code   RO          305    i.TIM3_IRQHandler   time.o
    0x080054b4   0x0000003c   Code   RO          777    i.TIM4_IRQHandler   usmart.o
    0x080054f0   0x000000c4   Code   RO          309    i.TIM5_IRQHandler   time.o
    0x080055b4   0x00000050   Code   RO          778    i.Timer4_Init       usmart.o
    0x08005604   0x00000084   Code   RO          172    i.USART1_IRQHandler  usart.o
    0x08005688   0x00000004   Code   RO          102    i.WFI_SET           sys.o
    0x0800568c   0x00000050   Code   RO          669    i.WKUP_Init         wkup.o
    0x080056dc   0x00000030   Code   RO          264    i.WWDG_IRQHandler   wdg.o
    0x0800570c   0x00000010   Code   RO          266    i.WWDG_Set_Counter  wdg.o
    0x0800571c   0x0000000e   Code   RO          992    i._is_digit         c_w.l(__printf_wp.o)
    0x0800572a   0x00000006   Code   RO          173    i._sys_exit         usart.o
    0x08005730   0x00000040   Code   RO           64    i.delay_init        delay.o
    0x08005770   0x0000003c   Code   RO           65    i.delay_ms          delay.o
    0x080057ac   0x0000003c   Code   RO           66    i.delay_us          delay.o
    0x080057e8   0x0000001c   Code   RO          174    i.fputc             usart.o
    0x08005804   0x000000d8   Code   RO           10    i.main              test.o
    0x080058dc   0x0000000e   Code   RO          430    i.opt_delay         ili93xx.o
    0x080058ea   0x00000006   Code   RO          779    i.read_addr         usmart.o
    0x080058f0   0x000000dc   Code   RO          175    i.uart_init         usart.o
    0x080059cc   0x000000b0   Code   RO          780    i.usmart_cmd_rec    usmart.o
    0x08005a7c   0x000002d4   Code   RO          781    i.usmart_exe        usmart.o
    0x08005d50   0x000000d4   Code   RO          873    i.usmart_get_aparm  usmart_str.o
    0x08005e24   0x00000036   Code   RO          874    i.usmart_get_cmdname  usmart_str.o
    0x08005e5a   0x00000002   PAD
    0x08005e5c   0x000001c0   Code   RO          875    i.usmart_get_fname  usmart_str.o
    0x0800601c   0x0000010c   Code   RO          876    i.usmart_get_fparam  usmart_str.o
    0x08006128   0x00000020   Code   RO          877    i.usmart_get_parmpos  usmart_str.o
    0x08006148   0x00000040   Code   RO          782    i.usmart_get_runtime  usmart.o
    0x08006188   0x00000028   Code   RO          783    i.usmart_init       usmart.o
    0x080061b0   0x00000016   Code   RO          878    i.usmart_pow        usmart_str.o
    0x080061c6   0x00000002   PAD
    0x080061c8   0x00000030   Code   RO          784    i.usmart_reset_runtime  usmart.o
    0x080061f8   0x000000bc   Code   RO          785    i.usmart_scan       usmart.o
    0x080062b4   0x00000016   Code   RO          879    i.usmart_search_nextc  usmart_str.o
    0x080062ca   0x00000106   Code   RO          880    i.usmart_str2num    usmart_str.o
    0x080063d0   0x00000022   Code   RO          881    i.usmart_strcmp     usmart_str.o
    0x080063f2   0x00000016   Code   RO          882    i.usmart_strcopy    usmart_str.o
    0x08006408   0x00000018   Code   RO          883    i.usmart_strlen     usmart_str.o
    0x08006420   0x000006f4   Code   RO          786    i.usmart_sys_cmd_exe  usmart.o
    0x08006b14   0x00000004   Code   RO          787    i.write_addr        usmart.o
    0x08006b18   0x0000005a   Code   RO         1028    x$fpl$dfixu         fz_ws.l(dfixu.o)
    0x08006b72   0x00000026   Code   RO         1032    x$fpl$dfltu         fz_ws.l(dflt_clz.o)
    0x08006b98   0x00000154   Code   RO         1038    x$fpl$dmul          fz_ws.l(dmul.o)
    0x08006cec   0x0000009c   Code   RO         1074    x$fpl$dnaninf       fz_ws.l(dnaninf.o)
    0x08006d88   0x0000000c   Code   RO         1076    x$fpl$dretinf       fz_ws.l(dretinf.o)
    0x08006d94   0x000000c4   Code   RO         1042    x$fpl$fadd          fz_ws.l(faddsub_clz.o)
    0x08006e58   0x00000184   Code   RO         1049    x$fpl$fdiv          fz_ws.l(fdiv.o)
    0x08006fdc   0x0000003e   Code   RO         1052    x$fpl$ffixu         fz_ws.l(ffixu.o)
    0x0800701a   0x00000002   PAD
    0x0800701c   0x00000026   Code   RO         1056    x$fpl$ffltu         fz_ws.l(fflt_clz.o)
    0x08007042   0x00000002   PAD
    0x08007044   0x00000102   Code   RO         1062    x$fpl$fmul          fz_ws.l(fmul.o)
    0x08007146   0x0000008c   Code   RO         1078    x$fpl$fnaninf       fz_ws.l(fnaninf.o)
    0x080071d2   0x0000000a   Code   RO         1080    x$fpl$fretinf       fz_ws.l(fretinf.o)
    0x080071dc   0x00000014   Code   RO         1043    x$fpl$frsb          fz_ws.l(faddsub_clz.o)
    0x080071f0   0x000000ea   Code   RO         1044    x$fpl$fsub          fz_ws.l(faddsub_clz.o)
    0x080072da   0x00000000   Code   RO         1082    x$fpl$usenofp       fz_ws.l(usenofp.o)
    0x080072da   0x000017c0   Data   RO          432    .constdata          ili93xx.o
    0x08008a9a   0x00000018   Data   RO          618    .constdata          rtc.o
    0x08008ab2   0x00000028   Data   RO          965    .constdata          c_w.l(_printf_hex_int.o)
    0x08008ada   0x00000011   Data   RO         1000    .constdata          c_w.l(__printf_flags_ss_wp.o)
    0x08008aeb   0x00000001   PAD
    0x08008aec   0x00000028   Data   RO          788    .conststring        usmart.o
    0x08008b14   0x00000287   Data   RO          860    .conststring        usmart_config.o
    0x08008d9b   0x00000001   PAD
    0x08008d9c   0x00000020   Data   RO         1238    Region$$Table       anon$$obj.o


    Execution Region RW_IRAM1 (Base: 0x20000000, Size: 0x000006e0, Max: 0x00010000, ABSOLUTE, COMPRESSED[0x00000098])

    Base Addr    Size         Type   Attr      Idx    E Section Name        Object

    0x20000000   0x00000004   Data   RW           67    .data               delay.o
    0x20000004   0x00000006   Data   RW          177    .data               usart.o
    0x2000000a   0x00000001   Data   RW          267    .data               wdg.o
    0x2000000b   0x00000001   PAD
    0x2000000c   0x00000004   Data   RW          310    .data               time.o
    0x20000010   0x00000004   Data   RW          433    .data               ili93xx.o
    0x20000014   0x00000002   Data   RW          619    .data               rtc.o
    0x20000016   0x00000002   PAD
    0x20000018   0x0000001c   Data   RW          789    .data               usmart.o
    0x20000034   0x0000016c   Data   RW          861    .data               usmart_config.o
    0x200001a0   0x000000c8   Zero   RW          176    .bss                usart.o
    0x20000268   0x0000000e   Zero   RW          431    .bss                ili93xx.o
    0x20000276   0x0000000a   Zero   RW          617    .bss                rtc.o
    0x20000280   0x00000060   Zero   RW         1117    .bss                c_w.l(libspace.o)
    0x200002e0   0x00000000   Zero   RW            2    HEAP                startup_stm32f10x_hd.o
    0x200002e0   0x00000400   Zero   RW            1    STACK               startup_stm32f10x_hd.o


==============================================================================

Image component sizes


      Code (inc. data)   RO Data    RW Data    ZI Data      Debug   Object Name

       184         16          0          4          0       1735   delay.o
     18356        220       6080          4         14      27992   ili93xx.o
       112         12          0          0          0        455   led.o
       586         66         24          2         10       3577   rtc.o
        52         18        304          0       1024        808   startup_stm32f10x_hd.o
       668         70          0          0          0       4425   sys.o
       216         66          0          0          0     208063   test.o
       244         22          0          4          0       1315   time.o
       386         36          0          6        200       4084   usart.o
      3170       1350         40         28          0       7474   usmart.o
         0          0        647        364          0       1596   usmart_config.o
      1400         20          0          0          0       8533   usmart_str.o
        64         20          0          1          0       1180   wdg.o
       192         28          0          0          0       1996   wkup.o

    ----------------------------------------------------------------------
     25638       1944       7128        416       1248     273233   Object Totals
         0          0         32          0          0          0   (incl. Generated)
         8          0          1          3          0          0   (incl. Padding)

    ----------------------------------------------------------------------

      Code (inc. data)   RO Data    RW Data    ZI Data      Debug   Library Member Name

        90          0          0          0          0          0   __dczerorl2.o
         8          0          0          0          0         68   __main.o
       392          4         17          0          0         92   __printf_flags_ss_wp.o
        14          0          0          0          0         68   __printf_wp.o
         0          0          0          0          0          0   __rtentry.o
        12          0          0          0          0          0   __rtentry2.o
         6          0          0          0          0          0   __rtentry4.o
        52          8          0          0          0          0   __scatter.o
        28          0          0          0          0          0   __scatter_zi.o
         6          0          0          0          0          0   _printf_c.o
        44          0          0          0          0        108   _printf_char.o
        48          6          0          0          0         96   _printf_char_common.o
        36          4          0          0          0         80   _printf_char_file.o
         6          0          0          0          0          0   _printf_d.o
       120         16          0          0          0         92   _printf_dec.o
        88          4         40          0          0         88   _printf_hex_int.o
       178          0          0          0          0         88   _printf_intcommon.o
        78          0          0          0          0        108   _printf_pad.o
         0          0          0          0          0          0   _printf_percent.o
         4          0          0          0          0          0   _printf_percent_end.o
         6          0          0          0          0          0   _printf_s.o
        82          0          0          0          0         80   _printf_str.o
         6          0          0          0          0          0   _printf_u.o
         6          0          0          0          0          0   _printf_x.o
        12          0          0          0          0         72   exit.o
         8          0          0          0          0         68   ferror.o
         6          0          0          0          0        152   heapauxi.o
         2          0          0          0          0          0   libinit.o
         2          0          0          0          0          0   libinit2.o
         2          0          0          0          0          0   libshutdown.o
         2          0          0          0          0          0   libshutdown2.o
         8          4          0          0         96         68   libspace.o
        24          4          0          0          0         84   noretval__2printf.o
         2          0          0          0          0          0   rtexit.o
        10          0          0          0          0          0   rtexit2.o
        74          0          0          0          0         80   sys_stackheap_outer.o
         2          0          0          0          0         68   use_no_semi.o
         2          0          0          0          0         68   use_no_semi_2.o
        90          4          0          0          0         92   dfixu.o
        38          0          0          0          0         68   dflt_clz.o
       340         12          0          0          0        104   dmul.o
       156          4          0          0          0         92   dnaninf.o
        12          0          0          0          0         68   dretinf.o
       450          8          0          0          0        236   faddsub_clz.o
       388         76          0          0          0         96   fdiv.o
        62          4          0          0          0         84   ffixu.o
        38          0          0          0          0         68   fflt_clz.o
       258          4          0          0          0         84   fmul.o
       140          4          0          0          0         84   fnaninf.o
        10          0          0          0          0         68   fretinf.o
         0          0          0          0          0          0   usenofp.o

    ----------------------------------------------------------------------
      3460        166         58          0         96       2772   Library Totals
        12          0          1          0          0          0   (incl. Padding)

    ----------------------------------------------------------------------

      Code (inc. data)   RO Data    RW Data    ZI Data      Debug   Library Name

      1466         50         57          0         96       1628   c_w.l
      1982        116          0          0          0       1144   fz_ws.l

    ----------------------------------------------------------------------
      3460        166         58          0         96       2772   Library Totals

    ----------------------------------------------------------------------

==============================================================================


      Code (inc. data)   RO Data    RW Data    ZI Data      Debug   

     29098       2110       7186        416       1344     270749   Grand Totals
     29098       2110       7186        152       1344     270749   ELF Image Totals (compressed)
     29098       2110       7186        152          0          0   ROM Totals

==============================================================================

    Total RO  Size (Code + RO Data)                36284 (  35.43kB)
    Total RW  Size (RW Data + ZI Data)              1760 (   1.72kB)
    Total ROM Size (Code + RO Data + RW Data)      36436 (  35.58kB)

==============================================================================

