Component: ARM Compiler 5.05 update 1 (build 106) Tool: armlink [4d0efa]

==============================================================================

Section Cross References

    main.o(i.main) refers to delay.o(i.delay_init) for delay_init
    main.o(i.main) refers to misc.o(i.NVIC_PriorityGroupConfig) for NVIC_PriorityGroupConfig
    main.o(i.main) refers to usart.o(i.uart_init) for uart_init
    main.o(i.main) refers to led.o(i.LED_Init) for LED_Init
    main.o(i.main) refers to lcd.o(i.LCD_Init) for LCD_Init
    main.o(i.main) refers to lsens.o(i.Lsens_Init) for Lsens_Init
    main.o(i.main) refers to lcd.o(i.LCD_ShowString) for LCD_ShowString
    main.o(i.main) refers to lsens.o(i.Lsens_Get_Val) for Lsens_Get_Val
    main.o(i.main) refers to lcd.o(i.LCD_ShowxNum) for LCD_ShowxNum
    main.o(i.main) refers to delay.o(i.delay_ms) for delay_ms
    main.o(i.main) refers to lcd.o(.data) for POINT_COLOR
    system_stm32f10x.o(i.SetSysClock) refers to system_stm32f10x.o(i.SetSysClockTo72) for SetSysClockTo72
    system_stm32f10x.o(i.SystemCoreClockUpdate) refers to system_stm32f10x.o(.data) for SystemCoreClock
    system_stm32f10x.o(i.SystemInit) refers to system_stm32f10x.o(i.SetSysClock) for SetSysClock
    delay.o(i.delay_init) refers to misc.o(i.SysTick_CLKSourceConfig) for SysTick_CLKSourceConfig
    delay.o(i.delay_init) refers to system_stm32f10x.o(.data) for SystemCoreClock
    delay.o(i.delay_init) refers to delay.o(.data) for fac_us
    delay.o(i.delay_ms) refers to delay.o(.data) for fac_ms
    delay.o(i.delay_us) refers to delay.o(.data) for fac_us
    usart.o(i.USART1_IRQHandler) refers (Special) to use_no_semi_2.o(.text) for __use_no_semihosting
    usart.o(i.USART1_IRQHandler) refers to stm32f10x_usart.o(i.USART_GetITStatus) for USART_GetITStatus
    usart.o(i.USART1_IRQHandler) refers to stm32f10x_usart.o(i.USART_ReceiveData) for USART_ReceiveData
    usart.o(i.USART1_IRQHandler) refers to usart.o(.data) for USART_RX_STA
    usart.o(i.USART1_IRQHandler) refers to usart.o(.bss) for USART_RX_BUF
    usart.o(i._sys_exit) refers (Special) to use_no_semi_2.o(.text) for __use_no_semihosting
    usart.o(i.fputc) refers (Special) to use_no_semi_2.o(.text) for __use_no_semihosting
    usart.o(i.uart_init) refers (Special) to use_no_semi_2.o(.text) for __use_no_semihosting
    usart.o(i.uart_init) refers to stm32f10x_rcc.o(i.RCC_APB2PeriphClockCmd) for RCC_APB2PeriphClockCmd
    usart.o(i.uart_init) refers to stm32f10x_gpio.o(i.GPIO_Init) for GPIO_Init
    usart.o(i.uart_init) refers to misc.o(i.NVIC_Init) for NVIC_Init
    usart.o(i.uart_init) refers to stm32f10x_usart.o(i.USART_Init) for USART_Init
    usart.o(i.uart_init) refers to stm32f10x_usart.o(i.USART_ITConfig) for USART_ITConfig
    usart.o(i.uart_init) refers to stm32f10x_usart.o(i.USART_Cmd) for USART_Cmd
    usart.o(.bss) refers (Special) to use_no_semi_2.o(.text) for __use_no_semihosting
    usart.o(.data) refers (Special) to use_no_semi_2.o(.text) for __use_no_semihosting
    startup_stm32f10x_hd.o(STACK) refers (Special) to heapauxi.o(.text) for __use_two_region_memory
    startup_stm32f10x_hd.o(HEAP) refers (Special) to heapauxi.o(.text) for __use_two_region_memory
    startup_stm32f10x_hd.o(RESET) refers (Special) to heapauxi.o(.text) for __use_two_region_memory
    startup_stm32f10x_hd.o(RESET) refers to startup_stm32f10x_hd.o(STACK) for __initial_sp
    startup_stm32f10x_hd.o(RESET) refers to startup_stm32f10x_hd.o(.text) for Reset_Handler
    startup_stm32f10x_hd.o(RESET) refers to stm32f10x_it.o(i.NMI_Handler) for NMI_Handler
    startup_stm32f10x_hd.o(RESET) refers to stm32f10x_it.o(i.HardFault_Handler) for HardFault_Handler
    startup_stm32f10x_hd.o(RESET) refers to stm32f10x_it.o(i.MemManage_Handler) for MemManage_Handler
    startup_stm32f10x_hd.o(RESET) refers to stm32f10x_it.o(i.BusFault_Handler) for BusFault_Handler
    startup_stm32f10x_hd.o(RESET) refers to stm32f10x_it.o(i.UsageFault_Handler) for UsageFault_Handler
    startup_stm32f10x_hd.o(RESET) refers to stm32f10x_it.o(i.SVC_Handler) for SVC_Handler
    startup_stm32f10x_hd.o(RESET) refers to stm32f10x_it.o(i.DebugMon_Handler) for DebugMon_Handler
    startup_stm32f10x_hd.o(RESET) refers to stm32f10x_it.o(i.PendSV_Handler) for PendSV_Handler
    startup_stm32f10x_hd.o(RESET) refers to stm32f10x_it.o(i.SysTick_Handler) for SysTick_Handler
    startup_stm32f10x_hd.o(RESET) refers to wdg.o(i.WWDG_IRQHandler) for WWDG_IRQHandler
    startup_stm32f10x_hd.o(RESET) refers to rtc.o(i.RTC_IRQHandler) for RTC_IRQHandler
    startup_stm32f10x_hd.o(RESET) refers to wkup.o(i.EXTI0_IRQHandler) for EXTI0_IRQHandler
    startup_stm32f10x_hd.o(RESET) refers to time.o(i.TIM3_IRQHandler) for TIM3_IRQHandler
    startup_stm32f10x_hd.o(RESET) refers to usmart.o(i.TIM4_IRQHandler) for TIM4_IRQHandler
    startup_stm32f10x_hd.o(RESET) refers to usart.o(i.USART1_IRQHandler) for USART1_IRQHandler
[...]
    ..\STM32F10x_FWLib\src\stm32f10x_wwdg.c  0x00000000   Number         0  stm32f10x_wwdg.o ABSOLUTE
    ..\SYSTEM\delay\delay.c                  0x00000000   Number         0  delay.o ABSOLUTE
    ..\SYSTEM\sys\sys.c                      0x00000000   Number         0  sys.o ABSOLUTE
    ..\SYSTEM\usart\usart.c                  0x00000000   Number         0  usart.o ABSOLUTE
    ..\USMART\usmart.c                       0x00000000   Number         0  usmart.o ABSOLUTE
    ..\USMART\usmart_config.c                0x00000000   Number         0  usmart_config.o ABSOLUTE
    ..\USMART\usmart_str.c                   0x00000000   Number         0  usmart_str.o ABSOLUTE
    ..\\CORE\\core_cm3.c                     0x00000000   Number         0  core_cm3.o ABSOLUTE
    ..\\SYSTEM\\sys\\sys.c                   0x00000000   Number         0  sys.o ABSOLUTE
    dc.s                                     0x00000000   Number         0  dc.o ABSOLUTE
    main.c                                   0x00000000   Number         0  main.o ABSOLUTE
    stm32f10x_it.c                           0x00000000   Number         0  stm32f10x_it.o ABSOLUTE
    system_stm32f10x.c                       0x00000000   Number         0  system_stm32f10x.o ABSOLUTE
    RESET                                    0x08000000   Section      304  startup_stm32f10x_hd.o(RESET)
    !!!main                                  0x08000130   Section        8  __main.o(!!!main)
    !!!scatter                               0x08000138   Section       52  __scatter.o(!!!scatter)
    !!dczerorl2                              0x0800016c   Section       90  __dczerorl2.o(!!dczerorl2)
    !!handler_zi                             0x080001c8   Section       28  __scatter_zi.o(!!handler_zi)
    .ARM.Collect$$_printf_percent$$00000000  0x080001e4   Section        0  _printf_percent.o(.ARM.Collect$$_printf_percent$$00000000)
    .ARM.Collect$$_printf_percent$$00000009  0x080001e4   Section        6  _printf_d.o(.ARM.Collect$$_printf_percent$$00000009)
    .ARM.Collect$$_printf_percent$$0000000A  0x080001ea   Section        6  _printf_u.o(.ARM.Collect$$_printf_percent$$0000000A)
    .ARM.Collect$$_printf_percent$$0000000C  0x080001f0   Section        6  _printf_x.o(.ARM.Collect$$_printf_percent$$0000000C)
    .ARM.Collect$$_printf_percent$$00000013  0x080001f6   Section        6  _printf_c.o(.ARM.Collect$$_printf_percent$$00000013)
    .ARM.Collect$$_printf_percent$$00000014  0x080001fc   Section        6  _printf_s.o(.ARM.Collect$$_printf_percent$$00000014)
    .ARM.Collect$$_printf_percent$$00000017  0x08000202   Section        4  _printf_percent_end.o(.ARM.Collect$$_printf_percent$$00000017)
    .ARM.Collect$$libinit$$00000000          0x08000206   Section        2  libinit.o(.ARM.Collect$$libinit$$00000000)
    .ARM.Collect$$libinit$$00000002          0x08000208   Section        0  libinit2.o(.ARM.Collect$$libinit$$00000002)
    .ARM.Collect$$libinit$$00000004          0x08000208   Section        0  libinit2.o(.ARM.Collect$$libinit$$00000004)
    .ARM.Collect$$libinit$$0000000A          0x08000208   Section        0  libinit2.o(.ARM.Collect$$libinit$$0000000A)
    .ARM.Collect$$libinit$$0000000C          0x08000208   Section        0  libinit2.o(.ARM.Collect$$libinit$$0000000C)
    .ARM.Collect$$libinit$$0000000E          0x08000208   Section        0  libinit2.o(.ARM.Collect$$libinit$$0000000E)
    .ARM.Collect$$libinit$$00000011          0x08000208   Section        0  libinit2.o(.ARM.Collect$$libinit$$00000011)
    .ARM.Collect$$libinit$$00000013          0x08000208   Section        0  libinit2.o(.ARM.Collect$$libinit$$00000013)
    .ARM.Collect$$libinit$$00000015          0x08000208   Section        0  libinit2.o(.ARM.Collect$$libinit$$00000015)
    .ARM.Collect$$libinit$$00000017          0x08000208   Section        0  libinit2.o(.ARM.Collect$$libinit$$00000017)
    .ARM.Collect$$libinit$$00000019          0x08000208   Section        0  libinit2.o(.ARM.Collect$$libinit$$00000019)
    .ARM.Collect$$libinit$$0000001B          0x08000208   Section        0  libinit2.o(.ARM.Collect$$libinit$$0000001B)
    .ARM.Collect$$libinit$$0000001D          0x08000208   Section        0  libinit2.o(.ARM.Collect$$libinit$$0000001D)
    .ARM.Collect$$libinit$$0000001F          0x08000208   Section        0  libinit2.o(.ARM.Collect$$libinit$$0000001F)
    .ARM.Collect$$libinit$$00000021          0x08000208   Section        0  libinit2.o(.ARM.Collect$$libinit$$00000021)
    .ARM.Collect$$libinit$$00000023          0x08000208   Section        0  libinit2.o(.ARM.Collect$$libinit$$00000023)
    .ARM.Collect$$libinit$$00000025          0x08000208   Section        0  libinit2.o(.ARM.Collect$$libinit$$00000025)
    .ARM.Collect$$libinit$$0000002C          0x08000208   Section        0  libinit2.o(.ARM.Collect$$libinit$$0000002C)
    .ARM.Collect$$libinit$$0000002E          0x08000208   Section        0  libinit2.o(.ARM.Collect$$libinit$$0000002E)
    .ARM.Collect$$libinit$$00000030          0x08000208   Section        0  libinit2.o(.ARM.Collect$$libinit$$00000030)
    .ARM.Collect$$libinit$$00000032          0x08000208   Section        0  libinit2.o(.ARM.Collect$$libinit$$00000032)
    .ARM.Collect$$libinit$$00000033          0x08000208   Section        2  libinit2.o(.ARM.Collect$$libinit$$00000033)
    .ARM.Collect$$libshutdown$$00000000      0x0800020a   Section        2  libshutdown.o(.ARM.Collect$$libshutdown$$00000000)
    .ARM.Collect$$libshutdown$$00000003      0x0800020c   Section        0  libshutdown2.o(.ARM.Collect$$libshutdown$$00000003)
    .ARM.Collect$$libshutdown$$00000006      0x0800020c   Section        0  libshutdown2.o(.ARM.Collect$$libshutdown$$00000006)
    .ARM.Collect$$libshutdown$$00000009      0x0800020c   Section        0  libshutdown2.o(.ARM.Collect$$libshutdown$$00000009)
    .ARM.Collect$$libshutdown$$0000000B      0x0800020c   Section        0  libshutdown2.o(.ARM.Collect$$libshutdown$$0000000B)
    .ARM.Collect$$libshutdown$$0000000E      0x0800020c   Section        0  libshutdown2.o(.ARM.Collect$$libshutdown$$0000000E)
    .ARM.Collect$$libshutdown$$0000000F      0x0800020c   Section        2  libshutdown2.o(.ARM.Collect$$libshutdown$$0000000F)
    .ARM.Collect$$rtentry$$00000000          0x0800020e   Section        0  __rtentry.o(.ARM.Collect$$rtentry$$00000000)
    .ARM.Collect$$rtentry$$00000002          0x0800020e   Section        0  __rtentry2.o(.ARM.Collect$$rtentry$$00000002)
    .ARM.Collect$$rtentry$$00000004          0x0800020e   Section        6  __rtentry4.o(.ARM.Collect$$rtentry$$00000004)
    .ARM.Collect$$rtentry$$00000009          0x08000214   Section        0  __rtentry2.o(.ARM.Collect$$rtentry$$00000009)
    .ARM.Collect$$rtentry$$0000000A          0x08000214   Section        4  __rtentry2.o(.ARM.Collect$$rtentry$$0000000A)
    .ARM.Collect$$rtentry$$0000000C          0x08000218   Section        0  __rtentry2.o(.ARM.Collect$$rtentry$$0000000C)
    .ARM.Collect$$rtentry$$0000000D          0x08000218   Section        8  __rtentry2.o(.ARM.Collect$$rtentry$$0000000D)
    .ARM.Collect$$rtexit$$00000000           0x08000220   Section        2  rtexit.o(.ARM.Collect$$rtexit$$00000000)
    .ARM.Collect$$rtexit$$00000002           0x08000222   Section        0  rtexit2.o(.ARM.Collect$$rtexit$$00000002)
    .ARM.Collect$$rtexit$$00000003           0x08000222   Section        4  rtexit2.o(.ARM.Collect$$rtexit$$00000003)
    .ARM.Collect$$rtexit$$00000004           0x08000226   Section        6  rtexit2.o(.ARM.Collect$$rtexit$$00000004)
    .text                                    0x0800022c   Section       64  startup_stm32f10x_hd.o(.text)
    .text                                    0x0800026c   Section        2  use_no_semi_2.o(.text)
    .text                                    0x08000270   Section        0  noretval__2printf.o(.text)
    .text                                    0x08000288   Section        0  _printf_pad.o(.text)
    .text                                    0x080002d6   Section        0  _printf_str.o(.text)
    .text                                    0x08000328   Section        0  _printf_dec.o(.text)
    .text                                    0x080003a0   Section        0  _printf_hex_int.o(.text)
    .text                                    0x080003f8   Section        0  __printf_flags_ss_wp.o(.text)
    .text                                    0x08000580   Section        0  heapauxi.o(.text)
    .text                                    0x08000586   Section        2  use_no_semi.o(.text)
    .text                                    0x08000588   Section        0  _printf_intcommon.o(.text)
    .text                                    0x0800063a   Section        0  _printf_char.o(.text)
    .text                                    0x08000668   Section        0  _printf_char_file.o(.text)
    .text                                    0x0800068c   Section        0  _printf_char_common.o(.text)
    _printf_input_char                       0x0800068d   Thumb Code    10  _printf_char_common.o(.text)
    .text                                    0x080006bc   Section        0  ferror.o(.text)
    .text                                    0x080006c4   Section       74  sys_stackheap_outer.o(.text)
    .text                                    0x0800070e   Section        0  exit.o(.text)
    .text                                    0x0800071c   Section        8  libspace.o(.text)
    i.ADC_Cmd                                0x08000724   Section        0  stm32f10x_adc.o(i.ADC_Cmd)
    i.ADC_DeInit                             0x0800073c   Section        0  stm32f10x_adc.o(i.ADC_DeInit)
    i.ADC_GetCalibrationStatus               0x08000798   Section        0  stm32f10x_adc.o(i.ADC_GetCalibrationStatus)
    i.ADC_GetConversionValue                 0x080007ac   Section        0  stm32f10x_adc.o(i.ADC_GetConversionValue)
    i.ADC_GetFlagStatus                      0x080007b4   Section        0  stm32f10x_adc.o(i.ADC_GetFlagStatus)
    i.ADC_GetResetCalibrationStatus          0x080007c6   Section        0  stm32f10x_adc.o(i.ADC_GetResetCalibrationStatus)
    i.ADC_Init                               0x080007dc   Section        0  stm32f10x_adc.o(i.ADC_Init)
    i.ADC_RegularChannelConfig               0x0800082c   Section        0  stm32f10x_adc.o(i.ADC_RegularChannelConfig)
    i.ADC_ResetCalibration                   0x080008e4   Section        0  stm32f10x_adc.o(i.ADC_ResetCalibration)
    i.ADC_SoftwareStartConvCmd               0x080008ee   Section        0  stm32f10x_adc.o(i.ADC_SoftwareStartConvCmd)
    i.ADC_StartCalibration                   0x08000904   Section        0  stm32f10x_adc.o(i.ADC_StartCalibration)
    i.BusFault_Handler                       0x0800090e   Section        0  stm32f10x_it.o(i.BusFault_Handler)
    i.Check_WKUP                             0x08000914   Section        0  wkup.o(i.Check_WKUP)
    i.DebugMon_Handler                       0x08000954   Section        0  stm32f10x_it.o(i.DebugMon_Handler)
    i.EXTI0_IRQHandler                       0x08000956   Section        0  wkup.o(i.EXTI0_IRQHandler)
    i.EXTI_ClearITPendingBit                 0x0800096c   Section        0  stm32f10x_exti.o(i.EXTI_ClearITPendingBit)
    i.FSMC_NORSRAMCmd                        0x08000978   Section        0  stm32f10x_fsmc.o(i.FSMC_NORSRAMCmd)
    i.FSMC_NORSRAMInit                       0x080009ac   Section        0  stm32f10x_fsmc.o(i.FSMC_NORSRAMInit)
    i.GPIO_Init                              0x08000a92   Section        0  stm32f10x_gpio.o(i.GPIO_Init)
    i.GPIO_SetBits                           0x08000ba8   Section        0  stm32f10x_gpio.o(i.GPIO_SetBits)
    i.Get_Adc3                               0x08000bac   Section        0  lsens.o(i.Get_Adc3)
    i.HardFault_Handler                      0x08000be0   Section        0  stm32f10x_it.o(i.HardFault_Handler)
    i.Is_Leap_Year                           0x08000be4   Section        0  rtc.o(i.Is_Leap_Year)
    i.LCD_BGR2RGB                            0x08000c1e   Section        0  lcd.o(i.LCD_BGR2RGB)
    i.LCD_Clear                              0x08000c38   Section        0  lcd.o(i.LCD_Clear)
    i.LCD_Display_Dir                        0x08000ca4   Section        0  lcd.o(i.LCD_Display_Dir)
    i.LCD_DrawLine                           0x08000e64   Section        0  lcd.o(i.LCD_DrawLine)
    i.LCD_DrawPoint                          0x08000f14   Section        0  lcd.o(i.LCD_DrawPoint)
    i.LCD_DrawRectangle                      0x08000f38   Section        0  lcd.o(i.LCD_DrawRectangle)
    i.LCD_Draw_Circle                        0x08000f74   Section        0  lcd.o(i.LCD_Draw_Circle)
    i.LCD_Fast_DrawPoint                     0x0800100c   Section        0  lcd.o(i.LCD_Fast_DrawPoint)
    i.LCD_Fill                               0x08001188   Section        0  lcd.o(i.LCD_Fill)
    i.LCD_Init                               0x08001244   Section        0  lcd.o(i.LCD_Init)
    i.LCD_Pow                                0x080049b8   Section        0  lcd.o(i.LCD_Pow)
    i.LCD_RD_DATA                            0x080049d0   Section        0  lcd.o(i.LCD_RD_DATA)
    i.LCD_ReadPoint                          0x080049e4   Section        0  lcd.o(i.LCD_ReadPoint)
    i.LCD_ReadReg                            0x08004b50   Section        0  lcd.o(i.LCD_ReadReg)
    i.LCD_SSD_BackLightSet                   0x08004b68   Section        0  lcd.o(i.LCD_SSD_BackLightSet)
    i.LCD_Scan_Dir                           0x08004bbc   Section        0  lcd.o(i.LCD_Scan_Dir)
    i.LCD_SetCursor                          0x08004ea8   Section        0  lcd.o(i.LCD_SetCursor)
    i.LCD_ShowChar                           0x08005050   Section        0  lcd.o(i.LCD_ShowChar)
    i.LCD_ShowNum                            0x08005178   Section        0  lcd.o(i.LCD_ShowNum)
    i.LCD_ShowString                         0x0800520c   Section        0  lcd.o(i.LCD_ShowString)
    i.LCD_ShowxNum                           0x08005272   Section        0  lcd.o(i.LCD_ShowxNum)
    i.LCD_WR_DATA                            0x08005330   Section        0  lcd.o(i.LCD_WR_DATA)
    i.LCD_WR_REG                             0x0800533c   Section        0  lcd.o(i.LCD_WR_REG)
    i.LCD_WriteRAM_Prepare                   0x08005348   Section        0  lcd.o(i.LCD_WriteRAM_Prepare)
    i.LCD_WriteReg                           0x0800535c   Section        0  lcd.o(i.LCD_WriteReg)
    i.LED_Init                               0x0800536c   Section        0  led.o(i.LED_Init)
    i.Lsens_Get_Val                          0x080053b8   Section        0  lsens.o(i.Lsens_Get_Val)
    i.Lsens_Init                             0x080053f4   Section        0  lsens.o(i.Lsens_Init)
    i.MemManage_Handler                      0x08005494   Section        0  stm32f10x_it.o(i.MemManage_Handler)
    i.NMI_Handler                            0x08005498   Section        0  stm32f10x_it.o(i.NMI_Handler)
    i.NVIC_Init                              0x0800549c   Section        0  misc.o(i.NVIC_Init)
    i.NVIC_PriorityGroupConfig               0x0800550c   Section        0  misc.o(i.NVIC_PriorityGroupConfig)
    i.PWR_EnterSTANDBYMode                   0x08005520   Section        0  stm32f10x_pwr.o(i.PWR_EnterSTANDBYMode)
    i.PWR_WakeUpPinCmd                       0x08005554   Section        0  stm32f10x_pwr.o(i.PWR_WakeUpPinCmd)
    i.PendSV_Handler                         0x08005560   Section        0  stm32f10x_it.o(i.PendSV_Handler)
    i.RCC_AHBPeriphClockCmd                  0x08005564   Section        0  stm32f10x_rcc.o(i.RCC_AHBPeriphClockCmd)
    i.RCC_APB1PeriphClockCmd                 0x08005584   Section        0  stm32f10x_rcc.o(i.RCC_APB1PeriphClockCmd)
    i.RCC_APB2PeriphClockCmd                 0x080055a4   Section        0  stm32f10x_rcc.o(i.RCC_APB2PeriphClockCmd)
    i.RCC_APB2PeriphResetCmd                 0x080055c4   Section        0  stm32f10x_rcc.o(i.RCC_APB2PeriphResetCmd)
    i.RCC_GetClocksFreq                      0x080055e4   Section        0  stm32f10x_rcc.o(i.RCC_GetClocksFreq)
    i.RTC_ClearITPendingBit                  0x080056b8   Section        0  stm32f10x_rtc.o(i.RTC_ClearITPendingBit)
    i.RTC_Get                                0x080056c8   Section        0  rtc.o(i.RTC_Get)
    i.RTC_GetCounter                         0x080057c8   Section        0  stm32f10x_rtc.o(i.RTC_GetCounter)
    i.RTC_GetITStatus                        0x080057dc   Section        0  stm32f10x_rtc.o(i.RTC_GetITStatus)
    i.RTC_Get_Week                           0x08005800   Section        0  rtc.o(i.RTC_Get_Week)
    i.RTC_IRQHandler                         0x08005878   Section        0  rtc.o(i.RTC_IRQHandler)
    i.RTC_WaitForLastTask                    0x080058e8   Section        0  stm32f10x_rtc.o(i.RTC_WaitForLastTask)
    i.SVC_Handler                            0x080058fc   Section        0  stm32f10x_it.o(i.SVC_Handler)
    i.SetSysClock                            0x080058fe   Section        0  system_stm32f10x.o(i.SetSysClock)
    SetSysClock                              0x080058ff   Thumb Code     8  system_stm32f10x.o(i.SetSysClock)
    i.SetSysClockTo72                        0x08005908   Section        0  system_stm32f10x.o(i.SetSysClockTo72)
    SetSysClockTo72                          0x08005909   Thumb Code   214  system_stm32f10x.o(i.SetSysClockTo72)
    i.SysTick_CLKSourceConfig                0x080059e8   Section        0  misc.o(i.SysTick_CLKSourceConfig)
    i.SysTick_Handler                        0x08005a10   Section        0  stm32f10x_it.o(i.SysTick_Handler)
    i.Sys_Enter_Standby                      0x08005a12   Section        0  wkup.o(i.Sys_Enter_Standby)
    i.Sys_Standby                            0x08005a24   Section        0  wkup.o(i.Sys_Standby)
    i.SystemInit                             0x08005a3c   Section        0  system_stm32f10x.o(i.SystemInit)
    i.TIM3_IRQHandler                        0x08005a9c   Section        0  time.o(i.TIM3_IRQHandler)
    i.TIM4_IRQHandler                        0x08005acc   Section        0  usmart.o(i.TIM4_IRQHandler)
    i.TIM5_IRQHandler                        0x08005b04   Section        0  time.o(i.TIM5_IRQHandler)
    i.TIM_ClearFlag                          0x08005bc0   Section        0  stm32f10x_tim.o(i.TIM_ClearFlag)
    i.TIM_ClearITPendingBit                  0x08005bc6   Section        0  stm32f10x_tim.o(i.TIM_ClearITPendingBit)
    i.TIM_Cmd                                0x08005bcc   Section        0  stm32f10x_tim.o(i.TIM_Cmd)
    i.TIM_GetCapture1                        0x08005be4   Section        0  stm32f10x_tim.o(i.TIM_GetCapture1)
    i.TIM_GetCounter                         0x08005bea   Section        0  stm32f10x_tim.o(i.TIM_GetCounter)
    i.TIM_GetFlagStatus                      0x08005bf0   Section        0  stm32f10x_tim.o(i.TIM_GetFlagStatus)
    i.TIM_GetITStatus                        0x08005c02   Section        0  stm32f10x_tim.o(i.TIM_GetITStatus)
    i.TIM_ITConfig                           0x08005c24   Section        0  stm32f10x_tim.o(i.TIM_ITConfig)
    i.TIM_OC1PolarityConfig                  0x08005c36   Section        0  stm32f10x_tim.o(i.TIM_OC1PolarityConfig)
    i.TIM_SetAutoreload                      0x08005c48   Section        0  stm32f10x_tim.o(i.TIM_SetAutoreload)
    i.TIM_SetCounter                         0x08005c4c   Section        0  stm32f10x_tim.o(i.TIM_SetCounter)
    i.TIM_TimeBaseInit                       0x08005c50   Section        0  stm32f10x_tim.o(i.TIM_TimeBaseInit)
    i.Timer4_Init                            0x08005cf4   Section        0  usmart.o(i.Timer4_Init)
    i.USART1_IRQHandler                      0x08005d50   Section        0  usart.o(i.USART1_IRQHandler)
    i.USART_Cmd                              0x08005dd8   Section        0  stm32f10x_usart.o(i.USART_Cmd)
    i.USART_GetITStatus                      0x08005df0   Section        0  stm32f10x_usart.o(i.USART_GetITStatus)
    i.USART_ITConfig                         0x08005e44   Section        0  stm32f10x_usart.o(i.USART_ITConfig)
    i.USART_Init                             0x08005e90   Section        0  stm32f10x_usart.o(i.USART_Init)
    i.USART_ReceiveData                      0x08005f68   Section        0  stm32f10x_usart.o(i.USART_ReceiveData)
    i.UsageFault_Handler                     0x08005f72   Section        0  stm32f10x_it.o(i.UsageFault_Handler)
    i.WWDG_ClearFlag                         0x08005f78   Section        0  stm32f10x_wwdg.o(i.WWDG_ClearFlag)
    i.WWDG_IRQHandler                        0x08005f84   Section        0  wdg.o(i.WWDG_IRQHandler)
    i._is_digit                              0x08005fa0   Section        0  __printf_wp.o(i._is_digit)
    i._sys_exit                              0x08005fae   Section        0  usart.o(i._sys_exit)
    i.delay_init                             0x08005fb4   Section        0  delay.o(i.delay_init)
    i.delay_ms                               0x08005ff8   Section        0  delay.o(i.delay_ms)
    i.delay_us                               0x08006044   Section        0  delay.o(i.delay_us)
    i.fputc                                  0x08006090   Section        0  usart.o(i.fputc)
    i.main                                   0x080060ac   Section        0  main.o(i.main)
    i.opt_delay                              0x080061c0   Section        0  lcd.o(i.opt_delay)
    i.read_addr                              0x080061ce   Section        0  usmart.o(i.read_addr)
    i.uart_init                              0x080061d4   Section        0  usart.o(i.uart_init)
    i.usmart_cmd_rec                         0x08006274   Section        0  usmart.o(i.usmart_cmd_rec)
    i.usmart_exe                             0x08006324   Section        0  usmart.o(i.usmart_exe)
    i.usmart_get_aparm                       0x080065f8   Section        0  usmart_str.o(i.usmart_get_aparm)
    i.usmart_get_cmdname                     0x080066c0   Section        0  usmart_str.o(i.usmart_get_cmdname)
    i.usmart_get_fname                       0x080066f8   Section        0  usmart_str.o(i.usmart_get_fname)
    i.usmart_get_fparam                      0x080068b8   Section        0  usmart_str.o(i.usmart_get_fparam)
    i.usmart_get_parmpos                     0x080069c4   Section        0  usmart_str.o(i.usmart_get_parmpos)
    i.usmart_get_runtime                     0x080069e4   Section        0  usmart.o(i.usmart_get_runtime)
    i.usmart_init                            0x08006a28   Section        0  usmart.o(i.usmart_init)
    i.usmart_pow                             0x08006a50   Section        0  usmart_str.o(i.usmart_pow)
    i.usmart_reset_runtime                   0x08006a68   Section        0  usmart.o(i.usmart_reset_runtime)
    i.usmart_scan                            0x08006a98   Section        0  usmart.o(i.usmart_scan)
    i.usmart_search_nextc                    0x08006b54   Section        0  usmart_str.o(i.usmart_search_nextc)
    i.usmart_str2num                         0x08006b6a   Section        0  usmart_str.o(i.usmart_str2num)
    i.usmart_strcmp                          0x08006c34   Section        0  usmart_str.o(i.usmart_strcmp)
    i.usmart_strcopy                         0x08006c56   Section        0  usmart_str.o(i.usmart_strcopy)
    i.usmart_strlen                          0x08006c6c   Section        0  usmart_str.o(i.usmart_strlen)
    i.usmart_sys_cmd_exe                     0x08006c84   Section        0  usmart.o(i.usmart_sys_cmd_exe)
    i.write_addr                             0x08007368   Section        0  usmart.o(i.write_addr)
    x$fpl$dfixu                              0x0800736c   Section       90  dfixu.o(x$fpl$dfixu)
    x$fpl$dfltu                              0x080073c6   Section       38  dflt_clz.o(x$fpl$dfltu)
    x$fpl$dmul                               0x080073ec   Section      340  dmul.o(x$fpl$dmul)
    x$fpl$dnaninf                            0x08007540   Section      156  dnaninf.o(x$fpl$dnaninf)
    x$fpl$dretinf                            0x080075dc   Section       12  dretinf.o(x$fpl$dretinf)
    .constdata                               0x080075e8   Section     6080  lcd.o(.constdata)
    x$fpl$usenofp                            0x080075e8   Section        0  usenofp.o(x$fpl$usenofp)
    .constdata                               0x08008da8   Section       24  rtc.o(.constdata)
    .constdata                               0x08008dc0   Section       40  _printf_hex_int.o(.constdata)
    uc_hextab                                0x08008dc0   Data          20  _printf_hex_int.o(.constdata)
    lc_hextab                                0x08008dd4   Data          20  _printf_hex_int.o(.constdata)
    .constdata                               0x08008de8   Section       17  __printf_flags_ss_wp.o(.constdata)
    maptable                                 0x08008de8   Data          17  __printf_flags_ss_wp.o(.constdata)
    .conststring                             0x08008dfc   Section       40  usmart.o(.conststring)
    .conststring                             0x08008e24   Section      503  usmart_config.o(.conststring)
    .data                                    0x20000000   Section       20  system_stm32f10x.o(.data)
    .data                                    0x20000014   Section        4  delay.o(.data)
    fac_us                                   0x20000014   Data           1  delay.o(.data)
    fac_ms                                   0x20000016   Data           2  delay.o(.data)
    .data                                    0x20000018   Section        6  usart.o(.data)
    .data                                    0x2000001e   Section       20  stm32f10x_rcc.o(.data)
    APBAHBPrescTable                         0x2000001e   Data          16  stm32f10x_rcc.o(.data)
    ADCPrescTable                            0x2000002e   Data           4  stm32f10x_rcc.o(.data)
    .data                                    0x20000032   Section        4  time.o(.data)
    .data                                    0x20000036   Section        4  lcd.o(.data)
    .data                                    0x2000003a   Section        2  rtc.o(.data)
    daycnt                                   0x2000003a   Data           2  rtc.o(.data)
    .data                                    0x2000003c   Section       28  usmart.o(.data)
    .data                                    0x20000058   Section      340  usmart_config.o(.data)
    .bss                                     0x200001ac   Section      200  usart.o(.bss)
    .bss                                     0x20000274   Section       14  lcd.o(.bss)
    .bss                                     0x20000282   Section       10  rtc.o(.bss)
    .bss                                     0x2000028c   Section       96  libspace.o(.bss)
    HEAP                                     0x200002f0   Section      512  startup_stm32f10x_hd.o(HEAP)
    Heap_Mem                                 0x200002f0   Data         512  startup_stm32f10x_hd.o(HEAP)
    STACK                                    0x200004f0   Section     1024  startup_stm32f10x_hd.o(STACK)
    Stack_Mem                                0x200004f0   Data        1024  startup_stm32f10x_hd.o(STACK)
    __initial_sp                             0x200008f0   Data           0  startup_stm32f10x_hd.o(STACK)

    Global Symbols

    Symbol Name                              Value     Ov Type        Size  Object(Section)

    BuildAttributes$$THM_ISAv4$P$D$K$B$S$PE$A:L22UL41UL21$X:L11$S22US41US21$IEEE1$IW$USESV6$~STKCKD$USESV7$~SHL$OSPACE$ROPI$EBA8$UX$STANDARDLIB$REQ8$PRES8$EABIv2 0x00000000   Number         0  anon$$obj.o ABSOLUTE
    __ARM_use_no_argv                        0x00000000   Number         0  main.o ABSOLUTE
    _printf_flags                            0x00000000   Number         0  printf_stubs.o ABSOLUTE
    _printf_return_value                     0x00000000   Number         0  printf_stubs.o ABSOLUTE
    _printf_sizespec                         0x00000000   Number         0  printf_stubs.o ABSOLUTE
    _printf_widthprec                        0x00000000   Number         0  printf_stubs.o ABSOLUTE
    __ARM_exceptions_init                     - Undefined Weak Reference
    __alloca_initialize                       - Undefined Weak Reference
    __arm_preinit_                            - Undefined Weak Reference
    __cpp_initialize__aeabi_                  - Undefined Weak Reference
    __cxa_finalize                            - Undefined Weak Reference
    __rt_locale                               - Undefined Weak Reference
    __sigvec_lookup                           - Undefined Weak Reference
    _atexit_init                              - Undefined Weak Reference
    _call_atexit_fns                          - Undefined Weak Reference
    _clock_init                               - Undefined Weak Reference
    _fp_trap_init                             - Undefined Weak Reference
    _fp_trap_shutdown                         - Undefined Weak Reference
    _get_lc_collate                           - Undefined Weak Reference
    _get_lc_ctype                             - Undefined Weak Reference
    _get_lc_monetary                          - Undefined Weak Reference
    _get_lc_numeric                           - Undefined Weak Reference
    _get_lc_time                              - Undefined Weak Reference
    _getenv_init                              - Undefined Weak Reference
    _handle_redirection                       - Undefined Weak Reference
    _init_alloc                               - Undefined Weak Reference
    _init_user_alloc                          - Undefined Weak Reference
    _initio                                   - Undefined Weak Reference
    _mutex_acquire                            - Undefined Weak Reference
    _mutex_release                            - Undefined Weak Reference
    _printf_mbtowc                            - Undefined Weak Reference
    _printf_truncate_signed                   - Undefined Weak Reference
    _printf_truncate_unsigned                 - Undefined Weak Reference
    _rand_init                                - Undefined Weak Reference
    _signal_finish                            - Undefined Weak Reference
    _signal_init                              - Undefined Weak Reference
    _terminate_alloc                          - Undefined Weak Reference
    _terminate_user_alloc                     - Undefined Weak Reference
    _terminateio                              - Undefined Weak Reference
    __Vectors_Size                           0x00000130   Number         0  startup_stm32f10x_hd.o ABSOLUTE
    __Vectors                                0x08000000   Data           4  startup_stm32f10x_hd.o(RESET)
    __Vectors_End                            0x08000130   Data           0  startup_stm32f10x_hd.o(RESET)
    __main                                   0x08000131   Thumb Code     8  __main.o(!!!main)
    __scatterload                            0x08000139   Thumb Code     0  __scatter.o(!!!scatter)
    __scatterload_rt2                        0x08000139   Thumb Code    44  __scatter.o(!!!scatter)
    __scatterload_rt2_thumb_only             0x08000139   Thumb Code     0  __scatter.o(!!!scatter)
    __scatterload_null                       0x08000147   Thumb Code     0  __scatter.o(!!!scatter)
    __decompress                             0x0800016d   Thumb Code    90  __dczerorl2.o(!!dczerorl2)
    __decompress1                            0x0800016d   Thumb Code     0  __dczerorl2.o(!!dczerorl2)
    __scatterload_zeroinit                   0x080001c9   Thumb Code    28  __scatter_zi.o(!!handler_zi)
    _printf_d                                0x080001e5   Thumb Code     0  _printf_d.o(.ARM.Collect$$_printf_percent$$00000009)
    _printf_percent                          0x080001e5   Thumb Code     0  _printf_percent.o(.ARM.Collect$$_printf_percent$$00000000)
    _printf_u                                0x080001eb   Thumb Code     0  _printf_u.o(.ARM.Collect$$_printf_percent$$0000000A)
    _printf_x                                0x080001f1   Thumb Code     0  _printf_x.o(.ARM.Collect$$_printf_percent$$0000000C)
    _printf_c                                0x080001f7   Thumb Code     0  _printf_c.o(.ARM.Collect$$_printf_percent$$00000013)
    _printf_s                                0x080001fd   Thumb Code     0  _printf_s.o(.ARM.Collect$$_printf_percent$$00000014)
    _printf_percent_end                      0x08000203   Thumb Code     0  _printf_percent_end.o(.ARM.Collect$$_printf_percent$$00000017)
    __rt_lib_init                            0x08000207   Thumb Code     0  libinit.o(.ARM.Collect$$libinit$$00000000)
    __rt_lib_init_alloca_1                   0x08000209   Thumb Code     0  libinit2.o(.ARM.Collect$$libinit$$0000002E)
    __rt_lib_init_argv_1                     0x08000209   Thumb Code     0  libinit2.o(.ARM.Collect$$libinit$$0000002C)
    __rt_lib_init_atexit_1                   0x08000209   Thumb Code     0  libinit2.o(.ARM.Collect$$libinit$$0000001B)
    __rt_lib_init_clock_1                    0x08000209   Thumb Code     0  libinit2.o(.ARM.Collect$$libinit$$00000021)
    __rt_lib_init_cpp_1                      0x08000209   Thumb Code     0  libinit2.o(.ARM.Collect$$libinit$$00000032)
    __rt_lib_init_exceptions_1               0x08000209   Thumb Code     0  libinit2.o(.ARM.Collect$$libinit$$00000030)
    __rt_lib_init_fp_1                       0x08000209   Thumb Code     0  libinit2.o(.ARM.Collect$$libinit$$00000002)
    __rt_lib_init_fp_trap_1                  0x08000209   Thumb Code     0  libinit2.o(.ARM.Collect$$libinit$$0000001F)
    __rt_lib_init_getenv_1                   0x08000209   Thumb Code     0  libinit2.o(.ARM.Collect$$libinit$$00000023)
    __rt_lib_init_heap_1                     0x08000209   Thumb Code     0  libinit2.o(.ARM.Collect$$libinit$$0000000A)
    __rt_lib_init_lc_collate_1               0x08000209   Thumb Code     0  libinit2.o(.ARM.Collect$$libinit$$00000011)
    __rt_lib_init_lc_ctype_1                 0x08000209   Thumb Code     0  libinit2.o(.ARM.Collect$$libinit$$00000013)
    __rt_lib_init_lc_monetary_1              0x08000209   Thumb Code     0  libinit2.o(.ARM.Collect$$libinit$$00000015)
    __rt_lib_init_lc_numeric_1               0x08000209   Thumb Code     0  libinit2.o(.ARM.Collect$$libinit$$00000017)
    __rt_lib_init_lc_time_1                  0x08000209   Thumb Code     0  libinit2.o(.ARM.Collect$$libinit$$00000019)
    __rt_lib_init_preinit_1                  0x08000209   Thumb Code     0  libinit2.o(.ARM.Collect$$libinit$$00000004)
    __rt_lib_init_rand_1                     0x08000209   Thumb Code     0  libinit2.o(.ARM.Collect$$libinit$$0000000E)
    __rt_lib_init_return                     0x08000209   Thumb Code     0  libinit2.o(.ARM.Collect$$libinit$$00000033)
    __rt_lib_init_signal_1                   0x08000209   Thumb Code     0  libinit2.o(.ARM.Collect$$libinit$$0000001D)
    __rt_lib_init_stdio_1                    0x08000209   Thumb Code     0  libinit2.o(.ARM.Collect$$libinit$$00000025)
    __rt_lib_init_user_alloc_1               0x08000209   Thumb Code     0  libinit2.o(.ARM.Collect$$libinit$$0000000C)
    __rt_lib_shutdown                        0x0800020b   Thumb Code     0  libshutdown.o(.ARM.Collect$$libshutdown$$00000000)
    __rt_lib_shutdown_fp_trap_1              0x0800020d   Thumb Code     0  libshutdown2.o(.ARM.Collect$$libshutdown$$00000006)
    __rt_lib_shutdown_heap_1                 0x0800020d   Thumb Code     0  libshutdown2.o(.ARM.Collect$$libshutdown$$0000000E)
    __rt_lib_shutdown_return                 0x0800020d   Thumb Code     0  libshutdown2.o(.ARM.Collect$$libshutdown$$0000000F)
    __rt_lib_shutdown_signal_1               0x0800020d   Thumb Code     0  libshutdown2.o(.ARM.Collect$$libshutdown$$00000009)
    __rt_lib_shutdown_stdio_1                0x0800020d   Thumb Code     0  libshutdown2.o(.ARM.Collect$$libshutdown$$00000003)
    __rt_lib_shutdown_user_alloc_1           0x0800020d   Thumb Code     0  libshutdown2.o(.ARM.Collect$$libshutdown$$0000000B)
    __rt_entry                               0x0800020f   Thumb Code     0  __rtentry.o(.ARM.Collect$$rtentry$$00000000)
    __rt_entry_presh_1                       0x0800020f   Thumb Code     0  __rtentry2.o(.ARM.Collect$$rtentry$$00000002)
    __rt_entry_sh                            0x0800020f   Thumb Code     0  __rtentry4.o(.ARM.Collect$$rtentry$$00000004)
    __rt_entry_li                            0x08000215   Thumb Code     0  __rtentry2.o(.ARM.Collect$$rtentry$$0000000A)
    __rt_entry_postsh_1                      0x08000215   Thumb Code     0  __rtentry2.o(.ARM.Collect$$rtentry$$00000009)
    __rt_entry_main                          0x08000219   Thumb Code     0  __rtentry2.o(.ARM.Collect$$rtentry$$0000000D)
    __rt_entry_postli_1                      0x08000219   Thumb Code     0  __rtentry2.o(.ARM.Collect$$rtentry$$0000000C)
    __rt_exit                                0x08000221   Thumb Code     0  rtexit.o(.ARM.Collect$$rtexit$$00000000)
    __rt_exit_ls                             0x08000223   Thumb Code     0  rtexit2.o(.ARM.Collect$$rtexit$$00000003)
    __rt_exit_prels_1                        0x08000223   Thumb Code     0  rtexit2.o(.ARM.Collect$$rtexit$$00000002)
    __rt_exit_exit                           0x08000227   Thumb Code     0  rtexit2.o(.ARM.Collect$$rtexit$$00000004)
    Reset_Handler                            0x0800022d   Thumb Code     8  startup_stm32f10x_hd.o(.text)
    ADC1_2_IRQHandler                        0x08000247   Thumb Code     0  startup_stm32f10x_hd.o(.text)
    ADC3_IRQHandler                          0x08000247   Thumb Code     0  startup_stm32f10x_hd.o(.text)
    CAN1_RX1_IRQHandler                      0x08000247   Thumb Code     0  startup_stm32f10x_hd.o(.text)
    CAN1_SCE_IRQHandler                      0x08000247   Thumb Code     0  startup_stm32f10x_hd.o(.text)
    DMA1_Channel1_IRQHandler                 0x08000247   Thumb Code     0  startup_stm32f10x_hd.o(.text)
    DMA1_Channel2_IRQHandler                 0x08000247   Thumb Code     0  startup_stm32f10x_hd.o(.text)
    DMA1_Channel3_IRQHandler                 0x08000247   Thumb Code     0  startup_stm32f10x_hd.o(.text)
    DMA1_Channel4_IRQHandler                 0x08000247   Thumb Code     0  startup_stm32f10x_hd.o(.text)
    DMA1_Channel5_IRQHandler                 0x08000247   Thumb Code     0  startup_stm32f10x_hd.o(.text)
    DMA1_Channel6_IRQHandler                 0x08000247   Thumb Code     0  startup_stm32f10x_hd.o(.text)
    DMA1_Channel7_IRQHandler                 0x08000247   Thumb Code     0  startup_stm32f10x_hd.o(.text)
    DMA2_Channel1_IRQHandler                 0x08000247   Thumb Code     0  startup_stm32f10x_hd.o(.text)
    DMA2_Channel2_IRQHandler                 0x08000247   Thumb Code     0  startup_stm32f10x_hd.o(.text)
    DMA2_Channel3_IRQHandler                 0x08000247   Thumb Code     0  startup_stm32f10x_hd.o(.text)
    DMA2_Channel4_5_IRQHandler               0x08000247   Thumb Code     0  startup_stm32f10x_hd.o(.text)
    EXTI15_10_IRQHandler                     0x08000247   Thumb Code     0  startup_stm32f10x_hd.o(.text)
    EXTI1_IRQHandler                         0x08000247   Thumb Code     0  startup_stm32f10x_hd.o(.text)
    EXTI2_IRQHandler                         0x08000247   Thumb Code     0  startup_stm32f10x_hd.o(.text)
    EXTI3_IRQHandler                         0x08000247   Thumb Code     0  startup_stm32f10x_hd.o(.text)
    EXTI4_IRQHandler                         0x08000247   Thumb Code     0  startup_stm32f10x_hd.o(.text)
    EXTI9_5_IRQHandler                       0x08000247   Thumb Code     0  startup_stm32f10x_hd.o(.text)
    FLASH_IRQHandler                         0x08000247   Thumb Code     0  startup_stm32f10x_hd.o(.text)
    FSMC_IRQHandler                          0x08000247   Thumb Code     0  startup_stm32f10x_hd.o(.text)
    I2C1_ER_IRQHandler                       0x08000247   Thumb Code     0  startup_stm32f10x_hd.o(.text)
    I2C1_EV_IRQHandler                       0x08000247   Thumb Code     0  startup_stm32f10x_hd.o(.text)
    I2C2_ER_IRQHandler                       0x08000247   Thumb Code     0  startup_stm32f10x_hd.o(.text)
    I2C2_EV_IRQHandler                       0x08000247   Thumb Code     0  startup_stm32f10x_hd.o(.text)
    PVD_IRQHandler                           0x08000247   Thumb Code     0  startup_stm32f10x_hd.o(.text)
    RCC_IRQHandler                           0x08000247   Thumb Code     0  startup_stm32f10x_hd.o(.text)
    RTCAlarm_IRQHandler                      0x08000247   Thumb Code     0  startup_stm32f10x_hd.o(.text)
    SDIO_IRQHandler                          0x08000247   Thumb Code     0  startup_stm32f10x_hd.o(.text)
    SPI1_IRQHandler                          0x08000247   Thumb Code     0  startup_stm32f10x_hd.o(.text)
    SPI2_IRQHandler                          0x08000247   Thumb Code     0  startup_stm32f10x_hd.o(.text)
    SPI3_IRQHandler                          0x08000247   Thumb Code     0  startup_stm32f10x_hd.o(.text)
    TAMPER_IRQHandler                        0x08000247   Thumb Code     0  startup_stm32f10x_hd.o(.text)
    TIM1_BRK_IRQHandler                      0x08000247   Thumb Code     0  startup_stm32f10x_hd.o(.text)
    TIM1_CC_IRQHandler                       0x08000247   Thumb Code     0  startup_stm32f10x_hd.o(.text)
    TIM1_TRG_COM_IRQHandler                  0x08000247   Thumb Code     0  startup_stm32f10x_hd.o(.text)
    TIM1_UP_IRQHandler                       0x08000247   Thumb Code     0  startup_stm32f10x_hd.o(.text)
    TIM2_IRQHandler                          0x08000247   Thumb Code     0  startup_stm32f10x_hd.o(.text)
    TIM6_IRQHandler                          0x08000247   Thumb Code     0  startup_stm32f10x_hd.o(.text)
    TIM7_IRQHandler                          0x08000247   Thumb Code     0  startup_stm32f10x_hd.o(.text)
    TIM8_BRK_IRQHandler                      0x08000247   Thumb Code     0  startup_stm32f10x_hd.o(.text)
    TIM8_CC_IRQHandler                       0x08000247   Thumb Code     0  startup_stm32f10x_hd.o(.text)
    TIM8_TRG_COM_IRQHandler                  0x08000247   Thumb Code     0  startup_stm32f10x_hd.o(.text)
    TIM8_UP_IRQHandler                       0x08000247   Thumb Code     0  startup_stm32f10x_hd.o(.text)
    UART4_IRQHandler                         0x08000247   Thumb Code     0  startup_stm32f10x_hd.o(.text)
    UART5_IRQHandler                         0x08000247   Thumb Code     0  startup_stm32f10x_hd.o(.text)
    USART2_IRQHandler                        0x08000247   Thumb Code     0  startup_stm32f10x_hd.o(.text)
    USART3_IRQHandler                        0x08000247   Thumb Code     0  startup_stm32f10x_hd.o(.text)
    USBWakeUp_IRQHandler                     0x08000247   Thumb Code     0  startup_stm32f10x_hd.o(.text)
    USB_HP_CAN1_TX_IRQHandler                0x08000247   Thumb Code     0  startup_stm32f10x_hd.o(.text)
    USB_LP_CAN1_RX0_IRQHandler               0x08000247   Thumb Code     0  startup_stm32f10x_hd.o(.text)
    __user_initial_stackheap                 0x08000249   Thumb Code     0  startup_stm32f10x_hd.o(.text)
    __use_no_semihosting                     0x0800026d   Thumb Code     2  use_no_semi_2.o(.text)
    __2printf                                0x08000271   Thumb Code    20  noretval__2printf.o(.text)
    _printf_pre_padding                      0x08000289   Thumb Code    44  _printf_pad.o(.text)
    _printf_post_padding                     0x080002b5   Thumb Code    34  _printf_pad.o(.text)
    _printf_str                              0x080002d7   Thumb Code    82  _printf_str.o(.text)
    _printf_int_dec                          0x08000329   Thumb Code   104  _printf_dec.o(.text)
    _printf_int_hex                          0x080003a1   Thumb Code    84  _printf_hex_int.o(.text)
    _printf_longlong_hex                     0x080003a1   Thumb Code     0  _printf_hex_int.o(.text)
    __printf                                 0x080003f9   Thumb Code   388  __printf_flags_ss_wp.o(.text)
    __use_two_region_memory                  0x08000581   Thumb Code     2  heapauxi.o(.text)
    __rt_heap_escrow$2region                 0x08000583   Thumb Code     2  heapauxi.o(.text)
    __rt_heap_expand$2region                 0x08000585   Thumb Code     2  heapauxi.o(.text)
    __I$use$semihosting                      0x08000587   Thumb Code     0  use_no_semi.o(.text)
    __use_no_semihosting_swi                 0x08000587   Thumb Code     2  use_no_semi.o(.text)
    _printf_int_common                       0x08000589   Thumb Code   178  _printf_intcommon.o(.text)
    _printf_cs_common                        0x0800063b   Thumb Code    20  _printf_char.o(.text)
    _printf_char                             0x0800064f   Thumb Code    16  _printf_char.o(.text)
    _printf_string                           0x0800065f   Thumb Code     8  _printf_char.o(.text)
    _printf_char_file                        0x08000669   Thumb Code    32  _printf_char_file.o(.text)
    _printf_char_common                      0x08000697   Thumb Code    32  _printf_char_common.o(.text)
    ferror                                   0x080006bd   Thumb Code     8  ferror.o(.text)
    __user_setup_stackheap                   0x080006c5   Thumb Code    74  sys_stackheap_outer.o(.text)
    exit                                     0x0800070f   Thumb Code    12  exit.o(.text)
    __user_libspace                          0x0800071d   Thumb Code     8  libspace.o(.text)
    __user_perproc_libspace                  0x0800071d   Thumb Code     0  libspace.o(.text)
    __user_perthread_libspace                0x0800071d   Thumb Code     0  libspace.o(.text)
    ADC_Cmd                                  0x08000725   Thumb Code    22  stm32f10x_adc.o(i.ADC_Cmd)
    ADC_DeInit                               0x0800073d   Thumb Code    78  stm32f10x_adc.o(i.ADC_DeInit)
    ADC_GetCalibrationStatus                 0x08000799   Thumb Code    20  stm32f10x_adc.o(i.ADC_GetCalibrationStatus)
    ADC_GetConversionValue                   0x080007ad   Thumb Code     8  stm32f10x_adc.o(i.ADC_GetConversionValue)
    ADC_GetFlagStatus                        0x080007b5   Thumb Code    18  stm32f10x_adc.o(i.ADC_GetFlagStatus)
    ADC_GetResetCalibrationStatus            0x080007c7   Thumb Code    20  stm32f10x_adc.o(i.ADC_GetResetCalibrationStatus)
    ADC_Init                                 0x080007dd   Thumb Code    70  stm32f10x_adc.o(i.ADC_Init)
    ADC_RegularChannelConfig                 0x0800082d   Thumb Code   184  stm32f10x_adc.o(i.ADC_RegularChannelConfig)
    ADC_ResetCalibration                     0x080008e5   Thumb Code    10  stm32f10x_adc.o(i.ADC_ResetCalibration)
    ADC_SoftwareStartConvCmd                 0x080008ef   Thumb Code    22  stm32f10x_adc.o(i.ADC_SoftwareStartConvCmd)
    ADC_StartCalibration                     0x08000905   Thumb Code    10  stm32f10x_adc.o(i.ADC_StartCalibration)
    BusFault_Handler                         0x0800090f   Thumb Code     4  stm32f10x_it.o(i.BusFault_Handler)
    Check_WKUP                               0x08000915   Thumb Code    54  wkup.o(i.Check_WKUP)
    DebugMon_Handler                         0x08000955   Thumb Code     2  stm32f10x_it.o(i.DebugMon_Handler)
    EXTI0_IRQHandler                         0x08000957   Thumb Code    20  wkup.o(i.EXTI0_IRQHandler)
    EXTI_ClearITPendingBit                   0x0800096d   Thumb Code     6  stm32f10x_exti.o(i.EXTI_ClearITPendingBit)
    FSMC_NORSRAMCmd                          0x08000979   Thumb Code    46  stm32f10x_fsmc.o(i.FSMC_NORSRAMCmd)
    FSMC_NORSRAMInit                         0x080009ad   Thumb Code   230  stm32f10x_fsmc.o(i.FSMC_NORSRAMInit)
    GPIO_Init                                0x08000a93   Thumb Code   278  stm32f10x_gpio.o(i.GPIO_Init)
    GPIO_SetBits                             0x08000ba9   Thumb Code     4  stm32f10x_gpio.o(i.GPIO_SetBits)
    Get_Adc3                                 0x08000bad   Thumb Code    46  lsens.o(i.Get_Adc3)
    HardFault_Handler                        0x08000be1   Thumb Code     4  stm32f10x_it.o(i.HardFault_Handler)
    Is_Leap_Year                             0x08000be5   Thumb Code    58  rtc.o(i.Is_Leap_Year)
    LCD_BGR2RGB                              0x08000c1f   Thumb Code    26  lcd.o(i.LCD_BGR2RGB)
    LCD_Clear                                0x08000c39   Thumb Code   100  lcd.o(i.LCD_Clear)
    LCD_Display_Dir                          0x08000ca5   Thumb Code   444  lcd.o(i.LCD_Display_Dir)
    LCD_DrawLine                             0x08000e65   Thumb Code   176  lcd.o(i.LCD_DrawLine)
    LCD_DrawPoint                            0x08000f15   Thumb Code    28  lcd.o(i.LCD_DrawPoint)
    LCD_DrawRectangle                        0x08000f39   Thumb Code    60  lcd.o(i.LCD_DrawRectangle)
    LCD_Draw_Circle                          0x08000f75   Thumb Code   152  lcd.o(i.LCD_Draw_Circle)
    LCD_Fast_DrawPoint                       0x0800100d   Thumb Code   370  lcd.o(i.LCD_Fast_DrawPoint)
    LCD_Fill                                 0x08001189   Thumb Code   178  lcd.o(i.LCD_Fill)
    LCD_Init                                 0x08001245   Thumb Code 14186  lcd.o(i.LCD_Init)
    LCD_Pow                                  0x080049b9   Thumb Code    22  lcd.o(i.LCD_Pow)
    LCD_RD_DATA                              0x080049d1   Thumb Code    14  lcd.o(i.LCD_RD_DATA)
    LCD_ReadPoint                            0x080049e5   Thumb Code   360  lcd.o(i.LCD_ReadPoint)
    LCD_ReadReg                              0x08004b51   Thumb Code    22  lcd.o(i.LCD_ReadReg)
    LCD_SSD_BackLightSet                     0x08004b69   Thumb Code    80  lcd.o(i.LCD_SSD_BackLightSet)
    LCD_Scan_Dir                             0x08004bbd   Thumb Code   744  lcd.o(i.LCD_Scan_Dir)
    LCD_SetCursor                            0x08004ea9   Thumb Code   418  lcd.o(i.LCD_SetCursor)
    LCD_ShowChar                             0x08005051   Thumb Code   272  lcd.o(i.LCD_ShowChar)
    LCD_ShowNum                              0x08005179   Thumb Code   148  lcd.o(i.LCD_ShowNum)
    LCD_ShowString                           0x0800520d   Thumb Code   102  lcd.o(i.LCD_ShowString)
    LCD_ShowxNum                             0x08005273   Thumb Code   190  lcd.o(i.LCD_ShowxNum)
    LCD_WR_DATA                              0x08005331   Thumb Code     6  lcd.o(i.LCD_WR_DATA)
    LCD_WR_REG                               0x0800533d   Thumb Code     6  lcd.o(i.LCD_WR_REG)
    LCD_WriteRAM_Prepare                     0x08005349   Thumb Code    10  lcd.o(i.LCD_WriteRAM_Prepare)
    LCD_WriteReg                             0x0800535d   Thumb Code    10  lcd.o(i.LCD_WriteReg)
    LED_Init                                 0x0800536d   Thumb Code    68  led.o(i.LED_Init)
    Lsens_Get_Val                            0x080053b9   Thumb Code    60  lsens.o(i.Lsens_Get_Val)
    Lsens_Init                               0x080053f5   Thumb Code   150  lsens.o(i.Lsens_Init)
    MemManage_Handler                        0x08005495   Thumb Code     4  stm32f10x_it.o(i.MemManage_Handler)
    NMI_Handler                              0x08005499   Thumb Code     2  stm32f10x_it.o(i.NMI_Handler)
    NVIC_Init                                0x0800549d   Thumb Code   100  misc.o(i.NVIC_Init)
    NVIC_PriorityGroupConfig                 0x0800550d   Thumb Code    10  misc.o(i.NVIC_PriorityGroupConfig)
    PWR_EnterSTANDBYMode                     0x08005521   Thumb Code    42  stm32f10x_pwr.o(i.PWR_EnterSTANDBYMode)
    PWR_WakeUpPinCmd                         0x08005555   Thumb Code     6  stm32f10x_pwr.o(i.PWR_WakeUpPinCmd)
    PendSV_Handler                           0x08005561   Thumb Code     2  stm32f10x_it.o(i.PendSV_Handler)
    RCC_AHBPeriphClockCmd                    0x08005565   Thumb Code    26  stm32f10x_rcc.o(i.RCC_AHBPeriphClockCmd)
    RCC_APB1PeriphClockCmd                   0x08005585   Thumb Code    26  stm32f10x_rcc.o(i.RCC_APB1PeriphClockCmd)
    RCC_APB2PeriphClockCmd                   0x080055a5   Thumb Code    26  stm32f10x_rcc.o(i.RCC_APB2PeriphClockCmd)
    RCC_APB2PeriphResetCmd                   0x080055c5   Thumb Code    26  stm32f10x_rcc.o(i.RCC_APB2PeriphResetCmd)
    RCC_GetClocksFreq                        0x080055e5   Thumb Code   192  stm32f10x_rcc.o(i.RCC_GetClocksFreq)
    RTC_ClearITPendingBit                    0x080056b9   Thumb Code    12  stm32f10x_rtc.o(i.RTC_ClearITPendingBit)
    RTC_Get                                  0x080056c9   Thumb Code   240  rtc.o(i.RTC_Get)
    RTC_GetCounter                           0x080057c9   Thumb Code    16  stm32f10x_rtc.o(i.RTC_GetCounter)
    RTC_GetITStatus                          0x080057dd   Thumb Code    32  stm32f10x_rtc.o(i.RTC_GetITStatus)
    RTC_Get_Week                             0x08005801   Thumb Code   116  rtc.o(i.RTC_Get_Week)
    RTC_IRQHandler                           0x08005879   Thumb Code    76  rtc.o(i.RTC_IRQHandler)
    RTC_WaitForLastTask                      0x080058e9   Thumb Code    16  stm32f10x_rtc.o(i.RTC_WaitForLastTask)
    SVC_Handler                              0x080058fd   Thumb Code     2  stm32f10x_it.o(i.SVC_Handler)
    SysTick_CLKSourceConfig                  0x080059e9   Thumb Code    40  misc.o(i.SysTick_CLKSourceConfig)
    SysTick_Handler                          0x08005a11   Thumb Code     2  stm32f10x_it.o(i.SysTick_Handler)
    Sys_Enter_Standby                        0x08005a13   Thumb Code    18  wkup.o(i.Sys_Enter_Standby)
    Sys_Standby                              0x08005a25   Thumb Code    22  wkup.o(i.Sys_Standby)
    SystemInit                               0x08005a3d   Thumb Code    78  system_stm32f10x.o(i.SystemInit)
    TIM3_IRQHandler                          0x08005a9d   Thumb Code    38  time.o(i.TIM3_IRQHandler)
    TIM4_IRQHandler                          0x08005acd   Thumb Code    46  usmart.o(i.TIM4_IRQHandler)
    TIM5_IRQHandler                          0x08005b05   Thumb Code   176  time.o(i.TIM5_IRQHandler)
    TIM_ClearFlag                            0x08005bc1   Thumb Code     6  stm32f10x_tim.o(i.TIM_ClearFlag)
    TIM_ClearITPendingBit                    0x08005bc7   Thumb Code     6  stm32f10x_tim.o(i.TIM_ClearITPendingBit)
    TIM_Cmd                                  0x08005bcd   Thumb Code    24  stm32f10x_tim.o(i.TIM_Cmd)
    TIM_GetCapture1                          0x08005be5   Thumb Code     6  stm32f10x_tim.o(i.TIM_GetCapture1)
    TIM_GetCounter                           0x08005beb   Thumb Code     6  stm32f10x_tim.o(i.TIM_GetCounter)
    TIM_GetFlagStatus                        0x08005bf1   Thumb Code    18  stm32f10x_tim.o(i.TIM_GetFlagStatus)
    TIM_GetITStatus                          0x08005c03   Thumb Code    34  stm32f10x_tim.o(i.TIM_GetITStatus)
    TIM_ITConfig                             0x08005c25   Thumb Code    18  stm32f10x_tim.o(i.TIM_ITConfig)
    TIM_OC1PolarityConfig                    0x08005c37   Thumb Code    18  stm32f10x_tim.o(i.TIM_OC1PolarityConfig)
    TIM_SetAutoreload                        0x08005c49   Thumb Code     4  stm32f10x_tim.o(i.TIM_SetAutoreload)
    TIM_SetCounter                           0x08005c4d   Thumb Code     4  stm32f10x_tim.o(i.TIM_SetCounter)
    TIM_TimeBaseInit                         0x08005c51   Thumb Code   122  stm32f10x_tim.o(i.TIM_TimeBaseInit)
    Timer4_Init                              0x08005cf5   Thumb Code    88  usmart.o(i.Timer4_Init)
    USART1_IRQHandler                        0x08005d51   Thumb Code   122  usart.o(i.USART1_IRQHandler)
    USART_Cmd                                0x08005dd9   Thumb Code    24  stm32f10x_usart.o(i.USART_Cmd)
    USART_GetITStatus                        0x08005df1   Thumb Code    84  stm32f10x_usart.o(i.USART_GetITStatus)
    USART_ITConfig                           0x08005e45   Thumb Code    74  stm32f10x_usart.o(i.USART_ITConfig)
    USART_Init                               0x08005e91   Thumb Code   210  stm32f10x_usart.o(i.USART_Init)
    USART_ReceiveData                        0x08005f69   Thumb Code    10  stm32f10x_usart.o(i.USART_ReceiveData)
    UsageFault_Handler                       0x08005f73   Thumb Code     4  stm32f10x_it.o(i.UsageFault_Handler)
    WWDG_ClearFlag                           0x08005f79   Thumb Code     8  stm32f10x_wwdg.o(i.WWDG_ClearFlag)
    WWDG_IRQHandler                          0x08005f85   Thumb Code    24  wdg.o(i.WWDG_IRQHandler)
    _is_digit                                0x08005fa1   Thumb Code    14  __printf_wp.o(i._is_digit)
    _sys_exit                                0x08005faf   Thumb Code     6  usart.o(i._sys_exit)
    delay_init                               0x08005fb5   Thumb Code    50  delay.o(i.delay_init)
    delay_ms                                 0x08005ff9   Thumb Code    72  delay.o(i.delay_ms)
    delay_us                                 0x08006045   Thumb Code    72  delay.o(i.delay_us)
    fputc                                    0x08006091   Thumb Code    24  usart.o(i.fputc)
    main                                     0x080060ad   Thumb Code   200  main.o(i.main)
    opt_delay                                0x080061c1   Thumb Code    14  lcd.o(i.opt_delay)
    read_addr                                0x080061cf   Thumb Code     6  usmart.o(i.read_addr)
    uart_init                                0x080061d5   Thumb Code   152  usart.o(i.uart_init)
    usmart_cmd_rec                           0x08006275   Thumb Code   170  usmart.o(i.usmart_cmd_rec)
    usmart_exe                               0x08006325   Thumb Code   632  usmart.o(i.usmart_exe)
    usmart_get_aparm                         0x080065f9   Thumb Code   200  usmart_str.o(i.usmart_get_aparm)
    usmart_get_cmdname                       0x080066c1   Thumb Code    54  usmart_str.o(i.usmart_get_cmdname)
    usmart_get_fname                         0x080066f9   Thumb Code   440  usmart_str.o(i.usmart_get_fname)
    usmart_get_fparam                        0x080068b9   Thumb Code   262  usmart_str.o(i.usmart_get_fparam)
    usmart_get_parmpos                       0x080069c5   Thumb Code    26  usmart_str.o(i.usmart_get_parmpos)
    usmart_get_runtime                       0x080069e5   Thumb Code    60  usmart.o(i.usmart_get_runtime)
    usmart_init                              0x08006a29   Thumb Code    36  usmart.o(i.usmart_init)
    usmart_pow                               0x08006a51   Thumb Code    22  usmart_str.o(i.usmart_pow)
    usmart_reset_runtime                     0x08006a69   Thumb Code    38  usmart.o(i.usmart_reset_runtime)
    usmart_scan                              0x08006a99   Thumb Code   120  usmart.o(i.usmart_scan)
    usmart_search_nextc                      0x08006b55   Thumb Code    22  usmart_str.o(i.usmart_search_nextc)
    usmart_str2num                           0x08006b6b   Thumb Code   202  usmart_str.o(i.usmart_str2num)
    usmart_strcmp                            0x08006c35   Thumb Code    34  usmart_str.o(i.usmart_strcmp)
    usmart_strcopy                           0x08006c57   Thumb Code    22  usmart_str.o(i.usmart_strcopy)
    usmart_strlen                            0x08006c6d   Thumb Code    24  usmart_str.o(i.usmart_strlen)
    usmart_sys_cmd_exe                       0x08006c85   Thumb Code  1554  usmart.o(i.usmart_sys_cmd_exe)
    write_addr                               0x08007369   Thumb Code     4  usmart.o(i.write_addr)
    __aeabi_d2uiz                            0x0800736d   Thumb Code     0  dfixu.o(x$fpl$dfixu)
    _dfixu                                   0x0800736d   Thumb Code    90  dfixu.o(x$fpl$dfixu)
    __aeabi_ui2d                             0x080073c7   Thumb Code     0  dflt_clz.o(x$fpl$dfltu)
    _dfltu                                   0x080073c7   Thumb Code    38  dflt_clz.o(x$fpl$dfltu)
    __aeabi_dmul                             0x080073ed   Thumb Code     0  dmul.o(x$fpl$dmul)
    _dmul                                    0x080073ed   Thumb Code   332  dmul.o(x$fpl$dmul)
    __fpl_dnaninf                            0x08007541   Thumb Code   156  dnaninf.o(x$fpl$dnaninf)
    __fpl_dretinf                            0x080075dd   Thumb Code    12  dretinf.o(x$fpl$dretinf)
    __I$use$fp                               0x080075e8   Number         0  usenofp.o(x$fpl$usenofp)
    asc2_1206                                0x080075e8   Data        1140  lcd.o(.constdata)
    asc2_1608                                0x08007a5c   Data        1520  lcd.o(.constdata)
    asc2_2412                                0x0800804c   Data        3420  lcd.o(.constdata)
    table_week                               0x08008da8   Data          12  rtc.o(.constdata)
    mon_table                                0x08008db4   Data          12  rtc.o(.constdata)
    Region$$Table$$Base                      0x0800901c   Number         0  anon$$obj.o(Region$$Table)
    Region$$Table$$Limit                     0x0800903c   Number         0  anon$$obj.o(Region$$Table)
    SystemCoreClock                          0x20000000   Data           4  system_stm32f10x.o(.data)
    AHBPrescTable                            0x20000004   Data          16  system_stm32f10x.o(.data)
    __stdout                                 0x20000018   Data           4  usart.o(.data)
    USART_RX_STA                             0x2000001c   Data           2  usart.o(.data)
    TIM5CH1_CAPTURE_STA                      0x20000032   Data           1  time.o(.data)
    TIM5CH1_CAPTURE_VAL                      0x20000034   Data           2  time.o(.data)
    POINT_COLOR                              0x20000036   Data           2  lcd.o(.data)
    BACK_COLOR                               0x20000038   Data           2  lcd.o(.data)
    sys_cmd_tab                              0x2000003c   Data          28  usmart.o(.data)
    usmart_nametab                           0x20000058   Data          96  usmart_config.o(.data)
    usmart_dev                               0x200000b8   Data         244  usmart_config.o(.data)
    USART_RX_BUF                             0x200001ac   Data         200  usart.o(.bss)
    lcddev                                   0x20000274   Data          14  lcd.o(.bss)
    calendar                                 0x20000282   Data          10  rtc.o(.bss)
    __libspace_start                         0x2000028c   Data          96  libspace.o(.bss)
    __temporary_stack_top$libspace           0x200002ec   Data           0  libspace.o(.bss)



==============================================================================

Memory Map of the image

  Image Entry point : 0x0800022d

  Load Region LR_1 (Base: 0x08000000, Size: 0x000091e8, Max: 0xffffffff, ABSOLUTE, COMPRESSED[0x000090d8])

    Execution Region ER_RO (Base: 0x08000000, Size: 0x0000903c, Max: 0xffffffff, ABSOLUTE)

    Base Addr    Size         Type   Attr      Idx    E Section Name        Object

    0x08000000   0x00000130   Data   RO          365    RESET               startup_stm32f10x_hd.o
    0x08000130   0x00000008   Code   RO         4169  * !!!main             c_w.l(__main.o)
    0x08000138   0x00000034   Code   RO         4395    !!!scatter          c_w.l(__scatter.o)
    0x0800016c   0x0000005a   Code   RO         4393    !!dczerorl2         c_w.l(__dczerorl2.o)
    0x080001c6   0x00000002   PAD
    0x080001c8   0x0000001c   Code   RO         4397    !!handler_zi        c_w.l(__scatter_zi.o)
    0x080001e4   0x00000000   Code   RO         4166    .ARM.Collect$$_printf_percent$$00000000  c_w.l(_printf_percent.o)
    0x080001e4   0x00000006   Code   RO         4164    .ARM.Collect$$_printf_percent$$00000009  c_w.l(_printf_d.o)
    0x080001ea   0x00000006   Code   RO         4165    .ARM.Collect$$_printf_percent$$0000000A  c_w.l(_printf_u.o)
    0x080001f0   0x00000006   Code   RO         4163    .ARM.Collect$$_printf_percent$$0000000C  c_w.l(_printf_x.o)
    0x080001f6   0x00000006   Code   RO         4161    .ARM.Collect$$_printf_percent$$00000013  c_w.l(_printf_c.o)
    0x080001fc   0x00000006   Code   RO         4162    .ARM.Collect$$_printf_percent$$00000014  c_w.l(_printf_s.o)
    0x08000202   0x00000004   Code   RO         4226    .ARM.Collect$$_printf_percent$$00000017  c_w.l(_printf_percent_end.o)
    0x08000206   0x00000002   Code   RO         4268    .ARM.Collect$$libinit$$00000000  c_w.l(libinit.o)
    0x08000208   0x00000000   Code   RO         4275    .ARM.Collect$$libinit$$00000002  c_w.l(libinit2.o)
    0x08000208   0x00000000   Code   RO         4277    .ARM.Collect$$libinit$$00000004  c_w.l(libinit2.o)
    0x08000208   0x00000000   Code   RO         4280    .ARM.Collect$$libinit$$0000000A  c_w.l(libinit2.o)
    0x08000208   0x00000000   Code   RO         4282    .ARM.Collect$$libinit$$0000000C  c_w.l(libinit2.o)
    0x08000208   0x00000000   Code   RO         4284    .ARM.Collect$$libinit$$0000000E  c_w.l(libinit2.o)
    0x08000208   0x00000000   Code   RO         4287    .ARM.Collect$$libinit$$00000011  c_w.l(libinit2.o)
    0x08000208   0x00000000   Code   RO         4289    .ARM.Collect$$libinit$$00000013  c_w.l(libinit2.o)
    0x08000208   0x00000000   Code   RO         4291    .ARM.Collect$$libinit$$00000015  c_w.l(libinit2.o)
    0x08000208   0x00000000   Code   RO         4293    .ARM.Collect$$libinit$$00000017  c_w.l(libinit2.o)
    0x08000208   0x00000000   Code   RO         4295    .ARM.Collect$$libinit$$00000019  c_w.l(libinit2.o)
    0x08000208   0x00000000   Code   RO         4297    .ARM.Collect$$libinit$$0000001B  c_w.l(libinit2.o)
    0x08000208   0x00000000   Code   RO         4299    .ARM.Collect$$libinit$$0000001D  c_w.l(libinit2.o)
    0x08000208   0x00000000   Code   RO         4301    .ARM.Collect$$libinit$$0000001F  c_w.l(libinit2.o)
    0x08000208   0x00000000   Code   RO         4303    .ARM.Collect$$libinit$$00000021  c_w.l(libinit2.o)
    0x08000208   0x00000000   Code   RO         4305    .ARM.Collect$$libinit$$00000023  c_w.l(libinit2.o)
    0x08000208   0x00000000   Code   RO         4307    .ARM.Collect$$libinit$$00000025  c_w.l(libinit2.o)
    0x08000208   0x00000000   Code   RO         4311    .ARM.Collect$$libinit$$0000002C  c_w.l(libinit2.o)
    0x08000208   0x00000000   Code   RO         4313    .ARM.Collect$$libinit$$0000002E  c_w.l(libinit2.o)
    0x08000208   0x00000000   Code   RO         4315    .ARM.Collect$$libinit$$00000030  c_w.l(libinit2.o)
    0x08000208   0x00000000   Code   RO         4317    .ARM.Collect$$libinit$$00000032  c_w.l(libinit2.o)
    0x08000208   0x00000002   Code   RO         4318    .ARM.Collect$$libinit$$00000033  c_w.l(libinit2.o)
    0x0800020a   0x00000002   Code   RO         4336    .ARM.Collect$$libshutdown$$00000000  c_w.l(libshutdown.o)
    0x0800020c   0x00000000   Code   RO         4347    .ARM.Collect$$libshutdown$$00000003  c_w.l(libshutdown2.o)
    0x0800020c   0x00000000   Code   RO         4350    .ARM.Collect$$libshutdown$$00000006  c_w.l(libshutdown2.o)
    0x0800020c   0x00000000   Code   RO         4353    .ARM.Collect$$libshutdown$$00000009  c_w.l(libshutdown2.o)
    0x0800020c   0x00000000   Code   RO         4355    .ARM.Collect$$libshutdown$$0000000B  c_w.l(libshutdown2.o)
    0x0800020c   0x00000000   Code   RO         4358    .ARM.Collect$$libshutdown$$0000000E  c_w.l(libshutdown2.o)
    0x0800020c   0x00000002   Code   RO         4359    .ARM.Collect$$libshutdown$$0000000F  c_w.l(libshutdown2.o)
    0x0800020e   0x00000000   Code   RO         4219    .ARM.Collect$$rtentry$$00000000  c_w.l(__rtentry.o)
    0x0800020e   0x00000000   Code   RO         4237    .ARM.Collect$$rtentry$$00000002  c_w.l(__rtentry2.o)
    0x0800020e   0x00000006   Code   RO         4249    .ARM.Collect$$rtentry$$00000004  c_w.l(__rtentry4.o)
    0x08000214   0x00000000   Code   RO         4239    .ARM.Collect$$rtentry$$00000009  c_w.l(__rtentry2.o)
    0x08000214   0x00000004   Code   RO         4240    .ARM.Collect$$rtentry$$0000000A  c_w.l(__rtentry2.o)
    0x08000218   0x00000000   Code   RO         4242    .ARM.Collect$$rtentry$$0000000C  c_w.l(__rtentry2.o)
    0x08000218   0x00000008   Code   RO         4243    .ARM.Collect$$rtentry$$0000000D  c_w.l(__rtentry2.o)
    0x08000220   0x00000002   Code   RO         4272    .ARM.Collect$$rtexit$$00000000  c_w.l(rtexit.o)
    0x08000222   0x00000000   Code   RO         4320    .ARM.Collect$$rtexit$$00000002  c_w.l(rtexit2.o)
    0x08000222   0x00000004   Code   RO         4321    .ARM.Collect$$rtexit$$00000003  c_w.l(rtexit2.o)
    0x08000226   0x00000006   Code   RO         4322    .ARM.Collect$$rtexit$$00000004  c_w.l(rtexit2.o)
    0x0800022c   0x00000040   Code   RO          366  * .text               startup_stm32f10x_hd.o
    0x0800026c   0x00000002   Code   RO         4106    .text               c_w.l(use_no_semi_2.o)
    0x0800026e   0x00000002   PAD
    0x08000270   0x00000018   Code   RO         4110    .text               c_w.l(noretval__2printf.o)
    0x08000288   0x0000004e   Code   RO         4114    .text               c_w.l(_printf_pad.o)
    0x080002d6   0x00000052   Code   RO         4116    .text               c_w.l(_printf_str.o)
    0x08000328   0x00000078   Code   RO         4118    .text               c_w.l(_printf_dec.o)
    0x080003a0   0x00000058   Code   RO         4123    .text               c_w.l(_printf_hex_int.o)
    0x080003f8   0x00000188   Code   RO         4158    .text               c_w.l(__printf_flags_ss_wp.o)
    0x08000580   0x00000006   Code   RO         4167    .text               c_w.l(heapauxi.o)
    0x08000586   0x00000002   Code   RO         4217    .text               c_w.l(use_no_semi.o)
    0x08000588   0x000000b2   Code   RO         4220    .text               c_w.l(_printf_intcommon.o)
    0x0800063a   0x0000002c   Code   RO         4222    .text               c_w.l(_printf_char.o)
    0x08000666   0x00000002   PAD
    0x08000668   0x00000024   Code   RO         4224    .text               c_w.l(_printf_char_file.o)
    0x0800068c   0x00000030   Code   RO         4251    .text               c_w.l(_printf_char_common.o)
    0x080006bc   0x00000008   Code   RO         4253    .text               c_w.l(ferror.o)
    0x080006c4   0x0000004a   Code   RO         4257    .text               c_w.l(sys_stackheap_outer.o)
    0x0800070e   0x0000000c   Code   RO         4261    .text               c_w.l(exit.o)
    0x0800071a   0x00000002   PAD
    0x0800071c   0x00000008   Code   RO         4269    .text               c_w.l(libspace.o)
    0x08000724   0x00000016   Code   RO          412    i.ADC_Cmd           stm32f10x_adc.o
    0x0800073a   0x00000002   PAD
    0x0800073c   0x0000005c   Code   RO          414    i.ADC_DeInit        stm32f10x_adc.o
    0x08000798   0x00000014   Code   RO          420    i.ADC_GetCalibrationStatus  stm32f10x_adc.o
    0x080007ac   0x00000008   Code   RO          421    i.ADC_GetConversionValue  stm32f10x_adc.o
    0x080007b4   0x00000012   Code   RO          423    i.ADC_GetFlagStatus  stm32f10x_adc.o
    0x080007c6   0x00000014   Code   RO          426    i.ADC_GetResetCalibrationStatus  stm32f10x_adc.o
    0x080007da   0x00000002   PAD
    0x080007dc   0x00000050   Code   RO          430    i.ADC_Init          stm32f10x_adc.o
    0x0800082c   0x000000b8   Code   RO          434    i.ADC_RegularChannelConfig  stm32f10x_adc.o
    0x080008e4   0x0000000a   Code   RO          435    i.ADC_ResetCalibration  stm32f10x_adc.o
    0x080008ee   0x00000016   Code   RO          437    i.ADC_SoftwareStartConvCmd  stm32f10x_adc.o
    0x08000904   0x0000000a   Code   RO          439    i.ADC_StartCalibration  stm32f10x_adc.o
    0x0800090e   0x00000004   Code   RO          134    i.BusFault_Handler  stm32f10x_it.o
    0x08000912   0x00000002   PAD
    0x08000914   0x00000040   Code   RO         3789    i.Check_WKUP        wkup.o
    0x08000954   0x00000002   Code   RO          135    i.DebugMon_Handler  stm32f10x_it.o
    0x08000956   0x00000014   Code   RO         3790    i.EXTI0_IRQHandler  wkup.o
    0x0800096a   0x00000002   PAD
    0x0800096c   0x0000000c   Code   RO         1168    i.EXTI_ClearITPendingBit  stm32f10x_exti.o
    0x08000978   0x00000034   Code   RO         1406    i.FSMC_NORSRAMCmd   stm32f10x_fsmc.o
    0x080009ac   0x000000e6   Code   RO         1408    i.FSMC_NORSRAMInit  stm32f10x_fsmc.o
    0x08000a92   0x00000116   Code   RO         1521    i.GPIO_Init         stm32f10x_gpio.o
    0x08000ba8   0x00000004   Code   RO         1529    i.GPIO_SetBits      stm32f10x_gpio.o
    0x08000bac   0x00000034   Code   RO         3891    i.Get_Adc3          lsens.o
    0x08000be0   0x00000004   Code   RO          136    i.HardFault_Handler  stm32f10x_it.o
    0x08000be4   0x0000003a   Code   RO         3728    i.Is_Leap_Year      rtc.o
    0x08000c1e   0x0000001a   Code   RO         3525    i.LCD_BGR2RGB       lcd.o
    0x08000c38   0x0000006c   Code   RO         3526    i.LCD_Clear         lcd.o
    0x08000ca4   0x000001c0   Code   RO         3530    i.LCD_Display_Dir   lcd.o
    0x08000e64   0x000000b0   Code   RO         3531    i.LCD_DrawLine      lcd.o
    0x08000f14   0x00000024   Code   RO         3532    i.LCD_DrawPoint     lcd.o
    0x08000f38   0x0000003c   Code   RO         3533    i.LCD_DrawRectangle  lcd.o
    0x08000f74   0x00000098   Code   RO         3534    i.LCD_Draw_Circle   lcd.o
    0x0800100c   0x0000017c   Code   RO         3535    i.LCD_Fast_DrawPoint  lcd.o
    0x08001188   0x000000bc   Code   RO         3536    i.LCD_Fill          lcd.o
    0x08001244   0x00003774   Code   RO         3537    i.LCD_Init          lcd.o
    0x080049b8   0x00000016   Code   RO         3538    i.LCD_Pow           lcd.o
    0x080049ce   0x00000002   PAD
    0x080049d0   0x00000014   Code   RO         3539    i.LCD_RD_DATA       lcd.o
    0x080049e4   0x0000016c   Code   RO         3540    i.LCD_ReadPoint     lcd.o
    0x08004b50   0x00000016   Code   RO         3541    i.LCD_ReadReg       lcd.o
    0x08004b66   0x00000002   PAD
    0x08004b68   0x00000054   Code   RO         3542    i.LCD_SSD_BackLightSet  lcd.o
    0x08004bbc   0x000002ec   Code   RO         3543    i.LCD_Scan_Dir      lcd.o
    0x08004ea8   0x000001a8   Code   RO         3544    i.LCD_SetCursor     lcd.o
    0x08005050   0x00000128   Code   RO         3546    i.LCD_ShowChar      lcd.o
    0x08005178   0x00000094   Code   RO         3547    i.LCD_ShowNum       lcd.o
    0x0800520c   0x00000066   Code   RO         3548    i.LCD_ShowString    lcd.o
    0x08005272   0x000000be   Code   RO         3549    i.LCD_ShowxNum      lcd.o
    0x08005330   0x0000000c   Code   RO         3550    i.LCD_WR_DATA       lcd.o
    0x0800533c   0x0000000c   Code   RO         3551    i.LCD_WR_REG        lcd.o
    0x08005348   0x00000014   Code   RO         3553    i.LCD_WriteRAM_Prepare  lcd.o
    0x0800535c   0x00000010   Code   RO         3554    i.LCD_WriteReg      lcd.o
    0x0800536c   0x0000004c   Code   RO         3337    i.LED_Init          led.o
    0x080053b8   0x0000003c   Code   RO         3892    i.Lsens_Get_Val     lsens.o
    0x080053f4   0x000000a0   Code   RO         3893    i.Lsens_Init        lsens.o
    0x08005494   0x00000004   Code   RO          137    i.MemManage_Handler  stm32f10x_it.o
    0x08005498   0x00000002   Code   RO          138    i.NMI_Handler       stm32f10x_it.o
    0x0800549a   0x00000002   PAD
    0x0800549c   0x00000070   Code   RO          370    i.NVIC_Init         misc.o
    0x0800550c   0x00000014   Code   RO          371    i.NVIC_PriorityGroupConfig  misc.o
    0x08005520   0x00000034   Code   RO         1878    i.PWR_EnterSTANDBYMode  stm32f10x_pwr.o
    0x08005554   0x0000000c   Code   RO         1883    i.PWR_WakeUpPinCmd  stm32f10x_pwr.o
    0x08005560   0x00000002   Code   RO          139    i.PendSV_Handler    stm32f10x_it.o
    0x08005562   0x00000002   PAD
    0x08005564   0x00000020   Code   RO         1936    i.RCC_AHBPeriphClockCmd  stm32f10x_rcc.o
    0x08005584   0x00000020   Code   RO         1937    i.RCC_APB1PeriphClockCmd  stm32f10x_rcc.o
    0x080055a4   0x00000020   Code   RO         1939    i.RCC_APB2PeriphClockCmd  stm32f10x_rcc.o
    0x080055c4   0x00000020   Code   RO         1940    i.RCC_APB2PeriphResetCmd  stm32f10x_rcc.o
    0x080055e4   0x000000d4   Code   RO         1947    i.RCC_GetClocksFreq  stm32f10x_rcc.o
    0x080056b8   0x00000010   Code   RO         2136    i.RTC_ClearITPendingBit  stm32f10x_rtc.o
    0x080056c8   0x00000100   Code   RO         3730    i.RTC_Get           rtc.o
    0x080057c8   0x00000014   Code   RO         2139    i.RTC_GetCounter    stm32f10x_rtc.o
    0x080057dc   0x00000024   Code   RO         2142    i.RTC_GetITStatus   stm32f10x_rtc.o
    0x08005800   0x00000078   Code   RO         3731    i.RTC_Get_Week      rtc.o
    0x08005878   0x00000070   Code   RO         3732    i.RTC_IRQHandler    rtc.o
    0x080058e8   0x00000014   Code   RO         2147    i.RTC_WaitForLastTask  stm32f10x_rtc.o
    0x080058fc   0x00000002   Code   RO          140    i.SVC_Handler       stm32f10x_it.o
    0x080058fe   0x00000008   Code   RO          223    i.SetSysClock       system_stm32f10x.o
    0x08005906   0x00000002   PAD
    0x08005908   0x000000e0   Code   RO          224    i.SetSysClockTo72   system_stm32f10x.o
    0x080059e8   0x00000028   Code   RO          374    i.SysTick_CLKSourceConfig  misc.o
    0x08005a10   0x00000002   Code   RO          141    i.SysTick_Handler   stm32f10x_it.o
    0x08005a12   0x00000012   Code   RO         3791    i.Sys_Enter_Standby  wkup.o
    0x08005a24   0x00000016   Code   RO         3792    i.Sys_Standby       wkup.o
    0x08005a3a   0x00000002   PAD
    0x08005a3c   0x00000060   Code   RO          226    i.SystemInit        system_stm32f10x.o
    0x08005a9c   0x00000030   Code   RO         3431    i.TIM3_IRQHandler   time.o
    0x08005acc   0x00000038   Code   RO         3936    i.TIM4_IRQHandler   usmart.o
    0x08005b04   0x000000bc   Code   RO         3435    i.TIM5_IRQHandler   time.o
    0x08005bc0   0x00000006   Code   RO         2565    i.TIM_ClearFlag     stm32f10x_tim.o
    0x08005bc6   0x00000006   Code   RO         2566    i.TIM_ClearITPendingBit  stm32f10x_tim.o
    0x08005bcc   0x00000018   Code   RO         2571    i.TIM_Cmd           stm32f10x_tim.o
    0x08005be4   0x00000006   Code   RO         2586    i.TIM_GetCapture1   stm32f10x_tim.o
    0x08005bea   0x00000006   Code   RO         2590    i.TIM_GetCounter    stm32f10x_tim.o
    0x08005bf0   0x00000012   Code   RO         2591    i.TIM_GetFlagStatus  stm32f10x_tim.o
    0x08005c02   0x00000022   Code   RO         2592    i.TIM_GetITStatus   stm32f10x_tim.o
    0x08005c24   0x00000012   Code   RO         2596    i.TIM_ITConfig      stm32f10x_tim.o
    0x08005c36   0x00000012   Code   RO         2602    i.TIM_OC1PolarityConfig  stm32f10x_tim.o
    0x08005c48   0x00000004   Code   RO         2630    i.TIM_SetAutoreload  stm32f10x_tim.o
    0x08005c4c   0x00000004   Code   RO         2636    i.TIM_SetCounter    stm32f10x_tim.o
    0x08005c50   0x000000a4   Code   RO         2642    i.TIM_TimeBaseInit  stm32f10x_tim.o
    0x08005cf4   0x0000005c   Code   RO         3937    i.Timer4_Init       usmart.o
    0x08005d50   0x00000088   Code   RO          312    i.USART1_IRQHandler  usart.o
    0x08005dd8   0x00000018   Code   RO         3107    i.USART_Cmd         stm32f10x_usart.o
    0x08005df0   0x00000054   Code   RO         3111    i.USART_GetITStatus  stm32f10x_usart.o
    0x08005e44   0x0000004a   Code   RO         3113    i.USART_ITConfig    stm32f10x_usart.o
    0x08005e8e   0x00000002   PAD
    0x08005e90   0x000000d8   Code   RO         3114    i.USART_Init        stm32f10x_usart.o
    0x08005f68   0x0000000a   Code   RO         3121    i.USART_ReceiveData  stm32f10x_usart.o
    0x08005f72   0x00000004   Code   RO          142    i.UsageFault_Handler  stm32f10x_it.o
    0x08005f76   0x00000002   PAD
    0x08005f78   0x0000000c   Code   RO         3283    i.WWDG_ClearFlag    stm32f10x_wwdg.o
    0x08005f84   0x0000001c   Code   RO         3385    i.WWDG_IRQHandler   wdg.o
    0x08005fa0   0x0000000e   Code   RO         4151    i._is_digit         c_w.l(__printf_wp.o)
    0x08005fae   0x00000006   Code   RO          313    i._sys_exit         usart.o
    0x08005fb4   0x00000044   Code   RO          257    i.delay_init        delay.o
    0x08005ff8   0x0000004c   Code   RO          258    i.delay_ms          delay.o
    0x08006044   0x0000004c   Code   RO          259    i.delay_us          delay.o
    0x08006090   0x0000001c   Code   RO          314    i.fputc             usart.o
    0x080060ac   0x00000114   Code   RO            1    i.main              main.o
    0x080061c0   0x0000000e   Code   RO         3555    i.opt_delay         lcd.o
    0x080061ce   0x00000006   Code   RO         3938    i.read_addr         usmart.o
    0x080061d4   0x000000a0   Code   RO          315    i.uart_init         usart.o
    0x08006274   0x000000b0   Code   RO         3939    i.usmart_cmd_rec    usmart.o
    0x08006324   0x000002d4   Code   RO         3940    i.usmart_exe        usmart.o
    0x080065f8   0x000000c8   Code   RO         4032    i.usmart_get_aparm  usmart_str.o
    0x080066c0   0x00000036   Code   RO         4033    i.usmart_get_cmdname  usmart_str.o
    0x080066f6   0x00000002   PAD
    0x080066f8   0x000001c0   Code   RO         4034    i.usmart_get_fname  usmart_str.o
    0x080068b8   0x0000010c   Code   RO         4035    i.usmart_get_fparam  usmart_str.o
    0x080069c4   0x00000020   Code   RO         4036    i.usmart_get_parmpos  usmart_str.o
    0x080069e4   0x00000044   Code   RO         3941    i.usmart_get_runtime  usmart.o
    0x08006a28   0x00000028   Code   RO         3942    i.usmart_init       usmart.o
    0x08006a50   0x00000016   Code   RO         4037    i.usmart_pow        usmart_str.o
    0x08006a66   0x00000002   PAD
    0x08006a68   0x00000030   Code   RO         3943    i.usmart_reset_runtime  usmart.o
    0x08006a98   0x000000bc   Code   RO         3944    i.usmart_scan       usmart.o
    0x08006b54   0x00000016   Code   RO         4038    i.usmart_search_nextc  usmart_str.o
    0x08006b6a   0x000000ca   Code   RO         4039    i.usmart_str2num    usmart_str.o
    0x08006c34   0x00000022   Code   RO         4040    i.usmart_strcmp     usmart_str.o
    0x08006c56   0x00000016   Code   RO         4041    i.usmart_strcopy    usmart_str.o
    0x08006c6c   0x00000018   Code   RO         4042    i.usmart_strlen     usmart_str.o
    0x08006c84   0x000006e4   Code   RO         3945    i.usmart_sys_cmd_exe  usmart.o
    0x08007368   0x00000004   Code   RO         3946    i.write_addr        usmart.o
    0x0800736c   0x0000005a   Code   RO         4187    x$fpl$dfixu         fz_ws.l(dfixu.o)
    0x080073c6   0x00000026   Code   RO         4191    x$fpl$dfltu         fz_ws.l(dflt_clz.o)
    0x080073ec   0x00000154   Code   RO         4197    x$fpl$dmul          fz_ws.l(dmul.o)
    0x08007540   0x0000009c   Code   RO         4227    x$fpl$dnaninf       fz_ws.l(dnaninf.o)
    0x080075dc   0x0000000c   Code   RO         4229    x$fpl$dretinf       fz_ws.l(dretinf.o)
    0x080075e8   0x00000000   Code   RO         4235    x$fpl$usenofp       fz_ws.l(usenofp.o)
    0x080075e8   0x000017c0   Data   RO         3557    .constdata          lcd.o
    0x08008da8   0x00000018   Data   RO         3737    .constdata          rtc.o
    0x08008dc0   0x00000028   Data   RO         4124    .constdata          c_w.l(_printf_hex_int.o)
    0x08008de8   0x00000011   Data   RO         4159    .constdata          c_w.l(__printf_flags_ss_wp.o)
    0x08008df9   0x00000003   PAD
    0x08008dfc   0x00000028   Data   RO         3947    .conststring        usmart.o
    0x08008e24   0x000001f7   Data   RO         4019    .conststring        usmart_config.o
    0x0800901b   0x00000001   PAD
    0x0800901c   0x00000020   Data   RO         4391    Region$$Table       anon$$obj.o


    Execution Region ER_RW (Base: 0x20000000, Size: 0x000001ac, Max: 0xffffffff, ABSOLUTE, COMPRESSED[0x0000009c])

    Base Addr    Size         Type   Attr      Idx    E Section Name        Object

    0x20000000   0x00000014   Data   RW          227    .data               system_stm32f10x.o
    0x20000014   0x00000004   Data   RW          260    .data               delay.o
    0x20000018   0x00000006   Data   RW          317    .data               usart.o
    0x2000001e   0x00000014   Data   RW         1967    .data               stm32f10x_rcc.o
    0x20000032   0x00000004   Data   RW         3436    .data               time.o
    0x20000036   0x00000004   Data   RW         3558    .data               lcd.o
    0x2000003a   0x00000002   Data   RW         3738    .data               rtc.o
    0x2000003c   0x0000001c   Data   RW         3948    .data               usmart.o
    0x20000058   0x00000154   Data   RW         4020    .data               usmart_config.o


    Execution Region ER_ZI (Base: 0x200001ac, Size: 0x00000744, Max: 0xffffffff, ABSOLUTE)

    Base Addr    Size         Type   Attr      Idx    E Section Name        Object

    0x200001ac   0x000000c8   Zero   RW          316    .bss                usart.o
    0x20000274   0x0000000e   Zero   RW         3556    .bss                lcd.o
    0x20000282   0x0000000a   Zero   RW         3736    .bss                rtc.o
    0x2000028c   0x00000060   Zero   RW         4270    .bss                c_w.l(libspace.o)
    0x200002ec   0x00000004   PAD
    0x200002f0   0x00000200   Zero   RW          364    HEAP                startup_stm32f10x_hd.o
    0x200004f0   0x00000400   Zero   RW          363    STACK               startup_stm32f10x_hd.o


==============================================================================

Image component sizes


      Code (inc. data)   RO Data    RW Data    ZI Data      Debug   Object Name

       220         26          0          4          0       1727   delay.o
     18264        206       6080          4         14      27980   lcd.o
        76          8          0          0          0        507   led.o
       272         16          0          0          0       1732   lsens.o
       276         76          0          0          0     270355   main.o
       172         22          0          0          0       2081   misc.o
       546         56         24          2         10       3577   rtc.o
        64         26        304          0       1536        796   startup_stm32f10x_hd.o
       486         24          0          0          0       8586   stm32f10x_adc.o
        12          6          0          0          0        529   stm32f10x_exti.o
       282          6          0          0          0       1833   stm32f10x_fsmc.o
       282          0          0          0          0       2503   stm32f10x_gpio.o
        26          0          0          0          0       3758   stm32f10x_it.o
        64         16          0          0          0       1006   stm32f10x_pwr.o
       340         44          0         20          0       5619   stm32f10x_rcc.o
        92         16          0          0          0       2085   stm32f10x_rtc.o
       308         42          0          0          0       7466   stm32f10x_tim.o
       408          6          0          0          0       4978   stm32f10x_usart.o
        12          4          0          0          0        473   stm32f10x_wwdg.o
         0          0          0          0          0         32   sys.o
       328         28          0         20          0       2117   system_stm32f10x.o
       236         22          0          4          0       1350   time.o
       330         26          0          6        200       4156   usart.o
      3166       1330         40         28          0       7594   usmart.o
         0          0        503        340          0       1596   usmart_config.o
      1328         20          0          0          0       8369   usmart_str.o
        28          4          0          0          0        466   wdg.o
       124         10          0          0          0       1970   wkup.o

    ----------------------------------------------------------------------
     27770       2040       6984        428       1760     375241   Object Totals
         0          0         32          0          0          0   (incl. Generated)
        28          0          1          0          0          0   (incl. Padding)

    ----------------------------------------------------------------------

      Code (inc. data)   RO Data    RW Data    ZI Data      Debug   Library Member Name

        90          0          0          0          0          0   __dczerorl2.o
         8          0          0          0          0         68   __main.o
       392          4         17          0          0         92   __printf_flags_ss_wp.o
        14          0          0          0          0         68   __printf_wp.o
         0          0          0          0          0          0   __rtentry.o
        12          0          0          0          0          0   __rtentry2.o
         6          0          0          0          0          0   __rtentry4.o
        52          8          0          0          0          0   __scatter.o
        28          0          0          0          0          0   __scatter_zi.o
         6          0          0          0          0          0   _printf_c.o
        44          0          0          0          0        108   _printf_char.o
        48          6          0          0          0         96   _printf_char_common.o
        36          4          0          0          0         80   _printf_char_file.o
         6          0          0          0          0          0   _printf_d.o
       120         16          0          0          0         92   _printf_dec.o
        88          4         40          0          0         88   _printf_hex_int.o
       178          0          0          0          0         88   _printf_intcommon.o
        78          0          0          0          0        108   _printf_pad.o
         0          0          0          0          0          0   _printf_percent.o
         4          0          0          0          0          0   _printf_percent_end.o
         6          0          0          0          0          0   _printf_s.o
        82          0          0          0          0         80   _printf_str.o
         6          0          0          0          0          0   _printf_u.o
         6          0          0          0          0          0   _printf_x.o
        12          0          0          0          0         72   exit.o
         8          0          0          0          0         68   ferror.o
         6          0          0          0          0        152   heapauxi.o
         2          0          0          0          0          0   libinit.o
         2          0          0          0          0          0   libinit2.o
         2          0          0          0          0          0   libshutdown.o
         2          0          0          0          0          0   libshutdown2.o
         8          4          0          0         96         68   libspace.o
        24          4          0          0          0         84   noretval__2printf.o
         2          0          0          0          0          0   rtexit.o
        10          0          0          0          0          0   rtexit2.o
        74          0          0          0          0         80   sys_stackheap_outer.o
         2          0          0          0          0         68   use_no_semi.o
         2          0          0          0          0         68   use_no_semi_2.o
        90          4          0          0          0         92   dfixu.o
        38          0          0          0          0         68   dflt_clz.o
       340         12          0          0          0        104   dmul.o
       156          4          0          0          0         92   dnaninf.o
        12          0          0          0          0         68   dretinf.o
         0          0          0          0          0          0   usenofp.o

    ----------------------------------------------------------------------
      2110         70         60          0        100       2052   Library Totals
         8          0          3          0          4          0   (incl. Padding)

    ----------------------------------------------------------------------

      Code (inc. data)   RO Data    RW Data    ZI Data      Debug   Library Name

      1466         50         57          0         96       1628   c_w.l
       636         20          0          0          0        424   fz_ws.l

    ----------------------------------------------------------------------
      2110         70         60          0        100       2052   Library Totals

    ----------------------------------------------------------------------

==============================================================================


      Code (inc. data)   RO Data    RW Data    ZI Data      Debug   

     29880       2110       7044        428       1860     369749   Grand Totals
     29880       2110       7044        156       1860     369749   ELF Image Totals (compressed)
     29880       2110       7044        156          0          0   ROM Totals

==============================================================================

    Total RO  Size (Code + RO Data)                36924 (  36.06kB)
    Total RW  Size (RW Data + ZI Data)              2288 (   2.23kB)
    Total ROM Size (Code + RO Data + RW Data)      37080 (  36.21kB)

==============================================================================

